Archive member included to satisfy reference by file (symbol)

C:/ST/STM32CubeIDE_1.13.1/STM32CubeIDE/plugins/com.st.stm32cube.ide.mcu.externaltools.gnu-tools-for-stm32.11.3.rel1.win32_1.1.0.202305231506/tools/bin/../lib/gcc/arm-none-eabi/11.3.1/../../../../arm-none-eabi/lib/thumb/v8-m.main+fp/hard\libc_nano.a(libc_a-exit.o)
                              C:/ST/STM32CubeIDE_1.13.1/STM32CubeIDE/plugins/com.st.stm32cube.ide.mcu.externaltools.gnu-tools-for-stm32.11.3.rel1.win32_1.1.0.202305231506/tools/bin/../lib/gcc/arm-none-eabi/11.3.1/../../../../arm-none-eabi/lib/thumb/v8-m.main+fp/hard/crt0.o (exit)
C:/ST/STM32CubeIDE_1.13.1/STM32CubeIDE/plugins/com.st.stm32cube.ide.mcu.externaltools.gnu-tools-for-stm32.11.3.rel1.win32_1.1.0.202305231506/tools/bin/../lib/gcc/arm-none-eabi/11.3.1/../../../../arm-none-eabi/lib/thumb/v8-m.main+fp/hard\libc_nano.a(libc_a-findfp.o)
                              C:/ST/STM32CubeIDE_1.13.1/STM32CubeIDE/plugins/com.st.stm32cube.ide.mcu.externaltools.gnu-tools-for-stm32.11.3.rel1.win32_1.1.0.202305231506/tools/bin/../lib/gcc/arm-none-eabi/11.3.1/../../../../arm-none-eabi/lib/thumb/v8-m.main+fp/hard\libc_nano.a(libc_a-exit.o) (__stdio_exit_handler)
C:/ST/STM32CubeIDE_1.13.1/STM32CubeIDE/plugins/com.st.stm32cube.ide.mcu.externaltools.gnu-tools-for-stm32.11.3.rel1.win32_1.1.0.202305231506/tools/bin/../lib/gcc/arm-none-eabi/11.3.1/../../../../arm-none-eabi/lib/thumb/v8-m.main+fp/hard\libc_nano.a(libc_a-fwalk.o)
                              C:/ST/STM32CubeIDE_1.13.1/STM32CubeIDE/plugins/com.st.stm32cube.ide.mcu.externaltools.gnu-tools-for-stm32.11.3.rel1.win32_1.1.0.202305231506/tools/bin/../lib/gcc/arm-none-eabi/11.3.1/../../../../arm-none-eabi/lib/thumb/v8-m.main+fp/hard\libc_nano.a(libc_a-findfp.o) (_fwalk_sglue)
C:/ST/STM32CubeIDE_1.13.1/STM32CubeIDE/plugins/com.st.stm32cube.ide.mcu.externaltools.gnu-tools-for-stm32.11.3.rel1.win32_1.1.0.202305231506/tools/bin/../lib/gcc/arm-none-eabi/11.3.1/../../../../arm-none-eabi/lib/thumb/v8-m.main+fp/hard\libc_nano.a(libc_a-stdio.o)
                              C:/ST/STM32CubeIDE_1.13.1/STM32CubeIDE/plugins/com.st.stm32cube.ide.mcu.externaltools.gnu-tools-for-stm32.11.3.rel1.win32_1.1.0.202305231506/tools/bin/../lib/gcc/arm-none-eabi/11.3.1/../../../../arm-none-eabi/lib/thumb/v8-m.main+fp/hard\libc_nano.a(libc_a-findfp.o) (__sread)
C:/ST/STM32CubeIDE_1.13.1/STM32CubeIDE/plugins/com.st.stm32cube.ide.mcu.externaltools.gnu-tools-for-stm32.11.3.rel1.win32_1.1.0.202305231506/tools/bin/../lib/gcc/arm-none-eabi/11.3.1/../../../../arm-none-eabi/lib/thumb/v8-m.main+fp/hard\libc_nano.a(libc_a-memset.o)
                              C:/ST/STM32CubeIDE_1.13.1/STM32CubeIDE/plugins/com.st.stm32cube.ide.mcu.externaltools.gnu-tools-for-stm32.11.3.rel1.win32_1.1.0.202305231506/tools/bin/../lib/gcc/arm-none-eabi/11.3.1/../../../../arm-none-eabi/lib/thumb/v8-m.main+fp/hard/crt0.o (memset)
C:/ST/STM32CubeIDE_1.13.1/STM32CubeIDE/plugins/com.st.stm32cube.ide.mcu.externaltools.gnu-tools-for-stm32.11.3.rel1.win32_1.1.0.202305231506/tools/bin/../lib/gcc/arm-none-eabi/11.3.1/../../../../arm-none-eabi/lib/thumb/v8-m.main+fp/hard\libc_nano.a(libc_a-closer.o)
                              C:/ST/STM32CubeIDE_1.13.1/STM32CubeIDE/plugins/com.st.stm32cube.ide.mcu.externaltools.gnu-tools-for-stm32.11.3.rel1.win32_1.1.0.202305231506/tools/bin/../lib/gcc/arm-none-eabi/11.3.1/../../../../arm-none-eabi/lib/thumb/v8-m.main+fp/hard\libc_nano.a(libc_a-stdio.o) (_close_r)
C:/ST/STM32CubeIDE_1.13.1/STM32CubeIDE/plugins/com.st.stm32cube.ide.mcu.externaltools.gnu-tools-for-stm32.11.3.rel1.win32_1.1.0.202305231506/tools/bin/../lib/gcc/arm-none-eabi/11.3.1/../../../../arm-none-eabi/lib/thumb/v8-m.main+fp/hard\libc_nano.a(libc_a-reent.o)
                              C:/ST/STM32CubeIDE_1.13.1/STM32CubeIDE/plugins/com.st.stm32cube.ide.mcu.externaltools.gnu-tools-for-stm32.11.3.rel1.win32_1.1.0.202305231506/tools/bin/../lib/gcc/arm-none-eabi/11.3.1/../../../../arm-none-eabi/lib/thumb/v8-m.main+fp/hard\libc_nano.a(libc_a-closer.o) (errno)
C:/ST/STM32CubeIDE_1.13.1/STM32CubeIDE/plugins/com.st.stm32cube.ide.mcu.externaltools.gnu-tools-for-stm32.11.3.rel1.win32_1.1.0.202305231506/tools/bin/../lib/gcc/arm-none-eabi/11.3.1/../../../../arm-none-eabi/lib/thumb/v8-m.main+fp/hard\libc_nano.a(libc_a-impure.o)
                              C:/ST/STM32CubeIDE_1.13.1/STM32CubeIDE/plugins/com.st.stm32cube.ide.mcu.externaltools.gnu-tools-for-stm32.11.3.rel1.win32_1.1.0.202305231506/tools/bin/../lib/gcc/arm-none-eabi/11.3.1/../../../../arm-none-eabi/lib/thumb/v8-m.main+fp/hard\libc_nano.a(libc_a-reent.o) (_impure_ptr)
C:/ST/STM32CubeIDE_1.13.1/STM32CubeIDE/plugins/com.st.stm32cube.ide.mcu.externaltools.gnu-tools-for-stm32.11.3.rel1.win32_1.1.0.202305231506/tools/bin/../lib/gcc/arm-none-eabi/11.3.1/../../../../arm-none-eabi/lib/thumb/v8-m.main+fp/hard\libc_nano.a(libc_a-lseekr.o)
[...]
Memory Configuration

Name             Origin             Length             Attributes
RAM              0x0000000020000000 0x00000000000c0000 xrw
SRAM4            0x0000000028000000 0x0000000000004000 xrw
FLASH            0x0000000008000000 0x0000000000200000 xr
*default*        0x0000000000000000 0xffffffffffffffff

Linker script and memory map

LOAD C:/ST/STM32CubeIDE_1.13.1/STM32CubeIDE/plugins/com.st.stm32cube.ide.mcu.externaltools.gnu-tools-for-stm32.11.3.rel1.win32_1.1.0.202305231506/tools/bin/../lib/gcc/arm-none-eabi/11.3.1/thumb/v8-m.main+fp/hard/crti.o
LOAD C:/ST/STM32CubeIDE_1.13.1/STM32CubeIDE/plugins/com.st.stm32cube.ide.mcu.externaltools.gnu-tools-for-stm32.11.3.rel1.win32_1.1.0.202305231506/tools/bin/../lib/gcc/arm-none-eabi/11.3.1/thumb/v8-m.main+fp/hard/crtbegin.o
LOAD C:/ST/STM32CubeIDE_1.13.1/STM32CubeIDE/plugins/com.st.stm32cube.ide.mcu.externaltools.gnu-tools-for-stm32.11.3.rel1.win32_1.1.0.202305231506/tools/bin/../lib/gcc/arm-none-eabi/11.3.1/../../../../arm-none-eabi/lib/thumb/v8-m.main+fp/hard/crt0.o
LOAD ./Core/Src/linked_list.o
LOAD ./Core/Src/main.o
LOAD ./Core/Src/stm32_lcd.o
LOAD ./Core/Src/stm32u5xx_hal_msp.o
LOAD ./Core/Src/stm32u5xx_it.o
LOAD ./Core/Src/syscalls.o
LOAD ./Core/Src/sysmem.o
LOAD ./Core/Src/system_stm32u5xx.o
LOAD ./Core/Startup/startup_stm32u575aiixq.o
LOAD ./Drivers/BSP/Components/cs42l51/cs42l51.o
LOAD ./Drivers/BSP/Components/cs42l51/cs42l51_reg.o
LOAD ./Drivers/BSP/Components/hx8347i/hx8347i.o
LOAD ./Drivers/BSP/Components/hx8347i/hx8347i_reg.o
LOAD ./Drivers/BSP/Components/lsm6dso/lsm6dso.o
LOAD ./Drivers/BSP/Components/lsm6dso/lsm6dso_reg.o
LOAD ./Drivers/BSP/Components/m24256/m24256.o
LOAD ./Drivers/BSP/Components/mfxstm32l152/mfxstm32l152.o
LOAD ./Drivers/BSP/Components/mfxstm32l152/mfxstm32l152_reg.o
LOAD ./Drivers/BSP/Components/ov5640/ov5640.o
LOAD ./Drivers/BSP/Components/ov5640/ov5640_reg.o
LOAD ./Drivers/BSP/Components/tcpp0203/tcpp0203.o
LOAD ./Drivers/BSP/Components/tcpp0203/tcpp0203_reg.o
LOAD ./Drivers/BSP/STM32U575I-EV/stm32u575i_eval.o
LOAD ./Drivers/BSP/STM32U575I-EV/stm32u575i_eval_bus.o
LOAD ./Drivers/BSP/STM32U575I-EV/stm32u575i_eval_eeprom.o
LOAD ./Drivers/BSP/STM32U575I-EV/stm32u575i_eval_io.o
LOAD ./Drivers/BSP/STM32U575I-EV/stm32u575i_eval_lcd.o
LOAD ./Drivers/BSP/STM32U575I-EV/stm32u575i_eval_sram.o
LOAD ./Drivers/STM32U5xx_HAL_Driver/Src/stm32u5xx_hal.o
LOAD ./Drivers/STM32U5xx_HAL_Driver/Src/stm32u5xx_hal_cortex.o
LOAD ./Drivers/STM32U5xx_HAL_Driver/Src/stm32u5xx_hal_dcmi.o
LOAD ./Drivers/STM32U5xx_HAL_Driver/Src/stm32u5xx_hal_dma.o
LOAD ./Drivers/STM32U5xx_HAL_Driver/Src/stm32u5xx_hal_dma_ex.o
LOAD ./Drivers/STM32U5xx_HAL_Driver/Src/stm32u5xx_hal_exti.o
LOAD ./Drivers/STM32U5xx_HAL_Driver/Src/stm32u5xx_hal_flash.o
LOAD ./Drivers/STM32U5xx_HAL_Driver/Src/stm32u5xx_hal_flash_ex.o
LOAD ./Drivers/STM32U5xx_HAL_Driver/Src/stm32u5xx_hal_gpio.o
LOAD ./Drivers/STM32U5xx_HAL_Driver/Src/stm32u5xx_hal_gtzc.o
LOAD ./Drivers/STM32U5xx_HAL_Driver/Src/stm32u5xx_hal_i2c.o
LOAD ./Drivers/STM32U5xx_HAL_Driver/Src/stm32u5xx_hal_i2c_ex.o
LOAD ./Drivers/STM32U5xx_HAL_Driver/Src/stm32u5xx_hal_icache.o
LOAD ./Drivers/STM32U5xx_HAL_Driver/Src/stm32u5xx_hal_pwr.o
LOAD ./Drivers/STM32U5xx_HAL_Driver/Src/stm32u5xx_hal_pwr_ex.o
LOAD ./Drivers/STM32U5xx_HAL_Driver/Src/stm32u5xx_hal_rcc.o
LOAD ./Drivers/STM32U5xx_HAL_Driver/Src/stm32u5xx_hal_rcc_ex.o
LOAD ./Drivers/STM32U5xx_HAL_Driver/Src/stm32u5xx_hal_sram.o
LOAD ./Drivers/STM32U5xx_HAL_Driver/Src/stm32u5xx_hal_tim.o
LOAD ./Drivers/STM32U5xx_HAL_Driver/Src/stm32u5xx_hal_tim_ex.o
LOAD ./Drivers/STM32U5xx_HAL_Driver/Src/stm32u5xx_ll_fmc.o
START GROUP
LOAD C:/ST/STM32CubeIDE_1.13.1/STM32CubeIDE/plugins/com.st.stm32cube.ide.mcu.externaltools.gnu-tools-for-stm32.11.3.rel1.win32_1.1.0.202305231506/tools/bin/../lib/gcc/arm-none-eabi/11.3.1/../../../../arm-none-eabi/lib/thumb/v8-m.main+fp/hard\libc_nano.a
LOAD C:/ST/STM32CubeIDE_1.13.1/STM32CubeIDE/plugins/com.st.stm32cube.ide.mcu.externaltools.gnu-tools-for-stm32.11.3.rel1.win32_1.1.0.202305231506/tools/bin/../lib/gcc/arm-none-eabi/11.3.1/../../../../arm-none-eabi/lib/thumb/v8-m.main+fp/hard\libm.a
END GROUP
START GROUP
LOAD C:/ST/STM32CubeIDE_1.13.1/STM32CubeIDE/plugins/com.st.stm32cube.ide.mcu.externaltools.gnu-tools-for-stm32.11.3.rel1.win32_1.1.0.202305231506/tools/bin/../lib/gcc/arm-none-eabi/11.3.1/thumb/v8-m.main+fp/hard\libgcc.a
LOAD C:/ST/STM32CubeIDE_1.13.1/STM32CubeIDE/plugins/com.st.stm32cube.ide.mcu.externaltools.gnu-tools-for-stm32.11.3.rel1.win32_1.1.0.202305231506/tools/bin/../lib/gcc/arm-none-eabi/11.3.1/../../../../arm-none-eabi/lib/thumb/v8-m.main+fp/hard\libc_nano.a
END GROUP
START GROUP
LOAD C:/ST/STM32CubeIDE_1.13.1/STM32CubeIDE/plugins/com.st.stm32cube.ide.mcu.externaltools.gnu-tools-for-stm32.11.3.rel1.win32_1.1.0.202305231506/tools/bin/../lib/gcc/arm-none-eabi/11.3.1/thumb/v8-m.main+fp/hard\libgcc.a
LOAD C:/ST/STM32CubeIDE_1.13.1/STM32CubeIDE/plugins/com.st.stm32cube.ide.mcu.externaltools.gnu-tools-for-stm32.11.3.rel1.win32_1.1.0.202305231506/tools/bin/../lib/gcc/arm-none-eabi/11.3.1/../../../../arm-none-eabi/lib/thumb/v8-m.main+fp/hard\libc_nano.a
LOAD C:/ST/STM32CubeIDE_1.13.1/STM32CubeIDE/plugins/com.st.stm32cube.ide.mcu.externaltools.gnu-tools-for-stm32.11.3.rel1.win32_1.1.0.202305231506/tools/bin/../lib/gcc/arm-none-eabi/11.3.1/../../../../arm-none-eabi/lib/thumb/v8-m.main+fp/hard\libnosys.a
END GROUP
START GROUP
LOAD C:/ST/STM32CubeIDE_1.13.1/STM32CubeIDE/plugins/com.st.stm32cube.ide.mcu.externaltools.gnu-tools-for-stm32.11.3.rel1.win32_1.1.0.202305231506/tools/bin/../lib/gcc/arm-none-eabi/11.3.1/thumb/v8-m.main+fp/hard\libgcc.a
LOAD C:/ST/STM32CubeIDE_1.13.1/STM32CubeIDE/plugins/com.st.stm32cube.ide.mcu.externaltools.gnu-tools-for-stm32.11.3.rel1.win32_1.1.0.202305231506/tools/bin/../lib/gcc/arm-none-eabi/11.3.1/../../../../arm-none-eabi/lib/thumb/v8-m.main+fp/hard\libc_nano.a
LOAD C:/ST/STM32CubeIDE_1.13.1/STM32CubeIDE/plugins/com.st.stm32cube.ide.mcu.externaltools.gnu-tools-for-stm32.11.3.rel1.win32_1.1.0.202305231506/tools/bin/../lib/gcc/arm-none-eabi/11.3.1/../../../../arm-none-eabi/lib/thumb/v8-m.main+fp/hard\libnosys.a
END GROUP
LOAD C:/ST/STM32CubeIDE_1.13.1/STM32CubeIDE/plugins/com.st.stm32cube.ide.mcu.externaltools.gnu-tools-for-stm32.11.3.rel1.win32_1.1.0.202305231506/tools/bin/../lib/gcc/arm-none-eabi/11.3.1/thumb/v8-m.main+fp/hard/crtend.o
LOAD C:/ST/STM32CubeIDE_1.13.1/STM32CubeIDE/plugins/com.st.stm32cube.ide.mcu.externaltools.gnu-tools-for-stm32.11.3.rel1.win32_1.1.0.202305231506/tools/bin/../lib/gcc/arm-none-eabi/11.3.1/thumb/v8-m.main+fp/hard/crtn.o
                0x00000000200c0000                _estack = (ORIGIN (RAM) + LENGTH (RAM))
                0x0000000000000200                _Min_Heap_Size = 0x200
                0x0000000000000400                _Min_Stack_Size = 0x400

.isr_vector     0x0000000008000000      0x238
 *(.isr_vector)
 .isr_vector    0x0000000008000000      0x238 ./Core/Startup/startup_stm32u575aiixq.o
                0x0000000008000000                g_pfnVectors

.text           0x0000000008000238     0xbac0
 *(.text)
 .text          0x0000000008000238       0x40 C:/ST/STM32CubeIDE_1.13.1/STM32CubeIDE/plugins/com.st.stm32cube.ide.mcu.externaltools.gnu-tools-for-stm32.11.3.rel1.win32_1.1.0.202305231506/tools/bin/../lib/gcc/arm-none-eabi/11.3.1/thumb/v8-m.main+fp/hard/crtbegin.o
 .text          0x0000000008000278      0x254 C:/ST/STM32CubeIDE_1.13.1/STM32CubeIDE/plugins/com.st.stm32cube.ide.mcu.externaltools.gnu-tools-for-stm32.11.3.rel1.win32_1.1.0.202305231506/tools/bin/../lib/gcc/arm-none-eabi/11.3.1/thumb/v8-m.main+fp/hard\libgcc.a(_arm_muldf3.o)
                0x0000000008000278                __muldf3
                0x0000000008000278                __aeabi_dmul
 .text          0x00000000080004cc      0x378 C:/ST/STM32CubeIDE_1.13.1/STM32CubeIDE/plugins/com.st.stm32cube.ide.mcu.externaltools.gnu-tools-for-stm32.11.3.rel1.win32_1.1.0.202305231506/tools/bin/../lib/gcc/arm-none-eabi/11.3.1/thumb/v8-m.main+fp/hard\libgcc.a(_arm_addsubdf3.o)
                0x00000000080004cc                __aeabi_drsub
                0x00000000080004d4                __aeabi_dsub
                0x00000000080004d4                __subdf3
                0x00000000080004d8                __aeabi_dadd
                0x00000000080004d8                __adddf3
                0x0000000008000750                __floatunsidf
                0x0000000008000750                __aeabi_ui2d
                0x0000000008000770                __floatsidf
                0x0000000008000770                __aeabi_i2d
                0x0000000008000794                __aeabi_f2d
                0x0000000008000794                __extendsfdf2
                0x00000000080007d8                __floatundidf
                0x00000000080007d8                __aeabi_ul2d
                0x00000000080007e8                __floatdidf
                0x00000000080007e8                __aeabi_l2d
 .text          0x0000000008000844       0x40 C:/ST/STM32CubeIDE_1.13.1/STM32CubeIDE/plugins/com.st.stm32cube.ide.mcu.externaltools.gnu-tools-for-stm32.11.3.rel1.win32_1.1.0.202305231506/tools/bin/../lib/gcc/arm-none-eabi/11.3.1/thumb/v8-m.main+fp/hard\libgcc.a(_arm_fixunsdfsi.o)
                0x0000000008000844                __aeabi_d2uiz
                0x0000000008000844                __fixunsdfsi
 *(.text*)
 .text.MX_DCMIQueue_Config
                0x0000000008000884       0xf8 ./Core/Src/linked_list.o
                0x0000000008000884                MX_DCMIQueue_Config
 *fill*         0x000000000800097c        0x4 
 .text.main     0x0000000008000980      0x3b4 ./Core/Src/main.o
                0x0000000008000980                main
 .text.SystemClock_Config
                0x0000000008000d34       0xb8 ./Core/Src/main.o
                0x0000000008000d34                SystemClock_Config
 .text.SystemPower_Config
                0x0000000008000dec       0x20 ./Core/Src/main.o
 .text.MX_DCMI_Init
                0x0000000008000e0c       0xa4 ./Core/Src/main.o
 .text.MX_GPDMA1_Init
                0x0000000008000eb0       0x94 ./Core/Src/main.o
 .text.MX_ICACHE_Init
                0x0000000008000f44       0x26 ./Core/Src/main.o
 *fill*         0x0000000008000f6a        0x2 
 .text.MX_FMC_Init
                0x0000000008000f6c       0xd0 ./Core/Src/main.o
 .text.MX_GPIO_Init
                0x000000000800103c      0x5b4 ./Core/Src/main.o
 .text.MPU_Config
                0x00000000080015f0       0x58 ./Core/Src/main.o
 .text.HAL_DCMI_FrameEventCallback
                0x0000000008001648       0x24 ./Core/Src/main.o
                0x0000000008001648                HAL_DCMI_FrameEventCallback
 .text.OV5640_Config
                0x000000000800166c      0x17c ./Core/Src/main.o
 .text.Example_Description
                0x00000000080017e8      0x114 ./Core/Src/main.o
 .text.HAL_GPIO_EXTI_Rising_Callback
                0x00000000080018fc       0x20 ./Core/Src/main.o
                0x00000000080018fc                HAL_GPIO_EXTI_Rising_Callback
 .text.Error_Handler
                0x000000000800191c       0x16 ./Core/Src/main.o
                0x000000000800191c                Error_Handler
 *fill*         0x0000000008001932        0x2 
 .text.UTIL_LCD_SetFuncDriver
                0x0000000008001934       0xac ./Core/Src/stm32_lcd.o
                0x0000000008001934                UTIL_LCD_SetFuncDriver
 .text.UTIL_LCD_SetTextColor
                0x00000000080019e0       0x28 ./Core/Src/stm32_lcd.o
                0x00000000080019e0                UTIL_LCD_SetTextColor
 .text.UTIL_LCD_SetBackColor
                0x0000000008001a08       0x28 ./Core/Src/stm32_lcd.o
                0x0000000008001a08                UTIL_LCD_SetBackColor
 .text.UTIL_LCD_SetFont
                0x0000000008001a30       0x28 ./Core/Src/stm32_lcd.o
                0x0000000008001a30                UTIL_LCD_SetFont
 .text.UTIL_LCD_FillRGBRect
                0x0000000008001a58       0x38 ./Core/Src/stm32_lcd.o
                0x0000000008001a58                UTIL_LCD_FillRGBRect
 .text.UTIL_LCD_Clear
                0x0000000008001a90       0x2c ./Core/Src/stm32_lcd.o
                0x0000000008001a90                UTIL_LCD_Clear
 .text.UTIL_LCD_DisplayChar
                0x0000000008001abc       0x6c ./Core/Src/stm32_lcd.o
                0x0000000008001abc                UTIL_LCD_DisplayChar
 .text.UTIL_LCD_DisplayStringAt
                0x0000000008001b28      0x15c ./Core/Src/stm32_lcd.o
                0x0000000008001b28                UTIL_LCD_DisplayStringAt
 .text.UTIL_LCD_FillRect
                0x0000000008001c84       0x74 ./Core/Src/stm32_lcd.o
                0x0000000008001c84                UTIL_LCD_FillRect
 .text.DrawChar
                0x0000000008001cf8      0x2b4 ./Core/Src/stm32_lcd.o
 .text.HAL_MspInit
                0x0000000008001fac       0x38 ./Core/Src/stm32u5xx_hal_msp.o
                0x0000000008001fac                HAL_MspInit
 .text.HAL_DCMI_MspInit
                0x0000000008001fe4       0xe8 ./Core/Src/stm32u5xx_hal_msp.o
                0x0000000008001fe4                HAL_DCMI_MspInit
 .text.HAL_FMC_MspInit
                0x00000000080020cc       0xe4 ./Core/Src/stm32u5xx_hal_msp.o
 .text.HAL_SRAM_MspInit
                0x00000000080021b0       0x14 ./Core/Src/stm32u5xx_hal_msp.o
                0x00000000080021b0                HAL_SRAM_MspInit
 .text.HAL_FMC_MspDeInit
                0x00000000080021c4       0x68 ./Core/Src/stm32u5xx_hal_msp.o
 .text.HAL_SRAM_MspDeInit
                0x000000000800222c       0x14 ./Core/Src/stm32u5xx_hal_msp.o
                0x000000000800222c                HAL_SRAM_MspDeInit
 .text.NMI_Handler
                0x0000000008002240        0x6 ./Core/Src/stm32u5xx_it.o
                0x0000000008002240                NMI_Handler
 .text.HardFault_Handler
                0x0000000008002246        0x6 ./Core/Src/stm32u5xx_it.o
                0x0000000008002246                HardFault_Handler
 .text.MemManage_Handler
                0x000000000800224c        0x6 ./Core/Src/stm32u5xx_it.o
                0x000000000800224c                MemManage_Handler
 .text.BusFault_Handler
                0x0000000008002252        0x6 ./Core/Src/stm32u5xx_it.o
                0x0000000008002252                BusFault_Handler
 .text.UsageFault_Handler
                0x0000000008002258        0x6 ./Core/Src/stm32u5xx_it.o
                0x0000000008002258                UsageFault_Handler
 .text.SVC_Handler
                0x000000000800225e        0xe ./Core/Src/stm32u5xx_it.o
                0x000000000800225e                SVC_Handler
 .text.DebugMon_Handler
                0x000000000800226c        0xe ./Core/Src/stm32u5xx_it.o
                0x000000000800226c                DebugMon_Handler
 .text.PendSV_Handler
                0x000000000800227a        0xe ./Core/Src/stm32u5xx_it.o
                0x000000000800227a                PendSV_Handler
 .text.SysTick_Handler
                0x0000000008002288        0xc ./Core/Src/stm32u5xx_it.o
                0x0000000008002288                SysTick_Handler
 .text.EXTI13_IRQHandler
                0x0000000008002294       0x10 ./Core/Src/stm32u5xx_it.o
                0x0000000008002294                EXTI13_IRQHandler
 .text.GPDMA1_Channel12_IRQHandler
                0x00000000080022a4       0x14 ./Core/Src/stm32u5xx_it.o
                0x00000000080022a4                GPDMA1_Channel12_IRQHandler
 .text.DCMI_PSSI_IRQHandler
                0x00000000080022b8       0x14 ./Core/Src/stm32u5xx_it.o
                0x00000000080022b8                DCMI_PSSI_IRQHandler
 .text.SystemInit
                0x00000000080022cc       0x70 ./Core/Src/system_stm32u5xx.o
                0x00000000080022cc                SystemInit
 .text.Reset_Handler
                0x000000000800233c       0x50 ./Core/Startup/startup_stm32u575aiixq.o
                0x000000000800233c                Reset_Handler
 .text.Default_Handler
                0x000000000800238c        0x2 ./Core/Startup/startup_stm32u575aiixq.o
                0x000000000800238c                EXTI2_IRQHandler
                0x000000000800238c                TIM8_TRG_COM_IRQHandler
                0x000000000800238c                TIM8_CC_IRQHandler
                0x000000000800238c                EXTI5_IRQHandler
                0x000000000800238c                FLASH_S_IRQHandler
                0x000000000800238c                TIM1_CC_IRQHandler
                0x000000000800238c                TSC_IRQHandler
                0x000000000800238c                TAMP_IRQHandler
                0x000000000800238c                TIM6_IRQHandler
                0x000000000800238c                EXTI12_IRQHandler
                0x000000000800238c                CORDIC_IRQHandler
                0x000000000800238c                EXTI3_IRQHandler
                0x000000000800238c                LPTIM4_IRQHandler
                0x000000000800238c                GPDMA1_Channel5_IRQHandler
                0x000000000800238c                EXTI8_IRQHandler
                0x000000000800238c                LPTIM2_IRQHandler
                0x000000000800238c                I2C3_ER_IRQHandler
                0x000000000800238c                PWR_S3WU_IRQHandler
                0x000000000800238c                MDF1_FLT2_IRQHandler
                0x000000000800238c                LPDMA1_Channel3_IRQHandler
                0x000000000800238c                LPTIM3_IRQHandler
                0x000000000800238c                EXTI0_IRQHandler
                0x000000000800238c                I2C2_EV_IRQHandler
                0x000000000800238c                FPU_IRQHandler
                0x000000000800238c                GPDMA1_Channel3_IRQHandler
                0x000000000800238c                GPDMA1_Channel7_IRQHandler
                0x000000000800238c                MDF1_FLT4_IRQHandler
                0x000000000800238c                FDCAN1_IT1_IRQHandler
                0x000000000800238c                RAMCFG_IRQHandler
                0x000000000800238c                GPDMA1_Channel9_IRQHandler
                0x000000000800238c                DCACHE1_IRQHandler
                0x000000000800238c                SPI1_IRQHandler
                0x000000000800238c                OCTOSPI1_IRQHandler
                0x000000000800238c                GPDMA1_Channel2_IRQHandler
                0x000000000800238c                TIM8_UP_IRQHandler
                0x000000000800238c                RCC_S_IRQHandler
                0x000000000800238c                OCTOSPI2_IRQHandler
                0x000000000800238c                SAI2_IRQHandler
                0x000000000800238c                MDF1_FLT1_IRQHandler
                0x000000000800238c                ADC1_IRQHandler
                0x000000000800238c                MDF1_FLT5_IRQHandler
                0x000000000800238c                EXTI15_IRQHandler
                0x000000000800238c                TIM17_IRQHandler
                0x000000000800238c                USART3_IRQHandler
                0x000000000800238c                RTC_IRQHandler
                0x000000000800238c                EXTI9_IRQHandler
                0x000000000800238c                UART5_IRQHandler
                0x000000000800238c                TIM4_IRQHandler
                0x000000000800238c                I2C1_EV_IRQHandler
                0x000000000800238c                GPDMA1_Channel1_IRQHandler
                0x000000000800238c                TIM16_IRQHandler
                0x000000000800238c                GPDMA1_Channel15_IRQHandler
                0x000000000800238c                UART4_IRQHandler
                0x000000000800238c                SecureFault_Handler
                0x000000000800238c                TIM3_IRQHandler
                0x000000000800238c                RCC_IRQHandler
                0x000000000800238c                TIM1_TRG_COM_IRQHandler
                0x000000000800238c                Default_Handler
                0x000000000800238c                GPDMA1_Channel8_IRQHandler
                0x000000000800238c                FMAC_IRQHandler
                0x000000000800238c                GPDMA1_Channel11_IRQHandler
                0x000000000800238c                TIM7_IRQHandler
                0x000000000800238c                SDMMC1_IRQHandler
                0x000000000800238c                TIM5_IRQHandler
                0x000000000800238c                UCPD1_IRQHandler
                0x000000000800238c                GPDMA1_Channel0_IRQHandler
                0x000000000800238c                TIM15_IRQHandler
                0x000000000800238c                I2C3_EV_IRQHandler
                0x000000000800238c                LPDMA1_Channel0_IRQHandler
                0x000000000800238c                PVD_PVM_IRQHandler
                0x000000000800238c                SPI2_IRQHandler
                0x000000000800238c                LPDMA1_Channel1_IRQHandler
                0x000000000800238c                EXTI14_IRQHandler
                0x000000000800238c                EXTI11_IRQHandler
                0x000000000800238c                CRS_IRQHandler
                0x000000000800238c                GPDMA1_Channel14_IRQHandler
                0x000000000800238c                LSECSSD_IRQHandler
                0x000000000800238c                EXTI4_IRQHandler
                0x000000000800238c                RTC_S_IRQHandler
                0x000000000800238c                GPDMA1_Channel13_IRQHandler
                0x000000000800238c                RNG_IRQHandler
                0x000000000800238c                COMP_IRQHandler
                0x000000000800238c                TIM1_UP_IRQHandler
                0x000000000800238c                ADC4_IRQHandler
                0x000000000800238c                WWDG_IRQHandler
                0x000000000800238c                I2C4_EV_IRQHandler
                0x000000000800238c                ADF1_IRQHandler
                0x000000000800238c                IWDG_IRQHandler
                0x000000000800238c                LPUART1_IRQHandler
                0x000000000800238c                MDF1_FLT0_IRQHandler
                0x000000000800238c                FDCAN1_IT0_IRQHandler
                0x000000000800238c                TIM2_IRQHandler
                0x000000000800238c                GPDMA1_Channel4_IRQHandler
                0x000000000800238c                EXTI7_IRQHandler
                0x000000000800238c                DMA2D_IRQHandler
                0x000000000800238c                TIM1_BRK_IRQHandler
                0x000000000800238c                EXTI1_IRQHandler
                0x000000000800238c                SDMMC2_IRQHandler
                0x000000000800238c                DAC1_IRQHandler
                0x000000000800238c                GTZC_IRQHandler
                0x000000000800238c                MDF1_FLT3_IRQHandler
                0x000000000800238c                USART2_IRQHandler
                0x000000000800238c                GPDMA1_Channel6_IRQHandler
                0x000000000800238c                I2C2_ER_IRQHandler
                0x000000000800238c                TIM8_BRK_IRQHandler
                0x000000000800238c                FLASH_IRQHandler
                0x000000000800238c                USART1_IRQHandler
                0x000000000800238c                EXTI10_IRQHandler
                0x000000000800238c                OTG_FS_IRQHandler
                0x000000000800238c                SPI3_IRQHandler
                0x000000000800238c                LPDMA1_Channel2_IRQHandler
                0x000000000800238c                I2C1_ER_IRQHandler
                0x000000000800238c                FMC_IRQHandler
                0x000000000800238c                EXTI6_IRQHandler
                0x000000000800238c                LPTIM1_IRQHandler
                0x000000000800238c                I2C4_ER_IRQHandler
                0x000000000800238c                GPDMA1_Channel10_IRQHandler
                0x000000000800238c                ICACHE_IRQHandler
                0x000000000800238c                SAI1_IRQHandler
                0x000000000800238c                HASH_IRQHandler
 *fill*         0x000000000800238e        0x2 
 .text.HX8347I_RegisterBusIO
                0x0000000008002390       0x84 ./Drivers/BSP/Components/hx8347i/hx8347i.o
                0x0000000008002390                HX8347I_RegisterBusIO
 .text.HX8347I_Init
                0x0000000008002414      0x3ac ./Drivers/BSP/Components/hx8347i/hx8347i.o
                0x0000000008002414                HX8347I_Init
 .text.HX8347I_DeInit
                0x00000000080027c0       0xea ./Drivers/BSP/Components/hx8347i/hx8347i.o
                0x00000000080027c0                HX8347I_DeInit
 .text.HX8347I_ReadID
                0x00000000080028aa       0x42 ./Drivers/BSP/Components/hx8347i/hx8347i.o
                0x00000000080028aa                HX8347I_ReadID
 .text.HX8347I_DisplayOn
                0x00000000080028ec       0x6a ./Drivers/BSP/Components/hx8347i/hx8347i.o
                0x00000000080028ec                HX8347I_DisplayOn
 .text.HX8347I_DisplayOff
                0x0000000008002956       0x6a ./Drivers/BSP/Components/hx8347i/hx8347i.o
                0x0000000008002956                HX8347I_DisplayOff
 .text.HX8347I_SetBrightness
                0x00000000080029c0       0x1a ./Drivers/BSP/Components/hx8347i/hx8347i.o
                0x00000000080029c0                HX8347I_SetBrightness
 .text.HX8347I_GetBrightness
                0x00000000080029da       0x1a ./Drivers/BSP/Components/hx8347i/hx8347i.o
                0x00000000080029da                HX8347I_GetBrightness
 .text.HX8347I_SetOrientation
                0x00000000080029f4      0x1b0 ./Drivers/BSP/Components/hx8347i/hx8347i.o
                0x00000000080029f4                HX8347I_SetOrientation
 .text.HX8347I_GetOrientation
                0x0000000008002ba4       0x24 ./Drivers/BSP/Components/hx8347i/hx8347i.o
                0x0000000008002ba4                HX8347I_GetOrientation
 .text.HX8347I_SetCursor
                0x0000000008002bc8       0xae ./Drivers/BSP/Components/hx8347i/hx8347i.o
                0x0000000008002bc8                HX8347I_SetCursor
 .text.HX8347I_DrawBitmap
                0x0000000008002c76      0x5a6 ./Drivers/BSP/Components/hx8347i/hx8347i.o
                0x0000000008002c76                HX8347I_DrawBitmap
 .text.HX8347I_FillRGBRect
                0x000000000800321c      0x13c ./Drivers/BSP/Components/hx8347i/hx8347i.o
                0x000000000800321c                HX8347I_FillRGBRect
 .text.HX8347I_DrawHLine
                0x0000000008003358      0x110 ./Drivers/BSP/Components/hx8347i/hx8347i.o
                0x0000000008003358                HX8347I_DrawHLine
 .text.HX8347I_DrawVLine
                0x0000000008003468      0x5cc ./Drivers/BSP/Components/hx8347i/hx8347i.o
                0x0000000008003468                HX8347I_DrawVLine
 .text.HX8347I_FillRect
                0x0000000008003a34       0x52 ./Drivers/BSP/Components/hx8347i/hx8347i.o
                0x0000000008003a34                HX8347I_FillRect
 .text.HX8347I_GetPixel
                0x0000000008003a86       0x76 ./Drivers/BSP/Components/hx8347i/hx8347i.o
                0x0000000008003a86                HX8347I_GetPixel
 .text.HX8347I_SetPixel
                0x0000000008003afc       0x52 ./Drivers/BSP/Components/hx8347i/hx8347i.o
                0x0000000008003afc                HX8347I_SetPixel
 .text.HX8347I_GetXSize
                0x0000000008003b4e       0x3c ./Drivers/BSP/Components/hx8347i/hx8347i.o
                0x0000000008003b4e                HX8347I_GetXSize
 .text.HX8347I_GetYSize
                0x0000000008003b8a       0x3c ./Drivers/BSP/Components/hx8347i/hx8347i.o
                0x0000000008003b8a                HX8347I_GetYSize
 .text.HX8347I_ReadRegWrap
                0x0000000008003bc6       0x2e ./Drivers/BSP/Components/hx8347i/hx8347i.o
 .text.HX8347I_WriteRegWrap
                0x0000000008003bf4       0x2e ./Drivers/BSP/Components/hx8347i/hx8347i.o
 .text.HX8347I_Delay
                0x0000000008003c22       0x34 ./Drivers/BSP/Components/hx8347i/hx8347i.o
 .text.hx8347i_read_reg
                0x0000000008003c56       0x2a ./Drivers/BSP/Components/hx8347i/hx8347i_reg.o
                0x0000000008003c56                hx8347i_read_reg
 .text.hx8347i_write_reg
                0x0000000008003c80       0x2a ./Drivers/BSP/Components/hx8347i/hx8347i_reg.o
                0x0000000008003c80                hx8347i_write_reg
 .text.MFXSTM32L152_Init
                0x0000000008003caa       0x5a ./Drivers/BSP/Components/mfxstm32l152/mfxstm32l152.o
                0x0000000008003caa                MFXSTM32L152_Init
 .text.MFXSTM32L152_DeInit
                0x0000000008003d04       0x2a ./Drivers/BSP/Components/mfxstm32l152/mfxstm32l152.o
                0x0000000008003d04                MFXSTM32L152_DeInit
 .text.MFXSTM32L152_Reset
                0x0000000008003d2e       0x38 ./Drivers/BSP/Components/mfxstm32l152/mfxstm32l152.o
                0x0000000008003d2e                MFXSTM32L152_Reset
 .text.MFXSTM32L152_ReadID
                0x0000000008003d66       0x46 ./Drivers/BSP/Components/mfxstm32l152/mfxstm32l152.o
                0x0000000008003d66                MFXSTM32L152_ReadID
 .text.MFXSTM32L152_EnableITSource
                0x0000000008003dac       0x62 ./Drivers/BSP/Components/mfxstm32l152/mfxstm32l152.o
                0x0000000008003dac                MFXSTM32L152_EnableITSource
 .text.MFXSTM32L152_DisableITSource
                0x0000000008003e0e       0x6c ./Drivers/BSP/Components/mfxstm32l152/mfxstm32l152.o
                0x0000000008003e0e                MFXSTM32L152_DisableITSource
 .text.MFXSTM32L152_SetIrqOutPinPolarity
                0x0000000008003e7a       0x6c ./Drivers/BSP/Components/mfxstm32l152/mfxstm32l152.o
                0x0000000008003e7a                MFXSTM32L152_SetIrqOutPinPolarity
 .text.MFXSTM32L152_SetIrqOutPinType
                0x0000000008003ee6       0x6c ./Drivers/BSP/Components/mfxstm32l152/mfxstm32l152.o
                0x0000000008003ee6                MFXSTM32L152_SetIrqOutPinType
 .text.MFXSTM32L152_IO_Start
                0x0000000008003f52       0x7e ./Drivers/BSP/Components/mfxstm32l152/mfxstm32l152.o
                0x0000000008003f52                MFXSTM32L152_IO_Start
 .text.MFXSTM32L152_IO_Init
                0x0000000008003fd0      0x2d0 ./Drivers/BSP/Components/mfxstm32l152/mfxstm32l152.o
                0x0000000008003fd0                MFXSTM32L152_IO_Init
 .text.MFXSTM32L152_IO_InitPin
                0x00000000080042a0       0x34 ./Drivers/BSP/Components/mfxstm32l152/mfxstm32l152.o
                0x00000000080042a0                MFXSTM32L152_IO_InitPin
 .text.MFXSTM32L152_IO_SetIrqEvtMode
                0x00000000080042d4       0x34 ./Drivers/BSP/Components/mfxstm32l152/mfxstm32l152.o
                0x00000000080042d4                MFXSTM32L152_IO_SetIrqEvtMode
 .text.MFXSTM32L152_IO_SetIrqTypeMode
                0x0000000008004308       0x34 ./Drivers/BSP/Components/mfxstm32l152/mfxstm32l152.o
                0x0000000008004308                MFXSTM32L152_IO_SetIrqTypeMode
 .text.MFXSTM32L152_IO_WritePin
                0x000000000800433c       0x54 ./Drivers/BSP/Components/mfxstm32l152/mfxstm32l152.o
                0x000000000800433c                MFXSTM32L152_IO_WritePin
 .text.MFXSTM32L152_IO_ReadPin
                0x0000000008004390       0x8c ./Drivers/BSP/Components/mfxstm32l152/mfxstm32l152.o
                0x0000000008004390                MFXSTM32L152_IO_ReadPin
 .text.MFXSTM32L152_IO_EnableIT
                0x000000000800441c       0x2a ./Drivers/BSP/Components/mfxstm32l152/mfxstm32l152.o
                0x000000000800441c                MFXSTM32L152_IO_EnableIT
 .text.MFXSTM32L152_IO_DisableIT
                0x0000000008004446       0x2a ./Drivers/BSP/Components/mfxstm32l152/mfxstm32l152.o
                0x0000000008004446                MFXSTM32L152_IO_DisableIT
 .text.MFXSTM32L152_IO_EnablePinIT
                0x0000000008004470       0x30 ./Drivers/BSP/Components/mfxstm32l152/mfxstm32l152.o
                0x0000000008004470                MFXSTM32L152_IO_EnablePinIT
 .text.MFXSTM32L152_IO_DisablePinIT
                0x00000000080044a0       0x30 ./Drivers/BSP/Components/mfxstm32l152/mfxstm32l152.o
                0x00000000080044a0                MFXSTM32L152_IO_DisablePinIT
 .text.MFXSTM32L152_IO_ITStatus
                0x00000000080044d0       0x8c ./Drivers/BSP/Components/mfxstm32l152/mfxstm32l152.o
                0x00000000080044d0                MFXSTM32L152_IO_ITStatus
 .text.MFXSTM32L152_IO_ClearIT
                0x000000000800455c       0x9a ./Drivers/BSP/Components/mfxstm32l152/mfxstm32l152.o
                0x000000000800455c                MFXSTM32L152_IO_ClearIT
 *fill*         0x00000000080045f6        0x2 
 .text.MFXSTM32L152_RegisterBusIO
                0x00000000080045f8       0x84 ./Drivers/BSP/Components/mfxstm32l152/mfxstm32l152.o
                0x00000000080045f8                MFXSTM32L152_RegisterBusIO
 .text.MFXSTM32L152_reg24_setPinValue
                0x000000000800467c      0x17a ./Drivers/BSP/Components/mfxstm32l152/mfxstm32l152.o
 .text.MFXSTM32L152_ReadRegWrap
                0x00000000080047f6       0x32 ./Drivers/BSP/Components/mfxstm32l152/mfxstm32l152.o
 .text.MFXSTM32L152_WriteRegWrap
                0x0000000008004828       0x32 ./Drivers/BSP/Components/mfxstm32l152/mfxstm32l152.o
 .text.mfxstm32l152_read_reg
                0x000000000800485a       0x2e ./Drivers/BSP/Components/mfxstm32l152/mfxstm32l152_reg.o
                0x000000000800485a                mfxstm32l152_read_reg
 .text.mfxstm32l152_write_reg
                0x0000000008004888       0x2e ./Drivers/BSP/Components/mfxstm32l152/mfxstm32l152_reg.o
                0x0000000008004888                mfxstm32l152_write_reg
 *fill*         0x00000000080048b6        0x2 
 .text.OV5640_RegisterBusIO
                0x00000000080048b8       0x84 ./Drivers/BSP/Components/ov5640/ov5640.o
                0x00000000080048b8                OV5640_RegisterBusIO
 .text.OV5640_Init
                0x000000000800493c       0xf4 ./Drivers/BSP/Components/ov5640/ov5640.o
                0x000000000800493c                OV5640_Init
 .text.OV5640_SetPixelFormat
                0x0000000008004a30      0x328 ./Drivers/BSP/Components/ov5640/ov5640.o
                0x0000000008004a30                OV5640_SetPixelFormat
 .text.OV5640_SetResolution
                0x0000000008004d58      0x1ec ./Drivers/BSP/Components/ov5640/ov5640.o
                0x0000000008004d58                OV5640_SetResolution
 .text.OV5640_SetPolarities
                0x0000000008004f44       0x8c ./Drivers/BSP/Components/ov5640/ov5640.o
                0x0000000008004f44                OV5640_SetPolarities
 .text.OV5640_ReadID
                0x0000000008004fd0       0xa6 ./Drivers/BSP/Components/ov5640/ov5640.o
                0x0000000008004fd0                OV5640_ReadID
 .text.OV5640_MirrorFlipConfig
                0x0000000008005076      0x1d2 ./Drivers/BSP/Components/ov5640/ov5640.o
                0x0000000008005076                OV5640_MirrorFlipConfig
 .text.OV5640_EmbeddedSynchroConfig
                0x0000000008005248      0x138 ./Drivers/BSP/Components/ov5640/ov5640.o
                0x0000000008005248                OV5640_EmbeddedSynchroConfig
 .text.OV5640_Delay
                0x0000000008005380       0x34 ./Drivers/BSP/Components/ov5640/ov5640.o
 .text.OV5640_ReadRegWrap
                0x00000000080053b4       0x32 ./Drivers/BSP/Components/ov5640/ov5640.o
 .text.OV5640_WriteRegWrap
                0x00000000080053e6       0x32 ./Drivers/BSP/Components/ov5640/ov5640.o
 .text.ov5640_read_reg
                0x0000000008005418       0x2e ./Drivers/BSP/Components/ov5640/ov5640_reg.o
                0x0000000008005418                ov5640_read_reg
 .text.ov5640_write_reg
                0x0000000008005446       0x2e ./Drivers/BSP/Components/ov5640/ov5640_reg.o
                0x0000000008005446                ov5640_write_reg
 .text.BSP_LED_Init
                0x0000000008005474      0x10c ./Drivers/BSP/STM32U575I-EV/stm32u575i_eval.o
                0x0000000008005474                BSP_LED_Init
 .text.BSP_LED_Off
                0x0000000008005580       0x5c ./Drivers/BSP/STM32U575I-EV/stm32u575i_eval.o
                0x0000000008005580                BSP_LED_Off
 .text.BSP_LED_Toggle
                0x00000000080055dc       0x5c ./Drivers/BSP/STM32U575I-EV/stm32u575i_eval.o
                0x00000000080055dc                BSP_LED_Toggle
 .text.BSP_I2C2_Init
                0x0000000008005638       0x74 ./Drivers/BSP/STM32U575I-EV/stm32u575i_eval_bus.o
                0x0000000008005638                BSP_I2C2_Init
 .text.BSP_I2C2_DeInit
                0x00000000080056ac       0x48 ./Drivers/BSP/STM32U575I-EV/stm32u575i_eval_bus.o
                0x00000000080056ac                BSP_I2C2_DeInit
 .text.MX_I2C2_Init
                0x00000000080056f4       0x84 ./Drivers/BSP/STM32U575I-EV/stm32u575i_eval_bus.o
                0x00000000080056f4                MX_I2C2_Init
 .text.BSP_I2C2_WriteReg
                0x0000000008005778       0x5c ./Drivers/BSP/STM32U575I-EV/stm32u575i_eval_bus.o
                0x0000000008005778                BSP_I2C2_WriteReg
 .text.BSP_I2C2_ReadReg
                0x00000000080057d4       0x5c ./Drivers/BSP/STM32U575I-EV/stm32u575i_eval_bus.o
                0x00000000080057d4                BSP_I2C2_ReadReg
 .text.BSP_I2C2_WriteReg16
                0x0000000008005830       0x5c ./Drivers/BSP/STM32U575I-EV/stm32u575i_eval_bus.o
                0x0000000008005830                BSP_I2C2_WriteReg16
 .text.BSP_I2C2_ReadReg16
                0x000000000800588c       0x5c ./Drivers/BSP/STM32U575I-EV/stm32u575i_eval_bus.o
                0x000000000800588c                BSP_I2C2_ReadReg16
 .text.BSP_GetTick
                0x00000000080058e8        0xe ./Drivers/BSP/STM32U575I-EV/stm32u575i_eval_bus.o
                0x00000000080058e8                BSP_GetTick
 *fill*         0x00000000080058f6        0x2 
 .text.I2C_GetTiming
                0x00000000080058f8      0x100 ./Drivers/BSP/STM32U575I-EV/stm32u575i_eval_bus.o
 .text.I2C_Compute_PRESC_SCLDEL_SDADEL
                0x00000000080059f8      0x1dc ./Drivers/BSP/STM32U575I-EV/stm32u575i_eval_bus.o
 .text.I2C_Compute_SCLL_SCLH
                0x0000000008005bd4      0x210 ./Drivers/BSP/STM32U575I-EV/stm32u575i_eval_bus.o
 .text.I2C2_MspInit
                0x0000000008005de4       0xd0 ./Drivers/BSP/STM32U575I-EV/stm32u575i_eval_bus.o
 .text.I2C2_MspDeInit
                0x0000000008005eb4       0x48 ./Drivers/BSP/STM32U575I-EV/stm32u575i_eval_bus.o
 .text.I2C2_WriteReg
                0x0000000008005efc       0x4c ./Drivers/BSP/STM32U575I-EV/stm32u575i_eval_bus.o
 .text.I2C2_ReadReg
                0x0000000008005f48       0x4c ./Drivers/BSP/STM32U575I-EV/stm32u575i_eval_bus.o
 .text.BSP_IOEXPANDER_Init
                0x0000000008005f94       0x74 ./Drivers/BSP/STM32U575I-EV/stm32u575i_eval_io.o
                0x0000000008005f94                BSP_IOEXPANDER_Init
 .text.BSP_IO_Init
                0x0000000008006008       0xc0 ./Drivers/BSP/STM32U575I-EV/stm32u575i_eval_io.o
                0x0000000008006008                BSP_IO_Init
 .text.BSP_IO_WritePin
                0x00000000080060c8       0x64 ./Drivers/BSP/STM32U575I-EV/stm32u575i_eval_io.o
                0x00000000080060c8                BSP_IO_WritePin
 .text.BSP_IO_TogglePin
                0x000000000800612c       0x9c ./Drivers/BSP/STM32U575I-EV/stm32u575i_eval_io.o
                0x000000000800612c                BSP_IO_TogglePin
 .text.BSP_IOEXPANDER_ITConfig
                0x00000000080061c8       0x98 ./Drivers/BSP/STM32U575I-EV/stm32u575i_eval_io.o
                0x00000000080061c8                BSP_IOEXPANDER_ITConfig
 .text.MFXSTM32L152_Probe
                0x0000000008006260       0xc8 ./Drivers/BSP/STM32U575I-EV/stm32u575i_eval_io.o
 .text.BSP_LCD_Init
                0x0000000008006328       0x50 ./Drivers/BSP/STM32U575I-EV/stm32u575i_eval_lcd.o
                0x0000000008006328                BSP_LCD_Init
 .text.BSP_LCD_DisplayOn
                0x0000000008006378       0x60 ./Drivers/BSP/STM32U575I-EV/stm32u575i_eval_lcd.o
                0x0000000008006378                BSP_LCD_DisplayOn
 .text.BSP_LCD_GetXSize
                0x00000000080063d8       0x58 ./Drivers/BSP/STM32U575I-EV/stm32u575i_eval_lcd.o
                0x00000000080063d8                BSP_LCD_GetXSize
 .text.BSP_LCD_GetYSize
                0x0000000008006430       0x58 ./Drivers/BSP/STM32U575I-EV/stm32u575i_eval_lcd.o
                0x0000000008006430                BSP_LCD_GetYSize
 .text.BSP_LCD_SetActiveLayer
                0x0000000008006488       0x2c ./Drivers/BSP/STM32U575I-EV/stm32u575i_eval_lcd.o
                0x0000000008006488                BSP_LCD_SetActiveLayer
 .text.BSP_LCD_DrawBitmap
                0x00000000080064b4       0x58 ./Drivers/BSP/STM32U575I-EV/stm32u575i_eval_lcd.o
                0x00000000080064b4                BSP_LCD_DrawBitmap
 .text.BSP_LCD_FillRGBRect
                0x000000000800650c       0x60 ./Drivers/BSP/STM32U575I-EV/stm32u575i_eval_lcd.o
                0x000000000800650c                BSP_LCD_FillRGBRect
 .text.BSP_LCD_DrawHLine
                0x000000000800656c       0x5c ./Drivers/BSP/STM32U575I-EV/stm32u575i_eval_lcd.o
                0x000000000800656c                BSP_LCD_DrawHLine
 .text.BSP_LCD_DrawVLine
                0x00000000080065c8       0x5c ./Drivers/BSP/STM32U575I-EV/stm32u575i_eval_lcd.o
                0x00000000080065c8                BSP_LCD_DrawVLine
 .text.BSP_LCD_FillRect
                0x0000000008006624       0x60 ./Drivers/BSP/STM32U575I-EV/stm32u575i_eval_lcd.o
                0x0000000008006624                BSP_LCD_FillRect
 .text.BSP_LCD_ReadPixel
                0x0000000008006684       0x58 ./Drivers/BSP/STM32U575I-EV/stm32u575i_eval_lcd.o
                0x0000000008006684                BSP_LCD_ReadPixel
 .text.BSP_LCD_WritePixel
                0x00000000080066dc       0x58 ./Drivers/BSP/STM32U575I-EV/stm32u575i_eval_lcd.o
                0x00000000080066dc                BSP_LCD_WritePixel
 .text.BSP_LCD_GetPixelFormat
                0x0000000008006734       0x30 ./Drivers/BSP/STM32U575I-EV/stm32u575i_eval_lcd.o
                0x0000000008006734                BSP_LCD_GetPixelFormat
 .text.MX_FMC_BANK4_Init
                0x0000000008006764       0xc0 ./Drivers/BSP/STM32U575I-EV/stm32u575i_eval_lcd.o
                0x0000000008006764                MX_FMC_BANK4_Init
 .text.HX8347I_Probe
                0x0000000008006824       0xe8 ./Drivers/BSP/STM32U575I-EV/stm32u575i_eval_lcd.o
 .text.HX8347I_PowerUp
                0x000000000800690c       0xd0 ./Drivers/BSP/STM32U575I-EV/stm32u575i_eval_lcd.o
 .text.LCD_FMC_Init
                0x00000000080069dc       0x58 ./Drivers/BSP/STM32U575I-EV/stm32u575i_eval_lcd.o
 .text.LCD_FMC_DeInit
                0x0000000008006a34       0x30 ./Drivers/BSP/STM32U575I-EV/stm32u575i_eval_lcd.o
 .text.LCD_FMC_WriteReg16
                0x0000000008006a64       0x80 ./Drivers/BSP/STM32U575I-EV/stm32u575i_eval_lcd.o
 .text.LCD_FMC_ReadReg16
                0x0000000008006ae4       0x82 ./Drivers/BSP/STM32U575I-EV/stm32u575i_eval_lcd.o
 .text.LCD_FMC_GetTick
                0x0000000008006b66       0x16 ./Drivers/BSP/STM32U575I-EV/stm32u575i_eval_lcd.o
 .text.FMC_MspInit
                0x0000000008006b7c      0x124 ./Drivers/BSP/STM32U575I-EV/stm32u575i_eval_lcd.o
 .text.FMC_MspDeInit
                0x0000000008006ca0       0x60 ./Drivers/BSP/STM32U575I-EV/stm32u575i_eval_lcd.o
 .text.HAL_Init
                0x0000000008006d00       0x5c ./Drivers/STM32U5xx_HAL_Driver/Src/stm32u5xx_hal.o
                0x0000000008006d00                HAL_Init
 .text.HAL_InitTick
                0x0000000008006d5c       0x6c ./Drivers/STM32U5xx_HAL_Driver/Src/stm32u5xx_hal.o
                0x0000000008006d5c                HAL_InitTick
 .text.HAL_IncTick
                0x0000000008006dc8       0x28 ./Drivers/STM32U5xx_HAL_Driver/Src/stm32u5xx_hal.o
                0x0000000008006dc8                HAL_IncTick
 .text.HAL_GetTick
                0x0000000008006df0       0x18 ./Drivers/STM32U5xx_HAL_Driver/Src/stm32u5xx_hal.o
                0x0000000008006df0                HAL_GetTick
 .text.HAL_Delay
                0x0000000008006e08       0x48 ./Drivers/STM32U5xx_HAL_Driver/Src/stm32u5xx_hal.o
                0x0000000008006e08                HAL_Delay
 .text.__NVIC_SetPriorityGrouping
                0x0000000008006e50       0x48 ./Drivers/STM32U5xx_HAL_Driver/Src/stm32u5xx_hal_cortex.o
 .text.__NVIC_GetPriorityGrouping
                0x0000000008006e98       0x1c ./Drivers/STM32U5xx_HAL_Driver/Src/stm32u5xx_hal_cortex.o
 .text.__NVIC_EnableIRQ
                0x0000000008006eb4       0x3c ./Drivers/STM32U5xx_HAL_Driver/Src/stm32u5xx_hal_cortex.o
 .text.__NVIC_SetPriority
                0x0000000008006ef0       0x54 ./Drivers/STM32U5xx_HAL_Driver/Src/stm32u5xx_hal_cortex.o
 .text.NVIC_EncodePriority
                0x0000000008006f44       0x66 ./Drivers/STM32U5xx_HAL_Driver/Src/stm32u5xx_hal_cortex.o
 *fill*         0x0000000008006faa        0x2 
 .text.SysTick_Config
                0x0000000008006fac       0x44 ./Drivers/STM32U5xx_HAL_Driver/Src/stm32u5xx_hal_cortex.o
 .text.HAL_NVIC_SetPriorityGrouping
                0x0000000008006ff0       0x16 ./Drivers/STM32U5xx_HAL_Driver/Src/stm32u5xx_hal_cortex.o
                0x0000000008006ff0                HAL_NVIC_SetPriorityGrouping
 .text.HAL_NVIC_SetPriority
                0x0000000008007006       0x34 ./Drivers/STM32U5xx_HAL_Driver/Src/stm32u5xx_hal_cortex.o
                0x0000000008007006                HAL_NVIC_SetPriority
 .text.HAL_NVIC_EnableIRQ
                0x000000000800703a       0x1c ./Drivers/STM32U5xx_HAL_Driver/Src/stm32u5xx_hal_cortex.o
                0x000000000800703a                HAL_NVIC_EnableIRQ
 .text.HAL_SYSTICK_Config
                0x0000000008007056       0x18 ./Drivers/STM32U5xx_HAL_Driver/Src/stm32u5xx_hal_cortex.o
                0x0000000008007056                HAL_SYSTICK_Config
 *fill*         0x000000000800706e        0x2 
 .text.HAL_MPU_Enable
                0x0000000008007070       0x40 ./Drivers/STM32U5xx_HAL_Driver/Src/stm32u5xx_hal_cortex.o
                0x0000000008007070                HAL_MPU_Enable
 .text.HAL_MPU_Disable
                0x00000000080070b0       0x24 ./Drivers/STM32U5xx_HAL_Driver/Src/stm32u5xx_hal_cortex.o
                0x00000000080070b0                HAL_MPU_Disable
 .text.HAL_MPU_ConfigRegion
                0x00000000080070d4       0x1c ./Drivers/STM32U5xx_HAL_Driver/Src/stm32u5xx_hal_cortex.o
                0x00000000080070d4                HAL_MPU_ConfigRegion
 .text.HAL_MPU_ConfigMemoryAttributes
                0x00000000080070f0       0x1c ./Drivers/STM32U5xx_HAL_Driver/Src/stm32u5xx_hal_cortex.o
                0x00000000080070f0                HAL_MPU_ConfigMemoryAttributes
 .text.MPU_ConfigRegion
                0x000000000800710c       0x78 ./Drivers/STM32U5xx_HAL_Driver/Src/stm32u5xx_hal_cortex.o
 .text.MPU_ConfigMemoryAttributes
                0x0000000008007184       0x6c ./Drivers/STM32U5xx_HAL_Driver/Src/stm32u5xx_hal_cortex.o
 .text.HAL_DCMI_Init
                0x00000000080071f0       0xf4 ./Drivers/STM32U5xx_HAL_Driver/Src/stm32u5xx_hal_dcmi.o
                0x00000000080071f0                HAL_DCMI_Init
 .text.HAL_DCMI_Start_DMA
                0x00000000080072e4      0x344 ./Drivers/STM32U5xx_HAL_Driver/Src/stm32u5xx_hal_dcmi.o
                0x00000000080072e4                HAL_DCMI_Start_DMA
 .text.HAL_DCMI_Suspend
                0x0000000008007628       0xb0 ./Drivers/STM32U5xx_HAL_Driver/Src/stm32u5xx_hal_dcmi.o
                0x0000000008007628                HAL_DCMI_Suspend
 .text.HAL_DCMI_Resume
                0x00000000080076d8       0x58 ./Drivers/STM32U5xx_HAL_Driver/Src/stm32u5xx_hal_dcmi.o
                0x00000000080076d8                HAL_DCMI_Resume
 .text.HAL_DCMI_IRQHandler
                0x0000000008007730      0x124 ./Drivers/STM32U5xx_HAL_Driver/Src/stm32u5xx_hal_dcmi.o
                0x0000000008007730                HAL_DCMI_IRQHandler
 .text.HAL_DCMI_ErrorCallback
                0x0000000008007854       0x14 ./Drivers/STM32U5xx_HAL_Driver/Src/stm32u5xx_hal_dcmi.o
                0x0000000008007854                HAL_DCMI_ErrorCallback
 .text.HAL_DCMI_LineEventCallback
                0x0000000008007868       0x14 ./Drivers/STM32U5xx_HAL_Driver/Src/stm32u5xx_hal_dcmi.o
                0x0000000008007868                HAL_DCMI_LineEventCallback
 .text.HAL_DCMI_VsyncEventCallback
                0x000000000800787c       0x14 ./Drivers/STM32U5xx_HAL_Driver/Src/stm32u5xx_hal_dcmi.o
                0x000000000800787c                HAL_DCMI_VsyncEventCallback
 .text.HAL_DCMI_ConfigSyncUnmask
                0x0000000008007890       0x6c ./Drivers/STM32U5xx_HAL_Driver/Src/stm32u5xx_hal_dcmi.o
                0x0000000008007890                HAL_DCMI_ConfigSyncUnmask
 .text.DCMI_DMAXferCplt
                0x00000000080078fc      0x10c ./Drivers/STM32U5xx_HAL_Driver/Src/stm32u5xx_hal_dcmi.o
 .text.DCMI_DMAError
                0x0000000008007a08       0x3a ./Drivers/STM32U5xx_HAL_Driver/Src/stm32u5xx_hal_dcmi.o
 .text.HAL_DMA_Start_IT
                0x0000000008007a42       0xc0 ./Drivers/STM32U5xx_HAL_Driver/Src/stm32u5xx_hal_dma.o
                0x0000000008007a42                HAL_DMA_Start_IT
 .text.HAL_DMA_Abort_IT
                0x0000000008007b02       0x52 ./Drivers/STM32U5xx_HAL_Driver/Src/stm32u5xx_hal_dma.o
                0x0000000008007b02                HAL_DMA_Abort_IT
 .text.HAL_DMA_IRQHandler
                0x0000000008007b54      0x2f4 ./Drivers/STM32U5xx_HAL_Driver/Src/stm32u5xx_hal_dma.o
                0x0000000008007b54                HAL_DMA_IRQHandler
 .text.HAL_DMA_ConfigChannelAttributes
                0x0000000008007e48       0x78 ./Drivers/STM32U5xx_HAL_Driver/Src/stm32u5xx_hal_dma.o
                0x0000000008007e48                HAL_DMA_ConfigChannelAttributes
 .text.DMA_SetConfig
                0x0000000008007ec0       0x4a ./Drivers/STM32U5xx_HAL_Driver/Src/stm32u5xx_hal_dma.o
 *fill*         0x0000000008007f0a        0x2 
 .text.HAL_DMAEx_List_Init
                0x0000000008007f0c      0x258 ./Drivers/STM32U5xx_HAL_Driver/Src/stm32u5xx_hal_dma_ex.o
                0x0000000008007f0c                HAL_DMAEx_List_Init
 .text.HAL_DMAEx_List_Start_IT
                0x0000000008008164      0x128 ./Drivers/STM32U5xx_HAL_Driver/Src/stm32u5xx_hal_dma_ex.o
                0x0000000008008164                HAL_DMAEx_List_Start_IT
 .text.HAL_DMAEx_List_BuildNode
                0x000000000800828c       0x2c ./Drivers/STM32U5xx_HAL_Driver/Src/stm32u5xx_hal_dma_ex.o
                0x000000000800828c                HAL_DMAEx_List_BuildNode
 .text.HAL_DMAEx_List_InsertNode_Tail
                0x00000000080082b8       0xf0 ./Drivers/STM32U5xx_HAL_Driver/Src/stm32u5xx_hal_dma_ex.o
                0x00000000080082b8                HAL_DMAEx_List_InsertNode_Tail
 .text.HAL_DMAEx_List_SetCircularModeConfig
                0x00000000080083a8       0xdc ./Drivers/STM32U5xx_HAL_Driver/Src/stm32u5xx_hal_dma_ex.o
                0x00000000080083a8                HAL_DMAEx_List_SetCircularModeConfig
 .text.HAL_DMAEx_List_LinkQ
                0x0000000008008484      0x12c ./Drivers/STM32U5xx_HAL_Driver/Src/stm32u5xx_hal_dma_ex.o
                0x0000000008008484                HAL_DMAEx_List_LinkQ
 .text.DMA_List_Init
                0x00000000080085b0      0x2b0 ./Drivers/STM32U5xx_HAL_Driver/Src/stm32u5xx_hal_dma_ex.o
 .text.DMA_List_BuildNode
                0x0000000008008860      0x2a4 ./Drivers/STM32U5xx_HAL_Driver/Src/stm32u5xx_hal_dma_ex.o
 .text.DMA_List_CheckNodesBaseAddresses
                0x0000000008008b04       0x60 ./Drivers/STM32U5xx_HAL_Driver/Src/stm32u5xx_hal_dma_ex.o
 .text.DMA_List_CheckNodesTypes
                0x0000000008008b64       0x78 ./Drivers/STM32U5xx_HAL_Driver/Src/stm32u5xx_hal_dma_ex.o
 .text.DMA_List_GetCLLRNodeInfo
                0x0000000008008bdc       0x60 ./Drivers/STM32U5xx_HAL_Driver/Src/stm32u5xx_hal_dma_ex.o
 .text.DMA_List_FindNode
                0x0000000008008c3c      0x13e ./Drivers/STM32U5xx_HAL_Driver/Src/stm32u5xx_hal_dma_ex.o
 *fill*         0x0000000008008d7a        0x2 
 .text.HAL_GPIO_Init
                0x0000000008008d7c      0x3b0 ./Drivers/STM32U5xx_HAL_Driver/Src/stm32u5xx_hal_gpio.o
                0x0000000008008d7c                HAL_GPIO_Init
 .text.HAL_GPIO_DeInit
                0x000000000800912c      0x1bc ./Drivers/STM32U5xx_HAL_Driver/Src/stm32u5xx_hal_gpio.o
                0x000000000800912c                HAL_GPIO_DeInit
 .text.HAL_GPIO_ReadPin
                0x00000000080092e8       0x30 ./Drivers/STM32U5xx_HAL_Driver/Src/stm32u5xx_hal_gpio.o
                0x00000000080092e8                HAL_GPIO_ReadPin
 .text.HAL_GPIO_WritePin
                0x0000000008009318       0x30 ./Drivers/STM32U5xx_HAL_Driver/Src/stm32u5xx_hal_gpio.o
                0x0000000008009318                HAL_GPIO_WritePin
 .text.HAL_GPIO_TogglePin
                0x0000000008009348       0x34 ./Drivers/STM32U5xx_HAL_Driver/Src/stm32u5xx_hal_gpio.o
                0x0000000008009348                HAL_GPIO_TogglePin
 .text.HAL_GPIO_EXTI_IRQHandler
                0x000000000800937c       0x4c ./Drivers/STM32U5xx_HAL_Driver/Src/stm32u5xx_hal_gpio.o
                0x000000000800937c                HAL_GPIO_EXTI_IRQHandler
 .text.HAL_GPIO_EXTI_Falling_Callback
                0x00000000080093c8       0x16 ./Drivers/STM32U5xx_HAL_Driver/Src/stm32u5xx_hal_gpio.o
                0x00000000080093c8                HAL_GPIO_EXTI_Falling_Callback
 .text.HAL_I2C_Init
                0x00000000080093de      0x11e ./Drivers/STM32U5xx_HAL_Driver/Src/stm32u5xx_hal_i2c.o
                0x00000000080093de                HAL_I2C_Init
 .text.HAL_I2C_DeInit
                0x00000000080094fc       0x5e ./Drivers/STM32U5xx_HAL_Driver/Src/stm32u5xx_hal_i2c.o
                0x00000000080094fc                HAL_I2C_DeInit
 .text.HAL_I2C_MspInit
                0x000000000800955a       0x14 ./Drivers/STM32U5xx_HAL_Driver/Src/stm32u5xx_hal_i2c.o
                0x000000000800955a                HAL_I2C_MspInit
 .text.HAL_I2C_MspDeInit
                0x000000000800956e       0x14 ./Drivers/STM32U5xx_HAL_Driver/Src/stm32u5xx_hal_i2c.o
                0x000000000800956e                HAL_I2C_MspDeInit
 *fill*         0x0000000008009582        0x2 
 .text.HAL_I2C_Mem_Write
                0x0000000008009584      0x228 ./Drivers/STM32U5xx_HAL_Driver/Src/stm32u5xx_hal_i2c.o
                0x0000000008009584                HAL_I2C_Mem_Write
 .text.HAL_I2C_Mem_Read
                0x00000000080097ac      0x234 ./Drivers/STM32U5xx_HAL_Driver/Src/stm32u5xx_hal_i2c.o
                0x00000000080097ac                HAL_I2C_Mem_Read
 .text.HAL_I2C_GetState
                0x00000000080099e0       0x1c ./Drivers/STM32U5xx_HAL_Driver/Src/stm32u5xx_hal_i2c.o
                0x00000000080099e0                HAL_I2C_GetState
 .text.HAL_I2C_GetError
                0x00000000080099fc       0x18 ./Drivers/STM32U5xx_HAL_Driver/Src/stm32u5xx_hal_i2c.o
                0x00000000080099fc                HAL_I2C_GetError
 .text.I2C_RequestMemoryWrite
                0x0000000008009a14       0xa8 ./Drivers/STM32U5xx_HAL_Driver/Src/stm32u5xx_hal_i2c.o
 .text.I2C_RequestMemoryRead
                0x0000000008009abc       0xa8 ./Drivers/STM32U5xx_HAL_Driver/Src/stm32u5xx_hal_i2c.o
 .text.I2C_Flush_TXDR
                0x0000000008009b64       0x48 ./Drivers/STM32U5xx_HAL_Driver/Src/stm32u5xx_hal_i2c.o
 .text.I2C_WaitOnFlagUntilTimeout
                0x0000000008009bac       0x9e ./Drivers/STM32U5xx_HAL_Driver/Src/stm32u5xx_hal_i2c.o
 .text.I2C_WaitOnTXISFlagUntilTimeout
                0x0000000008009c4a       0x8e ./Drivers/STM32U5xx_HAL_Driver/Src/stm32u5xx_hal_i2c.o
 .text.I2C_WaitOnSTOPFlagUntilTimeout
                0x0000000008009cd8       0x86 ./Drivers/STM32U5xx_HAL_Driver/Src/stm32u5xx_hal_i2c.o
 *fill*         0x0000000008009d5e        0x2 
 .text.I2C_IsErrorOccurred
                0x0000000008009d60      0x1c0 ./Drivers/STM32U5xx_HAL_Driver/Src/stm32u5xx_hal_i2c.o
 .text.I2C_TransferConfig
                0x0000000008009f20       0x64 ./Drivers/STM32U5xx_HAL_Driver/Src/stm32u5xx_hal_i2c.o
 .text.HAL_I2CEx_ConfigAnalogFilter
                0x0000000008009f84       0x96 ./Drivers/STM32U5xx_HAL_Driver/Src/stm32u5xx_hal_i2c_ex.o
                0x0000000008009f84                HAL_I2CEx_ConfigAnalogFilter
 .text.HAL_I2CEx_ConfigDigitalFilter
                0x000000000800a01a       0x98 ./Drivers/STM32U5xx_HAL_Driver/Src/stm32u5xx_hal_i2c_ex.o
                0x000000000800a01a                HAL_I2CEx_ConfigDigitalFilter
 *fill*         0x000000000800a0b2        0x2 
 .text.HAL_ICACHE_ConfigAssociativityMode
                0x000000000800a0b4       0x40 ./Drivers/STM32U5xx_HAL_Driver/Src/stm32u5xx_hal_icache.o
                0x000000000800a0b4                HAL_ICACHE_ConfigAssociativityMode
 .text.HAL_ICACHE_Enable
                0x000000000800a0f4       0x20 ./Drivers/STM32U5xx_HAL_Driver/Src/stm32u5xx_hal_icache.o
                0x000000000800a0f4                HAL_ICACHE_Enable
 .text.HAL_PWREx_ControlVoltageScaling
                0x000000000800a114       0xfc ./Drivers/STM32U5xx_HAL_Driver/Src/stm32u5xx_hal_pwr_ex.o
                0x000000000800a114                HAL_PWREx_ControlVoltageScaling
 .text.HAL_PWREx_GetVoltageRange
                0x000000000800a210       0x1c ./Drivers/STM32U5xx_HAL_Driver/Src/stm32u5xx_hal_pwr_ex.o
                0x000000000800a210                HAL_PWREx_GetVoltageRange
 .text.HAL_PWREx_ConfigSupply
                0x000000000800a22c       0xa0 ./Drivers/STM32U5xx_HAL_Driver/Src/stm32u5xx_hal_pwr_ex.o
                0x000000000800a22c                HAL_PWREx_ConfigSupply
 .text.HAL_PWREx_EnableVddIO2
                0x000000000800a2cc       0x20 ./Drivers/STM32U5xx_HAL_Driver/Src/stm32u5xx_hal_pwr_ex.o
                0x000000000800a2cc                HAL_PWREx_EnableVddIO2
 .text.HAL_PWREx_DisableUCPDDeadBattery
                0x000000000800a2ec       0x20 ./Drivers/STM32U5xx_HAL_Driver/Src/stm32u5xx_hal_pwr_ex.o
                0x000000000800a2ec                HAL_PWREx_DisableUCPDDeadBattery
 .text.HAL_RCC_OscConfig
                0x000000000800a30c      0xdb8 ./Drivers/STM32U5xx_HAL_Driver/Src/stm32u5xx_hal_rcc.o
                0x000000000800a30c                HAL_RCC_OscConfig
 .text.HAL_RCC_ClockConfig
                0x000000000800b0c4      0x3e4 ./Drivers/STM32U5xx_HAL_Driver/Src/stm32u5xx_hal_rcc.o
                0x000000000800b0c4                HAL_RCC_ClockConfig
 .text.HAL_RCC_GetSysClockFreq
                0x000000000800b4a8      0x210 ./Drivers/STM32U5xx_HAL_Driver/Src/stm32u5xx_hal_rcc.o
                0x000000000800b4a8                HAL_RCC_GetSysClockFreq
 .text.HAL_RCC_GetHCLKFreq
                0x000000000800b6b8       0x34 ./Drivers/STM32U5xx_HAL_Driver/Src/stm32u5xx_hal_rcc.o
                0x000000000800b6b8                HAL_RCC_GetHCLKFreq
 .text.HAL_RCC_GetPCLK1Freq
                0x000000000800b6ec       0x28 ./Drivers/STM32U5xx_HAL_Driver/Src/stm32u5xx_hal_rcc.o
                0x000000000800b6ec                HAL_RCC_GetPCLK1Freq
 .text.RCC_SetFlashLatencyFromMSIRange
                0x000000000800b714      0x10c ./Drivers/STM32U5xx_HAL_Driver/Src/stm32u5xx_hal_rcc.o
 .text.HAL_SRAM_Init
                0x000000000800b820       0xa0 ./Drivers/STM32U5xx_HAL_Driver/Src/stm32u5xx_hal_sram.o
                0x000000000800b820                HAL_SRAM_Init
 .text.HAL_SRAM_DeInit
                0x000000000800b8c0       0x3a ./Drivers/STM32U5xx_HAL_Driver/Src/stm32u5xx_hal_sram.o
                0x000000000800b8c0                HAL_SRAM_DeInit
 .text.HAL_SRAM_GetState
                0x000000000800b8fa       0x1c ./Drivers/STM32U5xx_HAL_Driver/Src/stm32u5xx_hal_sram.o
                0x000000000800b8fa                HAL_SRAM_GetState
 *fill*         0x000000000800b916        0x2 
 .text.FMC_NORSRAM_Init
                0x000000000800b918      0x19c ./Drivers/STM32U5xx_HAL_Driver/Src/stm32u5xx_ll_fmc.o
                0x000000000800b918                FMC_NORSRAM_Init
 .text.FMC_NORSRAM_DeInit
                0x000000000800bab4       0xba ./Drivers/STM32U5xx_HAL_Driver/Src/stm32u5xx_ll_fmc.o
                0x000000000800bab4                FMC_NORSRAM_DeInit
 .text.FMC_NORSRAM_Timing_Init
                0x000000000800bb6e       0xa4 ./Drivers/STM32U5xx_HAL_Driver/Src/stm32u5xx_ll_fmc.o
                0x000000000800bb6e                FMC_NORSRAM_Timing_Init
 .text.FMC_NORSRAM_Extended_Timing_Init
                0x000000000800bc12       0x74 ./Drivers/STM32U5xx_HAL_Driver/Src/stm32u5xx_ll_fmc.o
                0x000000000800bc12                FMC_NORSRAM_Extended_Timing_Init
 .text.memset   0x000000000800bc86       0x10 C:/ST/STM32CubeIDE_1.13.1/STM32CubeIDE/plugins/com.st.stm32cube.ide.mcu.externaltools.gnu-tools-for-stm32.11.3.rel1.win32_1.1.0.202305231506/tools/bin/../lib/gcc/arm-none-eabi/11.3.1/../../../../arm-none-eabi/lib/thumb/v8-m.main+fp/hard\libc_nano.a(libc_a-memset.o)
                0x000000000800bc86                memset
 *fill*         0x000000000800bc96        0x2 
 .text.__libc_init_array
                0x000000000800bc98       0x48 C:/ST/STM32CubeIDE_1.13.1/STM32CubeIDE/plugins/com.st.stm32cube.ide.mcu.externaltools.gnu-tools-for-stm32.11.3.rel1.win32_1.1.0.202305231506/tools/bin/../lib/gcc/arm-none-eabi/11.3.1/../../../../arm-none-eabi/lib/thumb/v8-m.main+fp/hard\libc_nano.a(libc_a-init.o)
                0x000000000800bc98                __libc_init_array
 *(.glue_7)
 .glue_7        0x000000000800bce0        0x0 linker stubs
 *(.glue_7t)
 .glue_7t       0x000000000800bce0        0x0 linker stubs
 *(.eh_frame)
 .eh_frame      0x000000000800bce0        0x0 C:/ST/STM32CubeIDE_1.13.1/STM32CubeIDE/plugins/com.st.stm32cube.ide.mcu.externaltools.gnu-tools-for-stm32.11.3.rel1.win32_1.1.0.202305231506/tools/bin/../lib/gcc/arm-none-eabi/11.3.1/thumb/v8-m.main+fp/hard/crtbegin.o
 *(.init)
 .init          0x000000000800bce0        0x4 C:/ST/STM32CubeIDE_1.13.1/STM32CubeIDE/plugins/com.st.stm32cube.ide.mcu.externaltools.gnu-tools-for-stm32.11.3.rel1.win32_1.1.0.202305231506/tools/bin/../lib/gcc/arm-none-eabi/11.3.1/thumb/v8-m.main+fp/hard/crti.o
                0x000000000800bce0                _init
 .init          0x000000000800bce4        0x8 C:/ST/STM32CubeIDE_1.13.1/STM32CubeIDE/plugins/com.st.stm32cube.ide.mcu.externaltools.gnu-tools-for-stm32.11.3.rel1.win32_1.1.0.202305231506/tools/bin/../lib/gcc/arm-none-eabi/11.3.1/thumb/v8-m.main+fp/hard/crtn.o
 *(.fini)
 .fini          0x000000000800bcec        0x4 C:/ST/STM32CubeIDE_1.13.1/STM32CubeIDE/plugins/com.st.stm32cube.ide.mcu.externaltools.gnu-tools-for-stm32.11.3.rel1.win32_1.1.0.202305231506/tools/bin/../lib/gcc/arm-none-eabi/11.3.1/thumb/v8-m.main+fp/hard/crti.o
                0x000000000800bcec                _fini
 .fini          0x000000000800bcf0        0x8 C:/ST/STM32CubeIDE_1.13.1/STM32CubeIDE/plugins/com.st.stm32cube.ide.mcu.externaltools.gnu-tools-for-stm32.11.3.rel1.win32_1.1.0.202305231506/tools/bin/../lib/gcc/arm-none-eabi/11.3.1/thumb/v8-m.main+fp/hard/crtn.o
                0x000000000800bcf8                _etext = .

.vfp11_veneer   0x000000000800bcf8        0x0
 .vfp11_veneer  0x000000000800bcf8        0x0 linker stubs

.v4_bx          0x000000000800bcf8        0x0
 .v4_bx         0x000000000800bcf8        0x0 linker stubs

.iplt           0x000000000800bcf8        0x0
 .iplt          0x000000000800bcf8        0x0 C:/ST/STM32CubeIDE_1.13.1/STM32CubeIDE/plugins/com.st.stm32cube.ide.mcu.externaltools.gnu-tools-for-stm32.11.3.rel1.win32_1.1.0.202305231506/tools/bin/../lib/gcc/arm-none-eabi/11.3.1/thumb/v8-m.main+fp/hard/crtbegin.o

.rodata         0x000000000800bcf8     0x172c
 *(.rodata)
 .rodata        0x000000000800bcf8       0xcf ./Core/Src/main.o
 *(.rodata*)
 *fill*         0x000000000800bdc7        0x1 
 .rodata.Font16_Table
                0x000000000800bdc8      0xbe0 ./Core/Src/stm32_lcd.o
                0x000000000800bdc8                Font16_Table
 .rodata.Font12_Table
                0x000000000800c9a8      0x474 ./Core/Src/stm32_lcd.o
                0x000000000800c9a8                Font12_Table
 .rodata.AHBPrescTable
                0x000000000800ce1c       0x10 ./Core/Src/system_stm32u5xx.o
                0x000000000800ce1c                AHBPrescTable
 .rodata.APBPrescTable
                0x000000000800ce2c        0x8 ./Core/Src/system_stm32u5xx.o
                0x000000000800ce2c                APBPrescTable
 .rodata.MSIRangeTable
                0x000000000800ce34       0x40 ./Core/Src/system_stm32u5xx.o
                0x000000000800ce34                MSIRangeTable
 .rodata.OV5640_Common.15
                0x000000000800ce74      0x3f8 ./Drivers/BSP/Components/ov5640/ov5640.o
 .rodata.OV5640_PF_YUV422.14
                0x000000000800d26c        0x8 ./Drivers/BSP/Components/ov5640/ov5640.o
 .rodata.OV5640_PF_RGB888.13
                0x000000000800d274        0x8 ./Drivers/BSP/Components/ov5640/ov5640.o
 .rodata.OV5640_PF_Y8.12
                0x000000000800d27c        0x8 ./Drivers/BSP/Components/ov5640/ov5640.o
 .rodata.OV5640_PF_JPEG.11
                0x000000000800d284        0x8 ./Drivers/BSP/Components/ov5640/ov5640.o
 .rodata.OV5640_PF_RGB565.10
                0x000000000800d28c        0x8 ./Drivers/BSP/Components/ov5640/ov5640.o
 .rodata.OV5640_QQVGA.9
                0x000000000800d294       0x10 ./Drivers/BSP/Components/ov5640/ov5640.o
 .rodata.OV5640_QVGA.8
                0x000000000800d2a4       0x10 ./Drivers/BSP/Components/ov5640/ov5640.o
 .rodata.OV5640_480x272.7
                0x000000000800d2b4       0x10 ./Drivers/BSP/Components/ov5640/ov5640.o
 .rodata.OV5640_VGA.6
                0x000000000800d2c4       0x10 ./Drivers/BSP/Components/ov5640/ov5640.o
 .rodata.OV5640_WVGA.5
                0x000000000800d2d4       0x10 ./Drivers/BSP/Components/ov5640/ov5640.o
 .rodata.LED_PIN
                0x000000000800d2e4       0x10 ./Drivers/BSP/STM32U575I-EV/stm32u575i_eval.o
 .rodata.I2C_Charac
                0x000000000800d2f4       0x84 ./Drivers/BSP/STM32U575I-EV/stm32u575i_eval_bus.o
 .rodata.LCD_Driver
                0x000000000800d378       0x2c ./Drivers/BSP/STM32U575I-EV/stm32u575i_eval_lcd.o
                0x000000000800d378                LCD_Driver
 .rodata.LPGPIO_Map
                0x000000000800d3a4       0x80 ./Drivers/STM32U5xx_HAL_Driver/Src/stm32u5xx_hal_gpio.o

.rel.dyn        0x000000000800d424        0x0
 .rel.iplt      0x000000000800d424        0x0 C:/ST/STM32CubeIDE_1.13.1/STM32CubeIDE/plugins/com.st.stm32cube.ide.mcu.externaltools.gnu-tools-for-stm32.11.3.rel1.win32_1.1.0.202305231506/tools/bin/../lib/gcc/arm-none-eabi/11.3.1/thumb/v8-m.main+fp/hard/crtbegin.o

.ARM.extab
 *(.ARM.extab* .gnu.linkonce.armextab.*)

.ARM            0x000000000800d424        0x0
                0x000000000800d424                __exidx_start = .
 *(.ARM.exidx*)
                0x000000000800d424                __exidx_end = .

.preinit_array  0x000000000800d424        0x0
                0x000000000800d424                PROVIDE (__preinit_array_start = .)
 *(.preinit_array*)
                0x000000000800d424                PROVIDE (__preinit_array_end = .)

.init_array     0x000000000800d424        0x4
                0x000000000800d424                PROVIDE (__init_array_start = .)
 *(SORT_BY_NAME(.init_array.*))
 *(.init_array*)
 .init_array    0x000000000800d424        0x4 C:/ST/STM32CubeIDE_1.13.1/STM32CubeIDE/plugins/com.st.stm32cube.ide.mcu.externaltools.gnu-tools-for-stm32.11.3.rel1.win32_1.1.0.202305231506/tools/bin/../lib/gcc/arm-none-eabi/11.3.1/thumb/v8-m.main+fp/hard/crtbegin.o
                0x000000000800d428                PROVIDE (__init_array_end = .)

.fini_array     0x000000000800d428        0x4
                [!provide]                        PROVIDE (__fini_array_start = .)
 *(SORT_BY_NAME(.fini_array.*))
 *(.fini_array*)
 .fini_array    0x000000000800d428        0x4 C:/ST/STM32CubeIDE_1.13.1/STM32CubeIDE/plugins/com.st.stm32cube.ide.mcu.externaltools.gnu-tools-for-stm32.11.3.rel1.win32_1.1.0.202305231506/tools/bin/../lib/gcc/arm-none-eabi/11.3.1/thumb/v8-m.main+fp/hard/crtbegin.o
                [!provide]                        PROVIDE (__fini_array_end = .)
                0x000000000800d42c                _sidata = LOADADDR (.data)

.data           0x0000000020000000       0xa5 load address 0x000000000800d42c
                0x0000000020000000                _sdata = .
 *(.data)
 *(.data*)
 .data.FRAME_BUFFER_SIZE
                0x0000000020000000        0x4 ./Core/Src/main.o
                0x0000000020000000                FRAME_BUFFER_SIZE
 .data.Font16   0x0000000020000004        0x8 ./Core/Src/stm32_lcd.o
                0x0000000020000004                Font16
 .data.Font12   0x000000002000000c        0x8 ./Core/Src/stm32_lcd.o
                0x000000002000000c                Font12
 .data.SystemCoreClock
                0x0000000020000014        0x4 ./Core/Src/system_stm32u5xx.o
                0x0000000020000014                SystemCoreClock
 .data.HX8347I_Driver
                0x0000000020000018       0x4c ./Drivers/BSP/Components/hx8347i/hx8347i.o
                0x0000000020000018                HX8347I_Driver
 .data.MFXSTM32L152_IO_Driver
                0x0000000020000064       0x2c ./Drivers/BSP/Components/mfxstm32l152/mfxstm32l152.o
                0x0000000020000064                MFXSTM32L152_IO_Driver
 .data.LED_PORT
                0x0000000020000090       0x10 ./Drivers/BSP/STM32U575I-EV/stm32u575i_eval.o
 .data.uwTickPrio
                0x00000000200000a0        0x4 ./Drivers/STM32U5xx_HAL_Driver/Src/stm32u5xx_hal.o
                0x00000000200000a0                uwTickPrio
 .data.uwTickFreq
                0x00000000200000a4        0x1 ./Drivers/STM32U5xx_HAL_Driver/Src/stm32u5xx_hal.o
                0x00000000200000a4                uwTickFreq
 *(.RamFunc)
 *(.RamFunc*)
                0x00000000200000a5                _edata = .

.igot.plt       0x00000000200000a8        0x0 load address 0x000000000800d4d1
 .igot.plt      0x00000000200000a8        0x0 C:/ST/STM32CubeIDE_1.13.1/STM32CubeIDE/plugins/com.st.stm32cube.ide.mcu.externaltools.gnu-tools-for-stm32.11.3.rel1.win32_1.1.0.202305231506/tools/bin/../lib/gcc/arm-none-eabi/11.3.1/thumb/v8-m.main+fp/hard/crtbegin.o

.bss            0x00000000200000a8    0x26590 load address 0x000000000800d4d1
                0x00000000200000a8                _sbss = .
                0x00000000200000a8                __bss_start__ = _sbss
 *(.bss)
 .bss           0x00000000200000a8       0x1c C:/ST/STM32CubeIDE_1.13.1/STM32CubeIDE/plugins/com.st.stm32cube.ide.mcu.externaltools.gnu-tools-for-stm32.11.3.rel1.win32_1.1.0.202305231506/tools/bin/../lib/gcc/arm-none-eabi/11.3.1/thumb/v8-m.main+fp/hard/crtbegin.o
 *(.bss*)
 .bss.DCMINode1
                0x00000000200000c4       0x24 ./Core/Src/linked_list.o
                0x00000000200000c4                DCMINode1
 .bss.DCMIQueue
                0x00000000200000e8       0x18 ./Core/Src/linked_list.o
                0x00000000200000e8                DCMIQueue
 .bss.DCMINode2
                0x0000000020000100       0x24 ./Core/Src/linked_list.o
                0x0000000020000100                DCMINode2
 .bss.hdcmi     0x0000000020000124       0x50 ./Core/Src/main.o
                0x0000000020000124                hdcmi
 .bss.handle_GPDMA1_Channel12
                0x0000000020000174       0x78 ./Core/Src/main.o
                0x0000000020000174                handle_GPDMA1_Channel12
 .bss.hsram1    0x00000000200001ec       0x58 ./Core/Src/main.o
                0x00000000200001ec                hsram1
 .bss.frame_suspended
                0x0000000020000244        0x4 ./Core/Src/main.o
                0x0000000020000244                frame_suspended
 .bss.frame_captured
                0x0000000020000248        0x4 ./Core/Src/main.o
                0x0000000020000248                frame_captured
 .bss.CAMERA_FRAME_BUFFER
                0x000000002000024c    0x25800 ./Core/Src/main.o
                0x000000002000024c                CAMERA_FRAME_BUFFER
 .bss.pSyncroCodes
                0x0000000020025a4c        0x4 ./Core/Src/main.o
                0x0000000020025a4c                pSyncroCodes
 .bss.SyncUnmask
                0x0000000020025a50        0x4 ./Core/Src/main.o
                0x0000000020025a50                SyncUnmask
 .bss.UserButtonPressed
                0x0000000020025a54        0x1 ./Core/Src/main.o
                0x0000000020025a54                UserButtonPressed
 *fill*         0x0000000020025a55        0x3 
 .bss.OV5640Obj.0
                0x0000000020025a58       0x28 ./Core/Src/main.o
 .bss.DrawProp  0x0000000020025a80       0x40 ./Core/Src/stm32_lcd.o
 .bss.FuncDriver
                0x0000000020025ac0       0x2c ./Core/Src/stm32_lcd.o
 .bss.FMC_Initialized
                0x0000000020025aec        0x4 ./Core/Src/stm32u5xx_hal_msp.o
 .bss.FMC_DeInitialized
                0x0000000020025af0        0x4 ./Core/Src/stm32u5xx_hal_msp.o
 .bss.I2c2InitCounter
                0x0000000020025af4        0x4 ./Drivers/BSP/STM32U575I-EV/stm32u575i_eval_bus.o
 .bss.I2c_valid_timing
                0x0000000020025af8      0xa00 ./Drivers/BSP/STM32U575I-EV/stm32u575i_eval_bus.o
 .bss.I2c_valid_timing_nbr
                0x00000000200264f8        0x4 ./Drivers/BSP/STM32U575I-EV/stm32u575i_eval_bus.o
 .bss.hbus_i2c2
                0x00000000200264fc       0x54 ./Drivers/BSP/STM32U575I-EV/stm32u575i_eval_bus.o
                0x00000000200264fc                hbus_i2c2
 .bss.IO_Ctx    0x0000000020026550        0x8 ./Drivers/BSP/STM32U575I-EV/stm32u575i_eval_io.o
                0x0000000020026550                IO_Ctx
 .bss.Io_CompObj
                0x0000000020026558       0x28 ./Drivers/BSP/STM32U575I-EV/stm32u575i_eval_io.o
                0x0000000020026558                Io_CompObj
 .bss.Io_Drv    0x0000000020026580        0x4 ./Drivers/BSP/STM32U575I-EV/stm32u575i_eval_io.o
 .bss.mfx_io_it_enabled.0
                0x0000000020026584        0x4 ./Drivers/BSP/STM32U575I-EV/stm32u575i_eval_io.o
 .bss.hlcd_sram
                0x0000000020026588       0x58 ./Drivers/BSP/STM32U575I-EV/stm32u575i_eval_lcd.o
                0x0000000020026588                hlcd_sram
 .bss.Lcd_CompObj
                0x00000000200265e0        0x4 ./Drivers/BSP/STM32U575I-EV/stm32u575i_eval_lcd.o
                0x00000000200265e0                Lcd_CompObj
 .bss.Lcd_Drv   0x00000000200265e4        0x4 ./Drivers/BSP/STM32U575I-EV/stm32u575i_eval_lcd.o
                0x00000000200265e4                Lcd_Drv
 .bss.SramTiming.1
                0x00000000200265e8       0x20 ./Drivers/BSP/STM32U575I-EV/stm32u575i_eval_lcd.o
 .bss.HX8347IObj.0
                0x0000000020026608       0x2c ./Drivers/BSP/STM32U575I-EV/stm32u575i_eval_lcd.o
 .bss.uwTick    0x0000000020026634        0x4 ./Drivers/STM32U5xx_HAL_Driver/Src/stm32u5xx_hal.o
                0x0000000020026634                uwTick
 *(COMMON)
                0x0000000020026638                _ebss = .
                0x0000000020026638                __bss_end__ = _ebss

._user_heap_stack
                0x0000000020026638      0x600 load address 0x000000000800d4d1
                0x0000000020026638                . = ALIGN (0x8)
                [!provide]                        PROVIDE (end = .)
                0x0000000020026638                PROVIDE (_end = .)
                0x0000000020026838                . = (. + _Min_Heap_Size)
 *fill*         0x0000000020026638      0x200 
                0x0000000020026c38                . = (. + _Min_Stack_Size)
 *fill*         0x0000000020026838      0x400 
                0x0000000020026c38                . = ALIGN (0x8)

/DISCARD/
 libc.a(*)
 libm.a(*)
 libgcc.a(*)

.ARM.attributes
                0x0000000000000000       0x36
 *(.ARM.attributes)
 .ARM.attributes
                0x0000000000000000       0x22 C:/ST/STM32CubeIDE_1.13.1/STM32CubeIDE/plugins/com.st.stm32cube.ide.mcu.externaltools.gnu-tools-for-stm32.11.3.rel1.win32_1.1.0.202305231506/tools/bin/../lib/gcc/arm-none-eabi/11.3.1/thumb/v8-m.main+fp/hard/crti.o
 .ARM.attributes
                0x0000000000000022       0x38 C:/ST/STM32CubeIDE_1.13.1/STM32CubeIDE/plugins/com.st.stm32cube.ide.mcu.externaltools.gnu-tools-for-stm32.11.3.rel1.win32_1.1.0.202305231506/tools/bin/../lib/gcc/arm-none-eabi/11.3.1/thumb/v8-m.main+fp/hard/crtbegin.o
 .ARM.attributes
                0x000000000000005a       0x3a ./Core/Src/linked_list.o
 .ARM.attributes
                0x0000000000000094       0x3a ./Core/Src/main.o
 .ARM.attributes
                0x00000000000000ce       0x3a ./Core/Src/stm32_lcd.o
 .ARM.attributes
                0x0000000000000108       0x3a ./Core/Src/stm32u5xx_hal_msp.o
 .ARM.attributes
                0x0000000000000142       0x3a ./Core/Src/stm32u5xx_it.o
 .ARM.attributes
                0x000000000000017c       0x3a ./Core/Src/system_stm32u5xx.o
 .ARM.attributes
                0x00000000000001b6       0x24 ./Core/Startup/startup_stm32u575aiixq.o
 .ARM.attributes
                0x00000000000001da       0x3a ./Drivers/BSP/Components/hx8347i/hx8347i.o
 .ARM.attributes
                0x0000000000000214       0x3a ./Drivers/BSP/Components/hx8347i/hx8347i_reg.o
 .ARM.attributes
                0x000000000000024e       0x3a ./Drivers/BSP/Components/mfxstm32l152/mfxstm32l152.o
 .ARM.attributes
                0x0000000000000288       0x3a ./Drivers/BSP/Components/mfxstm32l152/mfxstm32l152_reg.o
 .ARM.attributes
                0x00000000000002c2       0x3a ./Drivers/BSP/Components/ov5640/ov5640.o
 .ARM.attributes
                0x00000000000002fc       0x3a ./Drivers/BSP/Components/ov5640/ov5640_reg.o
 .ARM.attributes
                0x0000000000000336       0x3a ./Drivers/BSP/STM32U575I-EV/stm32u575i_eval.o
 .ARM.attributes
                0x0000000000000370       0x3a ./Drivers/BSP/STM32U575I-EV/stm32u575i_eval_bus.o
 .ARM.attributes
                0x00000000000003aa       0x3a ./Drivers/BSP/STM32U575I-EV/stm32u575i_eval_io.o
 .ARM.attributes
                0x00000000000003e4       0x3a ./Drivers/BSP/STM32U575I-EV/stm32u575i_eval_lcd.o
 .ARM.attributes
                0x000000000000041e       0x3a ./Drivers/STM32U5xx_HAL_Driver/Src/stm32u5xx_hal.o
 .ARM.attributes
                0x0000000000000458       0x3a ./Drivers/STM32U5xx_HAL_Driver/Src/stm32u5xx_hal_cortex.o
 .ARM.attributes
                0x0000000000000492       0x3a ./Drivers/STM32U5xx_HAL_Driver/Src/stm32u5xx_hal_dcmi.o
 .ARM.attributes
                0x00000000000004cc       0x3a ./Drivers/STM32U5xx_HAL_Driver/Src/stm32u5xx_hal_dma.o
 .ARM.attributes
                0x0000000000000506       0x3a ./Drivers/STM32U5xx_HAL_Driver/Src/stm32u5xx_hal_dma_ex.o
 .ARM.attributes
                0x0000000000000540       0x3a ./Drivers/STM32U5xx_HAL_Driver/Src/stm32u5xx_hal_gpio.o
 .ARM.attributes
                0x000000000000057a       0x3a ./Drivers/STM32U5xx_HAL_Driver/Src/stm32u5xx_hal_i2c.o
 .ARM.attributes
                0x00000000000005b4       0x3a ./Drivers/STM32U5xx_HAL_Driver/Src/stm32u5xx_hal_i2c_ex.o
 .ARM.attributes
                0x00000000000005ee       0x3a ./Drivers/STM32U5xx_HAL_Driver/Src/stm32u5xx_hal_icache.o
 .ARM.attributes
                0x0000000000000628       0x3a ./Drivers/STM32U5xx_HAL_Driver/Src/stm32u5xx_hal_pwr_ex.o
 .ARM.attributes
                0x0000000000000662       0x3a ./Drivers/STM32U5xx_HAL_Driver/Src/stm32u5xx_hal_rcc.o
 .ARM.attributes
                0x000000000000069c       0x3a ./Drivers/STM32U5xx_HAL_Driver/Src/stm32u5xx_hal_sram.o
 .ARM.attributes
                0x00000000000006d6       0x3a ./Drivers/STM32U5xx_HAL_Driver/Src/stm32u5xx_ll_fmc.o
 .ARM.attributes
                0x0000000000000710       0x38 C:/ST/STM32CubeIDE_1.13.1/STM32CubeIDE/plugins/com.st.stm32cube.ide.mcu.externaltools.gnu-tools-for-stm32.11.3.rel1.win32_1.1.0.202305231506/tools/bin/../lib/gcc/arm-none-eabi/11.3.1/../../../../arm-none-eabi/lib/thumb/v8-m.main+fp/hard\libc_nano.a(libc_a-memset.o)
 .ARM.attributes
                0x0000000000000748       0x38 C:/ST/STM32CubeIDE_1.13.1/STM32CubeIDE/plugins/com.st.stm32cube.ide.mcu.externaltools.gnu-tools-for-stm32.11.3.rel1.win32_1.1.0.202305231506/tools/bin/../lib/gcc/arm-none-eabi/11.3.1/../../../../arm-none-eabi/lib/thumb/v8-m.main+fp/hard\libc_nano.a(libc_a-init.o)
 .ARM.attributes
                0x0000000000000780       0x22 C:/ST/STM32CubeIDE_1.13.1/STM32CubeIDE/plugins/com.st.stm32cube.ide.mcu.externaltools.gnu-tools-for-stm32.11.3.rel1.win32_1.1.0.202305231506/tools/bin/../lib/gcc/arm-none-eabi/11.3.1/thumb/v8-m.main+fp/hard\libgcc.a(_arm_muldf3.o)
 .ARM.attributes
                0x00000000000007a2       0x22 C:/ST/STM32CubeIDE_1.13.1/STM32CubeIDE/plugins/com.st.stm32cube.ide.mcu.externaltools.gnu-tools-for-stm32.11.3.rel1.win32_1.1.0.202305231506/tools/bin/../lib/gcc/arm-none-eabi/11.3.1/thumb/v8-m.main+fp/hard\libgcc.a(_arm_addsubdf3.o)
 .ARM.attributes
                0x00000000000007c4       0x22 C:/ST/STM32CubeIDE_1.13.1/STM32CubeIDE/plugins/com.st.stm32cube.ide.mcu.externaltools.gnu-tools-for-stm32.11.3.rel1.win32_1.1.0.202305231506/tools/bin/../lib/gcc/arm-none-eabi/11.3.1/thumb/v8-m.main+fp/hard\libgcc.a(_arm_fixunsdfsi.o)
 .ARM.attributes
                0x00000000000007e6       0x22 C:/ST/STM32CubeIDE_1.13.1/STM32CubeIDE/plugins/com.st.stm32cube.ide.mcu.externaltools.gnu-tools-for-stm32.11.3.rel1.win32_1.1.0.202305231506/tools/bin/../lib/gcc/arm-none-eabi/11.3.1/thumb/v8-m.main+fp/hard/crtn.o
OUTPUT(DCMI_YOnly.elf elf32-littlearm)
LOAD linker stubs
LOAD C:/ST/STM32CubeIDE_1.13.1/STM32CubeIDE/plugins/com.st.stm32cube.ide.mcu.externaltools.gnu-tools-for-stm32.11.3.rel1.win32_1.1.0.202305231506/tools/bin/../lib/gcc/arm-none-eabi/11.3.1/../../../../arm-none-eabi/lib/thumb/v8-m.main+fp/hard\libc.a
LOAD C:/ST/STM32CubeIDE_1.13.1/STM32CubeIDE/plugins/com.st.stm32cube.ide.mcu.externaltools.gnu-tools-for-stm32.11.3.rel1.win32_1.1.0.202305231506/tools/bin/../lib/gcc/arm-none-eabi/11.3.1/../../../../arm-none-eabi/lib/thumb/v8-m.main+fp/hard\libm.a
LOAD C:/ST/STM32CubeIDE_1.13.1/STM32CubeIDE/plugins/com.st.stm32cube.ide.mcu.externaltools.gnu-tools-for-stm32.11.3.rel1.win32_1.1.0.202305231506/tools/bin/../lib/gcc/arm-none-eabi/11.3.1/thumb/v8-m.main+fp/hard\libgcc.a

.comment        0x0000000000000000       0x43
 .comment       0x0000000000000000       0x43 C:/ST/STM32CubeIDE_1.13.1/STM32CubeIDE/plugins/com.st.stm32cube.ide.mcu.externaltools.gnu-tools-for-stm32.11.3.rel1.win32_1.1.0.202305231506/tools/bin/../lib/gcc/arm-none-eabi/11.3.1/thumb/v8-m.main+fp/hard/crtbegin.o
                                         0x44 (size before relaxing)
 .comment       0x0000000000000043       0x44 ./Core/Src/linked_list.o
 .comment       0x0000000000000043       0x44 ./Core/Src/main.o
 .comment       0x0000000000000043       0x44 ./Core/Src/stm32_lcd.o
 .comment       0x0000000000000043       0x44 ./Core/Src/stm32u5xx_hal_msp.o
 .comment       0x0000000000000043       0x44 ./Core/Src/stm32u5xx_it.o
 .comment       0x0000000000000043       0x44 ./Core/Src/system_stm32u5xx.o
 .comment       0x0000000000000043       0x44 ./Drivers/BSP/Components/hx8347i/hx8347i.o
 .comment       0x0000000000000043       0x44 ./Drivers/BSP/Components/hx8347i/hx8347i_reg.o
 .comment       0x0000000000000043       0x44 ./Drivers/BSP/Components/mfxstm32l152/mfxstm32l152.o
 .comment       0x0000000000000043       0x44 ./Drivers/BSP/Components/mfxstm32l152/mfxstm32l152_reg.o
 .comment       0x0000000000000043       0x44 ./Drivers/BSP/Components/ov5640/ov5640.o
 .comment       0x0000000000000043       0x44 ./Drivers/BSP/Components/ov5640/ov5640_reg.o
 .comment       0x0000000000000043       0x44 ./Drivers/BSP/STM32U575I-EV/stm32u575i_eval.o
 .comment       0x0000000000000043       0x44 ./Drivers/BSP/STM32U575I-EV/stm32u575i_eval_bus.o
 .comment       0x0000000000000043       0x44 ./Drivers/BSP/STM32U575I-EV/stm32u575i_eval_io.o
 .comment       0x0000000000000043       0x44 ./Drivers/BSP/STM32U575I-EV/stm32u575i_eval_lcd.o
 .comment       0x0000000000000043       0x44 ./Drivers/STM32U5xx_HAL_Driver/Src/stm32u5xx_hal.o
 .comment       0x0000000000000043       0x44 ./Drivers/STM32U5xx_HAL_Driver/Src/stm32u5xx_hal_cortex.o
 .comment       0x0000000000000043       0x44 ./Drivers/STM32U5xx_HAL_Driver/Src/stm32u5xx_hal_dcmi.o
 .comment       0x0000000000000043       0x44 ./Drivers/STM32U5xx_HAL_Driver/Src/stm32u5xx_hal_dma.o
 .comment       0x0000000000000043       0x44 ./Drivers/STM32U5xx_HAL_Driver/Src/stm32u5xx_hal_dma_ex.o
 .comment       0x0000000000000043       0x44 ./Drivers/STM32U5xx_HAL_Driver/Src/stm32u5xx_hal_gpio.o
 .comment       0x0000000000000043       0x44 ./Drivers/STM32U5xx_HAL_Driver/Src/stm32u5xx_hal_i2c.o
 .comment       0x0000000000000043       0x44 ./Drivers/STM32U5xx_HAL_Driver/Src/stm32u5xx_hal_i2c_ex.o
 .comment       0x0000000000000043       0x44 ./Drivers/STM32U5xx_HAL_Driver/Src/stm32u5xx_hal_icache.o
 .comment       0x0000000000000043       0x44 ./Drivers/STM32U5xx_HAL_Driver/Src/stm32u5xx_hal_pwr_ex.o
 .comment       0x0000000000000043       0x44 ./Drivers/STM32U5xx_HAL_Driver/Src/stm32u5xx_hal_rcc.o
 .comment       0x0000000000000043       0x44 ./Drivers/STM32U5xx_HAL_Driver/Src/stm32u5xx_hal_sram.o
 .comment       0x0000000000000043       0x44 ./Drivers/STM32U5xx_HAL_Driver/Src/stm32u5xx_ll_fmc.o

.debug_info     0x0000000000000000    0x1cce8
 .debug_info    0x0000000000000000      0x49e ./Core/Src/linked_list.o
 .debug_info    0x000000000000049e     0x245b ./Core/Src/main.o
 .debug_info    0x00000000000028f9     0x1227 ./Core/Src/stm32_lcd.o
 .debug_info    0x0000000000003b20     0x1341 ./Core/Src/stm32u5xx_hal_msp.o
 .debug_info    0x0000000000004e61      0x88c ./Core/Src/stm32u5xx_it.o
 .debug_info    0x00000000000056ed      0x8e0 ./Core/Src/system_stm32u5xx.o
 .debug_info    0x0000000000005fcd       0x23 ./Core/Startup/startup_stm32u575aiixq.o
 .debug_info    0x0000000000005ff0      0xe62 ./Drivers/BSP/Components/hx8347i/hx8347i.o
 .debug_info    0x0000000000006e52      0x1f4 ./Drivers/BSP/Components/hx8347i/hx8347i_reg.o
 .debug_info    0x0000000000007046     0x1a14 ./Drivers/BSP/Components/mfxstm32l152/mfxstm32l152.o
 .debug_info    0x0000000000008a5a      0x1e0 ./Drivers/BSP/Components/mfxstm32l152/mfxstm32l152_reg.o
 .debug_info    0x0000000000008c3a     0x1059 ./Drivers/BSP/Components/ov5640/ov5640.o
 .debug_info    0x0000000000009c93      0x1e0 ./Drivers/BSP/Components/ov5640/ov5640_reg.o
 .debug_info    0x0000000000009e73     0x136c ./Drivers/BSP/STM32U575I-EV/stm32u575i_eval.o
 .debug_info    0x000000000000b1df     0x1d81 ./Drivers/BSP/STM32U575I-EV/stm32u575i_eval_bus.o
 .debug_info    0x000000000000cf60     0x127a ./Drivers/BSP/STM32U575I-EV/stm32u575i_eval_io.o
 .debug_info    0x000000000000e1da     0x20d9 ./Drivers/BSP/STM32U575I-EV/stm32u575i_eval_lcd.o
 .debug_info    0x00000000000102b3     0x11ab ./Drivers/STM32U5xx_HAL_Driver/Src/stm32u5xx_hal.o
 .debug_info    0x000000000001145e     0x1564 ./Drivers/STM32U5xx_HAL_Driver/Src/stm32u5xx_hal_cortex.o
 .debug_info    0x00000000000129c2      0xd2a ./Drivers/STM32U5xx_HAL_Driver/Src/stm32u5xx_hal_dcmi.o
 .debug_info    0x00000000000136ec      0xad2 ./Drivers/STM32U5xx_HAL_Driver/Src/stm32u5xx_hal_dma.o
 .debug_info    0x00000000000141be     0x1902 ./Drivers/STM32U5xx_HAL_Driver/Src/stm32u5xx_hal_dma_ex.o
 .debug_info    0x0000000000015ac0      0x859 ./Drivers/STM32U5xx_HAL_Driver/Src/stm32u5xx_hal_gpio.o
 .debug_info    0x0000000000016319     0x22e2 ./Drivers/STM32U5xx_HAL_Driver/Src/stm32u5xx_hal_i2c.o
 .debug_info    0x00000000000185fb      0xa0d ./Drivers/STM32U5xx_HAL_Driver/Src/stm32u5xx_hal_i2c_ex.o
 .debug_info    0x0000000000019008      0x53a ./Drivers/STM32U5xx_HAL_Driver/Src/stm32u5xx_hal_icache.o
 .debug_info    0x0000000000019542      0xdf7 ./Drivers/STM32U5xx_HAL_Driver/Src/stm32u5xx_hal_pwr_ex.o
 .debug_info    0x000000000001a339     0x11f0 ./Drivers/STM32U5xx_HAL_Driver/Src/stm32u5xx_hal_rcc.o
 .debug_info    0x000000000001b529      0xfd3 ./Drivers/STM32U5xx_HAL_Driver/Src/stm32u5xx_hal_sram.o
 .debug_info    0x000000000001c4fc      0x7ec ./Drivers/STM32U5xx_HAL_Driver/Src/stm32u5xx_ll_fmc.o

.debug_abbrev   0x0000000000000000     0x3ef5
 .debug_abbrev  0x0000000000000000      0x127 ./Core/Src/linked_list.o
 .debug_abbrev  0x0000000000000127      0x363 ./Core/Src/main.o
 .debug_abbrev  0x000000000000048a      0x226 ./Core/Src/stm32_lcd.o
 .debug_abbrev  0x00000000000006b0      0x25d ./Core/Src/stm32u5xx_hal_msp.o
 .debug_abbrev  0x000000000000090d      0x188 ./Core/Src/stm32u5xx_it.o
 .debug_abbrev  0x0000000000000a95      0x129 ./Core/Src/system_stm32u5xx.o
 .debug_abbrev  0x0000000000000bbe       0x12 ./Core/Startup/startup_stm32u575aiixq.o
 .debug_abbrev  0x0000000000000bd0      0x213 ./Drivers/BSP/Components/hx8347i/hx8347i.o
 .debug_abbrev  0x0000000000000de3       0xdb ./Drivers/BSP/Components/hx8347i/hx8347i_reg.o
 .debug_abbrev  0x0000000000000ebe      0x25b ./Drivers/BSP/Components/mfxstm32l152/mfxstm32l152.o
 .debug_abbrev  0x0000000000001119       0xeb ./Drivers/BSP/Components/mfxstm32l152/mfxstm32l152_reg.o
 .debug_abbrev  0x0000000000001204      0x22c ./Drivers/BSP/Components/ov5640/ov5640.o
 .debug_abbrev  0x0000000000001430       0xeb ./Drivers/BSP/Components/ov5640/ov5640_reg.o
 .debug_abbrev  0x000000000000151b      0x311 ./Drivers/BSP/STM32U575I-EV/stm32u575i_eval.o
 .debug_abbrev  0x000000000000182c      0x34e ./Drivers/BSP/STM32U575I-EV/stm32u575i_eval_bus.o
 .debug_abbrev  0x0000000000001b7a      0x300 ./Drivers/BSP/STM32U575I-EV/stm32u575i_eval_io.o
 .debug_abbrev  0x0000000000001e7a      0x31e ./Drivers/BSP/STM32U575I-EV/stm32u575i_eval_lcd.o
 .debug_abbrev  0x0000000000002198      0x292 ./Drivers/STM32U5xx_HAL_Driver/Src/stm32u5xx_hal.o
 .debug_abbrev  0x000000000000242a      0x30d ./Drivers/STM32U5xx_HAL_Driver/Src/stm32u5xx_hal_cortex.o
 .debug_abbrev  0x0000000000002737      0x24c ./Drivers/STM32U5xx_HAL_Driver/Src/stm32u5xx_hal_dcmi.o
 .debug_abbrev  0x0000000000002983      0x1ff ./Drivers/STM32U5xx_HAL_Driver/Src/stm32u5xx_hal_dma.o
 .debug_abbrev  0x0000000000002b82      0x21d ./Drivers/STM32U5xx_HAL_Driver/Src/stm32u5xx_hal_dma_ex.o
 .debug_abbrev  0x0000000000002d9f      0x25a ./Drivers/STM32U5xx_HAL_Driver/Src/stm32u5xx_hal_gpio.o
 .debug_abbrev  0x0000000000002ff9      0x270 ./Drivers/STM32U5xx_HAL_Driver/Src/stm32u5xx_hal_i2c.o
 .debug_abbrev  0x0000000000003269      0x1bf ./Drivers/STM32U5xx_HAL_Driver/Src/stm32u5xx_hal_i2c_ex.o
 .debug_abbrev  0x0000000000003428      0x23b ./Drivers/STM32U5xx_HAL_Driver/Src/stm32u5xx_hal_icache.o
 .debug_abbrev  0x0000000000003663      0x215 ./Drivers/STM32U5xx_HAL_Driver/Src/stm32u5xx_hal_pwr_ex.o
 .debug_abbrev  0x0000000000003878      0x2cb ./Drivers/STM32U5xx_HAL_Driver/Src/stm32u5xx_hal_rcc.o
 .debug_abbrev  0x0000000000003b43      0x20d ./Drivers/STM32U5xx_HAL_Driver/Src/stm32u5xx_hal_sram.o
 .debug_abbrev  0x0000000000003d50      0x1a5 ./Drivers/STM32U5xx_HAL_Driver/Src/stm32u5xx_ll_fmc.o

.debug_aranges  0x0000000000000000     0x17c0
 .debug_aranges
                0x0000000000000000       0x20 ./Core/Src/linked_list.o
 .debug_aranges
                0x0000000000000020       0x88 ./Core/Src/main.o
 .debug_aranges
                0x00000000000000a8      0x110 ./Core/Src/stm32_lcd.o
 .debug_aranges
                0x00000000000001b8       0x50 ./Core/Src/stm32u5xx_hal_msp.o
 .debug_aranges
                0x0000000000000208       0x78 ./Core/Src/stm32u5xx_it.o
 .debug_aranges
                0x0000000000000280       0x28 ./Core/Src/system_stm32u5xx.o
 .debug_aranges
                0x00000000000002a8       0x28 ./Core/Startup/startup_stm32u575aiixq.o
 .debug_aranges
                0x00000000000002d0       0xd0 ./Drivers/BSP/Components/hx8347i/hx8347i.o
 .debug_aranges
                0x00000000000003a0       0x28 ./Drivers/BSP/Components/hx8347i/hx8347i_reg.o
 .debug_aranges
                0x00000000000003c8      0x1f8 ./Drivers/BSP/Components/mfxstm32l152/mfxstm32l152.o
 .debug_aranges
                0x00000000000005c0       0x28 ./Drivers/BSP/Components/mfxstm32l152/mfxstm32l152_reg.o
 .debug_aranges
                0x00000000000005e8       0xe8 ./Drivers/BSP/Components/ov5640/ov5640.o
 .debug_aranges
                0x00000000000006d0       0x28 ./Drivers/BSP/Components/ov5640/ov5640_reg.o
 .debug_aranges
                0x00000000000006f8       0xc8 ./Drivers/BSP/STM32U575I-EV/stm32u575i_eval.o
 .debug_aranges
                0x00000000000007c0      0x138 ./Drivers/BSP/STM32U575I-EV/stm32u575i_eval_bus.o
 .debug_aranges
                0x00000000000008f8       0x70 ./Drivers/BSP/STM32U575I-EV/stm32u575i_eval_io.o
 .debug_aranges
                0x0000000000000968       0xf8 ./Drivers/BSP/STM32U575I-EV/stm32u575i_eval_lcd.o
 .debug_aranges
                0x0000000000000a60      0x138 ./Drivers/STM32U5xx_HAL_Driver/Src/stm32u5xx_hal.o
 .debug_aranges
                0x0000000000000b98      0x130 ./Drivers/STM32U5xx_HAL_Driver/Src/stm32u5xx_hal_cortex.o
 .debug_aranges
                0x0000000000000cc8       0xc0 ./Drivers/STM32U5xx_HAL_Driver/Src/stm32u5xx_hal_dcmi.o
 .debug_aranges
                0x0000000000000d88       0xa0 ./Drivers/STM32U5xx_HAL_Driver/Src/stm32u5xx_hal_dma.o
 .debug_aranges
                0x0000000000000e28      0x1a0 ./Drivers/STM32U5xx_HAL_Driver/Src/stm32u5xx_hal_dma_ex.o
 .debug_aranges
                0x0000000000000fc8       0x78 ./Drivers/STM32U5xx_HAL_Driver/Src/stm32u5xx_hal_gpio.o
 .debug_aranges
                0x0000000000001040      0x2a0 ./Drivers/STM32U5xx_HAL_Driver/Src/stm32u5xx_hal_i2c.o
 .debug_aranges
                0x00000000000012e0       0x58 ./Drivers/STM32U5xx_HAL_Driver/Src/stm32u5xx_hal_i2c_ex.o
 .debug_aranges
                0x0000000000001338       0xa8 ./Drivers/STM32U5xx_HAL_Driver/Src/stm32u5xx_hal_icache.o
 .debug_aranges
                0x00000000000013e0      0x200 ./Drivers/STM32U5xx_HAL_Driver/Src/stm32u5xx_hal_pwr_ex.o
 .debug_aranges