../Core/Src/main.c:84:5:main	48	static
../Core/Src/main.c:239:6:SystemClock_Config	128	static
../Core/Src/main.c:293:13:SystemPower_Config	8	static
../Core/Src/main.c:318:13:MX_DCMI_Init	8	static
../Core/Src/main.c:364:13:MX_GPDMA1_Init	16	static
../Core/Src/main.c:406:13:MX_ICACHE_Init	8	static
../Core/Src/main.c:434:13:MX_FMC_Init	40	static
../Core/Src/main.c:495:13:MX_GPIO_Init	64	static
../Core/Src/main.c:789:13:MPU_Config	32	static
../Core/Src/main.c:820:6:HAL_DCMI_FrameEventCallback	16	static
../Core/Src/main.c:835:17:OV5640_Config	64	static
../Core/Src/main.c:933:13:Example_Description	16	static
../Core/Src/main.c:974:6:HAL_GPIO_EXTI_Rising_Callback	16	static
../Core/Src/main.c:986:6:Error_Handler	8	static,ignoring_inline_asm
