../Core/Src/main.c:84:5:main	48	static
../Core/Src/main.c:238:6:SystemClock_Config	128	static
../Core/Src/main.c:292:13:SystemPower_Config	8	static
../Core/Src/main.c:317:13:MX_DCMI_Init	8	static
../Core/Src/main.c:363:13:MX_GPDMA1_Init	16	static
../Core/Src/main.c:405:13:MX_ICACHE_Init	8	static
../Core/Src/main.c:433:13:MX_FMC_Init	40	static
../Core/Src/main.c:494:13:MX_GPIO_Init	64	static
../Core/Src/main.c:788:13:MPU_Config	32	static
../Core/Src/main.c:819:6:HAL_DCMI_FrameEventCallback	16	static
../Core/Src/main.c:834:17:OV5640_Config	64	static
../Core/Src/main.c:932:13:Example_Description	16	static
../Core/Src/main.c:973:6:HAL_GPIO_EXTI_Rising_Callback	16	static
../Core/Src/main.c:985:6:Error_Handler	8	static,ignoring_inline_asm
