../Drivers/BSP/Components/hx8347i/hx8347i.c:97:9:HX8347I_RegisterBusIO	24	static
../Drivers/BSP/Components/hx8347i/hx8347i.c:138:9:HX8347I_Init	32	static
../Drivers/BSP/Components/hx8347i/hx8347i.c:260:9:HX8347I_DeInit	24	static
../Drivers/BSP/Components/hx8347i/hx8347i.c:308:9:HX8347I_ReadID	24	static
../Drivers/BSP/Components/hx8347i/hx8347i.c:331:9:HX8347I_DisplayOn	24	static
../Drivers/BSP/Components/hx8347i/hx8347i.c:358:9:HX8347I_DisplayOff	24	static
../Drivers/BSP/Components/hx8347i/hx8347i.c:386:9:HX8347I_SetBrightness	16	static
../Drivers/BSP/Components/hx8347i/hx8347i.c:400:9:HX8347I_GetBrightness	16	static
../Drivers/BSP/Components/hx8347i/hx8347i.c:414:9:HX8347I_SetOrientation	24	static
../Drivers/BSP/Components/hx8347i/hx8347i.c:484:9:HX8347I_GetOrientation	24	static
../Drivers/BSP/Components/hx8347i/hx8347i.c:500:9:HX8347I_SetCursor	32	static
../Drivers/BSP/Components/hx8347i/hx8347i.c:532:9:HX8347I_DrawBitmap	56	static
../Drivers/BSP/Components/hx8347i/hx8347i.c:703:9:HX8347I_FillRGBRect	688	static
../Drivers/BSP/Components/hx8347i/hx8347i.c:747:9:HX8347I_DrawHLine	680	static
../Drivers/BSP/Components/hx8347i/hx8347i.c:783:9:HX8347I_DrawVLine	680	static
../Drivers/BSP/Components/hx8347i/hx8347i.c:894:9:HX8347I_FillRect	40	static
../Drivers/BSP/Components/hx8347i/hx8347i.c:920:9:HX8347I_GetPixel	40	static
../Drivers/BSP/Components/hx8347i/hx8347i.c:952:9:HX8347I_SetPixel	32	static
../Drivers/BSP/Components/hx8347i/hx8347i.c:976:9:HX8347I_GetXSize	24	static
../Drivers/BSP/Components/hx8347i/hx8347i.c:998:9:HX8347I_GetYSize	24	static
../Drivers/BSP/Components/hx8347i/hx8347i.c:1028:16:HX8347I_ReadRegWrap	40	static
../Drivers/BSP/Components/hx8347i/hx8347i.c:1043:16:HX8347I_WriteRegWrap	40	static
../Drivers/BSP/Components/hx8347i/hx8347i.c:1055:13:HX8347I_Delay	24	static
