../Core/Src/main.c:100:5:_write	24	static
../Core/Src/main.c:110:5:main	8	static
../Core/Src/main.c:292:6:SystemClock_Config	128	static
../Core/Src/main.c:346:13:SystemPower_Config	8	static
../Core/Src/main.c:371:13:MX_GPDMA1_Init	16	static
../Core/Src/main.c:429:13:MX_ICACHE_Init	8	static
../Core/Src/main.c:461:13:MX_PSSI_Init	8	static
../Core/Src/main.c:493:13:MX_USART1_UART_Init	8	static
../Core/Src/main.c:541:13:MX_GPIO_Init	56	static
../Core/Src/main.c:728:6:HAL_PSSI_TxCpltCallback	16	static
../Core/Src/main.c:737:7:HAL_PSSI_RxCpltCallback	16	static
../Core/Src/main.c:747:6:HAL_PSSI_ErrorCallback	16	static
../Core/Src/main.c:757:6:Error_Handler	4	static,ignoring_inline_asm
