../Core/Src/main.c:84:5:main	56	static
../Core/Src/main.c:308:6:SystemClock_Config	128	static
../Core/Src/main.c:362:13:SystemPower_Config	8	static
../Core/Src/main.c:387:13:MX_DCMI_Init	8	static
../Core/Src/main.c:433:13:MX_GPDMA1_Init	16	static
../Core/Src/main.c:475:13:MX_ICACHE_Init	8	static
../Core/Src/main.c:503:13:MX_FMC_Init	40	static
../Core/Src/main.c:564:13:MX_GPIO_Init	64	static
../Core/Src/main.c:858:13:MPU_Config	32	static
../Core/Src/main.c:889:6:HAL_DCMI_FrameEventCallback	16	static
../Core/Src/main.c:904:17:OV5640_Config	64	static
../Core/Src/main.c:1002:13:Example_Description	16	static
../Core/Src/main.c:1043:6:HAL_GPIO_EXTI_Rising_Callback	16	static
../Core/Src/main.c:1055:6:Error_Handler	8	static,ignoring_inline_asm
