Archive member included to satisfy reference by file (symbol)

/opt/st/stm32cubeide_1.12.1/plugins/com.st.stm32cube.ide.mcu.externaltools.gnu-tools-for-stm32.10.3-2021.10.linux64_1.0.200.202301161003/tools/bin/../lib/gcc/arm-none-eabi/10.3.1/../../../../arm-none-eabi/lib/thumb/v8-m.main+fp/hard/libc_nano.a(lib_a-errno.o)
                              ./Core/Src/syscalls.o (__errno)
/opt/st/stm32cubeide_1.12.1/plugins/com.st.stm32cube.ide.mcu.externaltools.gnu-tools-for-stm32.10.3-2021.10.linux64_1.0.200.202301161003/tools/bin/../lib/gcc/arm-none-eabi/10.3.1/../../../../arm-none-eabi/lib/thumb/v8-m.main+fp/hard/libc_nano.a(lib_a-exit.o)
                              /opt/st/stm32cubeide_1.12.1/plugins/com.st.stm32cube.ide.mcu.externaltools.gnu-tools-for-stm32.10.3-2021.10.linux64_1.0.200.202301161003/tools/bin/../lib/gcc/arm-none-eabi/10.3.1/../../../../arm-none-eabi/lib/thumb/v8-m.main+fp/hard/crt0.o (exit)
/opt/st/stm32cubeide_1.12.1/plugins/com.st.stm32cube.ide.mcu.externaltools.gnu-tools-for-stm32.10.3-2021.10.linux64_1.0.200.202301161003/tools/bin/../lib/gcc/arm-none-eabi/10.3.1/../../../../arm-none-eabi/lib/thumb/v8-m.main+fp/hard/libc_nano.a(lib_a-impure.o)
                              /opt/st/stm32cubeide_1.12.1/plugins/com.st.stm32cube.ide.mcu.externaltools.gnu-tools-for-stm32.10.3-2021.10.linux64_1.0.200.202301161003/tools/bin/../lib/gcc/arm-none-eabi/10.3.1/../../../../arm-none-eabi/lib/thumb/v8-m.main+fp/hard/libc_nano.a(lib_a-exit.o) (_global_impure_ptr)
/opt/st/stm32cubeide_1.12.1/plugins/com.st.stm32cube.ide.mcu.externaltools.gnu-tools-for-stm32.10.3-2021.10.linux64_1.0.200.202301161003/tools/bin/../lib/gcc/arm-none-eabi/10.3.1/../../../../arm-none-eabi/lib/thumb/v8-m.main+fp/hard/libc_nano.a(lib_a-init.o)
                              /opt/st/stm32cubeide_1.12.1/plugins/com.st.stm32cube.ide.mcu.externaltools.gnu-tools-for-stm32.10.3-2021.10.linux64_1.0.200.202301161003/tools/bin/../lib/gcc/arm-none-eabi/10.3.1/../../../../arm-none-eabi/lib/thumb/v8-m.main+fp/hard/crt0.o (__libc_init_array)
/opt/st/stm32cubeide_1.12.1/plugins/com.st.stm32cube.ide.mcu.externaltools.gnu-tools-for-stm32.10.3-2021.10.linux64_1.0.200.202301161003/tools/bin/../lib/gcc/arm-none-eabi/10.3.1/../../../../arm-none-eabi/lib/thumb/v8-m.main+fp/hard/libc_nano.a(lib_a-memset.o)
                              /opt/st/stm32cubeide_1.12.1/plugins/com.st.stm32cube.ide.mcu.externaltools.gnu-tools-for-stm32.10.3-2021.10.linux64_1.0.200.202301161003/tools/bin/../lib/gcc/arm-none-eabi/10.3.1/../../../../arm-none-eabi/lib/thumb/v8-m.main+fp/hard/crt0.o (memset)

Discarded input sections

 .text          0x0000000000000000        0x0 /opt/st/stm32cubeide_1.12.1/plugins/com.st.stm32cube.ide.mcu.externaltools.gnu-tools-for-stm32.10.3-2021.10.linux64_1.0.200.202301161003/tools/bin/../lib/gcc/arm-none-eabi/10.3.1/thumb/v8-m.main+fp/hard/crti.o
 .data          0x0000000000000000        0x0 /opt/st/stm32cubeide_1.12.1/plugins/com.st.stm32cube.ide.mcu.externaltools.gnu-tools-for-stm32.10.3-2021.10.linux64_1.0.200.202301161003/tools/bin/../lib/gcc/arm-none-eabi/10.3.1/thumb/v8-m.main+fp/hard/crti.o
 .bss           0x0000000000000000        0x0 /opt/st/stm32cubeide_1.12.1/plugins/com.st.stm32cube.ide.mcu.externaltools.gnu-tools-for-stm32.10.3-2021.10.linux64_1.0.200.202301161003/tools/bin/../lib/gcc/arm-none-eabi/10.3.1/thumb/v8-m.main+fp/hard/crti.o
 .data          0x0000000000000000        0x4 /opt/st/stm32cubeide_1.12.1/plugins/com.st.stm32cube.ide.mcu.externaltools.gnu-tools-for-stm32.10.3-2021.10.linux64_1.0.200.202301161003/tools/bin/../lib/gcc/arm-none-eabi/10.3.1/thumb/v8-m.main+fp/hard/crtbegin.o
 .rodata        0x0000000000000000       0x24 /opt/st/stm32cubeide_1.12.1/plugins/com.st.stm32cube.ide.mcu.externaltools.gnu-tools-for-stm32.10.3-2021.10.linux64_1.0.200.202301161003/tools/bin/../lib/gcc/arm-none-eabi/10.3.1/thumb/v8-m.main+fp/hard/crtbegin.o
 .text          0x0000000000000000       0x7c /opt/st/stm32cubeide_1.12.1/plugins/com.st.stm32cube.ide.mcu.externaltools.gnu-tools-for-stm32.10.3-2021.10.linux64_1.0.200.202301161003/tools/bin/../lib/gcc/arm-none-eabi/10.3.1/../../../../arm-none-eabi/lib/thumb/v8-m.main+fp/hard/crt0.o
 .data          0x0000000000000000        0x0 /opt/st/stm32cubeide_1.12.1/plugins/com.st.stm32cube.ide.mcu.externaltools.gnu-tools-for-stm32.10.3-2021.10.linux64_1.0.200.202301161003/tools/bin/../lib/gcc/arm-none-eabi/10.3.1/../../../../arm-none-eabi/lib/thumb/v8-m.main+fp/hard/crt0.o
 .bss           0x0000000000000000        0x0 /opt/st/stm32cubeide_1.12.1/plugins/com.st.stm32cube.ide.mcu.externaltools.gnu-tools-for-stm32.10.3-2021.10.linux64_1.0.200.202301161003/tools/bin/../lib/gcc/arm-none-eabi/10.3.1/../../../../arm-none-eabi/lib/thumb/v8-m.main+fp/hard/crt0.o
[...]
Memory Configuration

Name             Origin             Length             Attributes
RAM              0x0000000020000000 0x00000000000c0000 xrw
SRAM4            0x0000000028000000 0x0000000000004000 xrw
FLASH            0x0000000008000000 0x0000000000200000 xr
*default*        0x0000000000000000 0xffffffffffffffff

Linker script and memory map

LOAD /opt/st/stm32cubeide_1.12.1/plugins/com.st.stm32cube.ide.mcu.externaltools.gnu-tools-for-stm32.10.3-2021.10.linux64_1.0.200.202301161003/tools/bin/../lib/gcc/arm-none-eabi/10.3.1/thumb/v8-m.main+fp/hard/crti.o
LOAD /opt/st/stm32cubeide_1.12.1/plugins/com.st.stm32cube.ide.mcu.externaltools.gnu-tools-for-stm32.10.3-2021.10.linux64_1.0.200.202301161003/tools/bin/../lib/gcc/arm-none-eabi/10.3.1/thumb/v8-m.main+fp/hard/crtbegin.o
LOAD /opt/st/stm32cubeide_1.12.1/plugins/com.st.stm32cube.ide.mcu.externaltools.gnu-tools-for-stm32.10.3-2021.10.linux64_1.0.200.202301161003/tools/bin/../lib/gcc/arm-none-eabi/10.3.1/../../../../arm-none-eabi/lib/thumb/v8-m.main+fp/hard/crt0.o
LOAD ./Core/Src/linked_list.o
LOAD ./Core/Src/main.o
LOAD ./Core/Src/stm32_lcd.o
LOAD ./Core/Src/stm32u5xx_hal_msp.o
LOAD ./Core/Src/stm32u5xx_it.o
LOAD ./Core/Src/syscalls.o
LOAD ./Core/Src/sysmem.o
LOAD ./Core/Src/system_stm32u5xx.o
LOAD ./Core/Startup/startup_stm32u575aiixq.o
LOAD ./Drivers/BSP/Components/cs42l51/cs42l51.o
LOAD ./Drivers/BSP/Components/cs42l51/cs42l51_reg.o
LOAD ./Drivers/BSP/Components/hx8347i/hx8347i.o
LOAD ./Drivers/BSP/Components/hx8347i/hx8347i_reg.o
LOAD ./Drivers/BSP/Components/lsm6dso/lsm6dso.o
LOAD ./Drivers/BSP/Components/lsm6dso/lsm6dso_reg.o
LOAD ./Drivers/BSP/Components/m24256/m24256.o
LOAD ./Drivers/BSP/Components/mfxstm32l152/mfxstm32l152.o
LOAD ./Drivers/BSP/Components/mfxstm32l152/mfxstm32l152_reg.o
LOAD ./Drivers/BSP/Components/ov5640/ov5640.o
LOAD ./Drivers/BSP/Components/ov5640/ov5640_reg.o
LOAD ./Drivers/BSP/Components/tcpp0203/tcpp0203.o
LOAD ./Drivers/BSP/Components/tcpp0203/tcpp0203_reg.o
LOAD ./Drivers/BSP/STM32U575I-EV/stm32u575i_eval.o
LOAD ./Drivers/BSP/STM32U575I-EV/stm32u575i_eval_bus.o
LOAD ./Drivers/BSP/STM32U575I-EV/stm32u575i_eval_eeprom.o
LOAD ./Drivers/BSP/STM32U575I-EV/stm32u575i_eval_io.o
LOAD ./Drivers/BSP/STM32U575I-EV/stm32u575i_eval_lcd.o
LOAD ./Drivers/BSP/STM32U575I-EV/stm32u575i_eval_sram.o
LOAD ./Drivers/STM32U5xx_HAL_Driver/Src/stm32u5xx_hal.o
LOAD ./Drivers/STM32U5xx_HAL_Driver/Src/stm32u5xx_hal_cortex.o
LOAD ./Drivers/STM32U5xx_HAL_Driver/Src/stm32u5xx_hal_dcmi.o
LOAD ./Drivers/STM32U5xx_HAL_Driver/Src/stm32u5xx_hal_dma.o
LOAD ./Drivers/STM32U5xx_HAL_Driver/Src/stm32u5xx_hal_dma_ex.o
LOAD ./Drivers/STM32U5xx_HAL_Driver/Src/stm32u5xx_hal_exti.o
LOAD ./Drivers/STM32U5xx_HAL_Driver/Src/stm32u5xx_hal_flash.o
LOAD ./Drivers/STM32U5xx_HAL_Driver/Src/stm32u5xx_hal_flash_ex.o
LOAD ./Drivers/STM32U5xx_HAL_Driver/Src/stm32u5xx_hal_gpio.o
LOAD ./Drivers/STM32U5xx_HAL_Driver/Src/stm32u5xx_hal_gtzc.o
LOAD ./Drivers/STM32U5xx_HAL_Driver/Src/stm32u5xx_hal_i2c.o
LOAD ./Drivers/STM32U5xx_HAL_Driver/Src/stm32u5xx_hal_i2c_ex.o
LOAD ./Drivers/STM32U5xx_HAL_Driver/Src/stm32u5xx_hal_icache.o
LOAD ./Drivers/STM32U5xx_HAL_Driver/Src/stm32u5xx_hal_pwr.o
LOAD ./Drivers/STM32U5xx_HAL_Driver/Src/stm32u5xx_hal_pwr_ex.o
LOAD ./Drivers/STM32U5xx_HAL_Driver/Src/stm32u5xx_hal_rcc.o
LOAD ./Drivers/STM32U5xx_HAL_Driver/Src/stm32u5xx_hal_rcc_ex.o
LOAD ./Drivers/STM32U5xx_HAL_Driver/Src/stm32u5xx_hal_sram.o
LOAD ./Drivers/STM32U5xx_HAL_Driver/Src/stm32u5xx_hal_tim.o
LOAD ./Drivers/STM32U5xx_HAL_Driver/Src/stm32u5xx_hal_tim_ex.o
LOAD ./Drivers/STM32U5xx_HAL_Driver/Src/stm32u5xx_ll_fmc.o
START GROUP
LOAD /opt/st/stm32cubeide_1.12.1/plugins/com.st.stm32cube.ide.mcu.externaltools.gnu-tools-for-stm32.10.3-2021.10.linux64_1.0.200.202301161003/tools/bin/../lib/gcc/arm-none-eabi/10.3.1/../../../../arm-none-eabi/lib/thumb/v8-m.main+fp/hard/libc_nano.a
LOAD /opt/st/stm32cubeide_1.12.1/plugins/com.st.stm32cube.ide.mcu.externaltools.gnu-tools-for-stm32.10.3-2021.10.linux64_1.0.200.202301161003/tools/bin/../lib/gcc/arm-none-eabi/10.3.1/../../../../arm-none-eabi/lib/thumb/v8-m.main+fp/hard/libm.a
END GROUP
START GROUP
LOAD /opt/st/stm32cubeide_1.12.1/plugins/com.st.stm32cube.ide.mcu.externaltools.gnu-tools-for-stm32.10.3-2021.10.linux64_1.0.200.202301161003/tools/bin/../lib/gcc/arm-none-eabi/10.3.1/thumb/v8-m.main+fp/hard/libgcc.a
LOAD /opt/st/stm32cubeide_1.12.1/plugins/com.st.stm32cube.ide.mcu.externaltools.gnu-tools-for-stm32.10.3-2021.10.linux64_1.0.200.202301161003/tools/bin/../lib/gcc/arm-none-eabi/10.3.1/../../../../arm-none-eabi/lib/thumb/v8-m.main+fp/hard/libc_nano.a
END GROUP
START GROUP
LOAD /opt/st/stm32cubeide_1.12.1/plugins/com.st.stm32cube.ide.mcu.externaltools.gnu-tools-for-stm32.10.3-2021.10.linux64_1.0.200.202301161003/tools/bin/../lib/gcc/arm-none-eabi/10.3.1/thumb/v8-m.main+fp/hard/libgcc.a
LOAD /opt/st/stm32cubeide_1.12.1/plugins/com.st.stm32cube.ide.mcu.externaltools.gnu-tools-for-stm32.10.3-2021.10.linux64_1.0.200.202301161003/tools/bin/../lib/gcc/arm-none-eabi/10.3.1/../../../../arm-none-eabi/lib/thumb/v8-m.main+fp/hard/libc_nano.a
LOAD /opt/st/stm32cubeide_1.12.1/plugins/com.st.stm32cube.ide.mcu.externaltools.gnu-tools-for-stm32.10.3-2021.10.linux64_1.0.200.202301161003/tools/bin/../lib/gcc/arm-none-eabi/10.3.1/../../../../arm-none-eabi/lib/thumb/v8-m.main+fp/hard/libnosys.a
END GROUP
START GROUP
LOAD /opt/st/stm32cubeide_1.12.1/plugins/com.st.stm32cube.ide.mcu.externaltools.gnu-tools-for-stm32.10.3-2021.10.linux64_1.0.200.202301161003/tools/bin/../lib/gcc/arm-none-eabi/10.3.1/thumb/v8-m.main+fp/hard/libgcc.a
LOAD /opt/st/stm32cubeide_1.12.1/plugins/com.st.stm32cube.ide.mcu.externaltools.gnu-tools-for-stm32.10.3-2021.10.linux64_1.0.200.202301161003/tools/bin/../lib/gcc/arm-none-eabi/10.3.1/../../../../arm-none-eabi/lib/thumb/v8-m.main+fp/hard/libc_nano.a
LOAD /opt/st/stm32cubeide_1.12.1/plugins/com.st.stm32cube.ide.mcu.externaltools.gnu-tools-for-stm32.10.3-2021.10.linux64_1.0.200.202301161003/tools/bin/../lib/gcc/arm-none-eabi/10.3.1/../../../../arm-none-eabi/lib/thumb/v8-m.main+fp/hard/libnosys.a
END GROUP
LOAD /opt/st/stm32cubeide_1.12.1/plugins/com.st.stm32cube.ide.mcu.externaltools.gnu-tools-for-stm32.10.3-2021.10.linux64_1.0.200.202301161003/tools/bin/../lib/gcc/arm-none-eabi/10.3.1/thumb/v8-m.main+fp/hard/crtend.o
LOAD /opt/st/stm32cubeide_1.12.1/plugins/com.st.stm32cube.ide.mcu.externaltools.gnu-tools-for-stm32.10.3-2021.10.linux64_1.0.200.202301161003/tools/bin/../lib/gcc/arm-none-eabi/10.3.1/thumb/v8-m.main+fp/hard/crtn.o
                0x00000000200c0000                _estack = (ORIGIN (RAM) + LENGTH (RAM))
                0x0000000000000200                _Min_Heap_Size = 0x200
                0x0000000000000400                _Min_Stack_Size = 0x400

.isr_vector     0x0000000008000000      0x238
 *(.isr_vector)
 .isr_vector    0x0000000008000000      0x238 ./Core/Startup/startup_stm32u575aiixq.o
                0x0000000008000000                g_pfnVectors

.text           0x0000000008000238     0xb260
 *(.text)
 .text          0x0000000008000238       0x40 /opt/st/stm32cubeide_1.12.1/plugins/com.st.stm32cube.ide.mcu.externaltools.gnu-tools-for-stm32.10.3-2021.10.linux64_1.0.200.202301161003/tools/bin/../lib/gcc/arm-none-eabi/10.3.1/thumb/v8-m.main+fp/hard/crtbegin.o
 *(.text*)
 .text.MX_DCMIQueue_Config
                0x0000000008000278       0xf8 ./Core/Src/linked_list.o
                0x0000000008000278                MX_DCMIQueue_Config
 .text.main     0x0000000008000370      0x15c ./Core/Src/main.o
                0x0000000008000370                main
 .text.SystemClock_Config
                0x00000000080004cc       0xb8 ./Core/Src/main.o
                0x00000000080004cc                SystemClock_Config
 .text.SystemPower_Config
                0x0000000008000584       0x20 ./Core/Src/main.o
 .text.MX_DCMI_Init
                0x00000000080005a4       0xa4 ./Core/Src/main.o
 .text.MX_GPDMA1_Init
                0x0000000008000648       0x94 ./Core/Src/main.o
 .text.MX_ICACHE_Init
                0x00000000080006dc       0x26 ./Core/Src/main.o
 *fill*         0x0000000008000702        0x2 
 .text.MX_FMC_Init
                0x0000000008000704       0xd0 ./Core/Src/main.o
 .text.MX_GPIO_Init
                0x00000000080007d4      0x5b4 ./Core/Src/main.o
 .text.MPU_Config
                0x0000000008000d88       0x58 ./Core/Src/main.o
 .text.HAL_DCMI_FrameEventCallback
                0x0000000008000de0       0x24 ./Core/Src/main.o
                0x0000000008000de0                HAL_DCMI_FrameEventCallback
 .text.OV5640_Config
                0x0000000008000e04      0x17c ./Core/Src/main.o
 .text.Example_Description
                0x0000000008000f80      0x114 ./Core/Src/main.o
 .text.HAL_GPIO_EXTI_Rising_Callback
                0x0000000008001094       0x20 ./Core/Src/main.o
                0x0000000008001094                HAL_GPIO_EXTI_Rising_Callback
 .text.Error_Handler
                0x00000000080010b4       0x16 ./Core/Src/main.o
                0x00000000080010b4                Error_Handler
 *fill*         0x00000000080010ca        0x2 
 .text.UTIL_LCD_SetFuncDriver
                0x00000000080010cc       0xac ./Core/Src/stm32_lcd.o
                0x00000000080010cc                UTIL_LCD_SetFuncDriver
 .text.UTIL_LCD_SetTextColor
                0x0000000008001178       0x28 ./Core/Src/stm32_lcd.o
                0x0000000008001178                UTIL_LCD_SetTextColor
 .text.UTIL_LCD_SetBackColor
                0x00000000080011a0       0x28 ./Core/Src/stm32_lcd.o
                0x00000000080011a0                UTIL_LCD_SetBackColor
 .text.UTIL_LCD_SetFont
                0x00000000080011c8       0x28 ./Core/Src/stm32_lcd.o
                0x00000000080011c8                UTIL_LCD_SetFont
 .text.UTIL_LCD_FillRGBRect
                0x00000000080011f0       0x38 ./Core/Src/stm32_lcd.o
                0x00000000080011f0                UTIL_LCD_FillRGBRect
 .text.UTIL_LCD_Clear
                0x0000000008001228       0x2c ./Core/Src/stm32_lcd.o
                0x0000000008001228                UTIL_LCD_Clear
 .text.UTIL_LCD_DisplayChar
                0x0000000008001254       0x6c ./Core/Src/stm32_lcd.o
                0x0000000008001254                UTIL_LCD_DisplayChar
 .text.UTIL_LCD_DisplayStringAt
                0x00000000080012c0      0x15c ./Core/Src/stm32_lcd.o
                0x00000000080012c0                UTIL_LCD_DisplayStringAt
 .text.UTIL_LCD_FillRect
                0x000000000800141c       0x74 ./Core/Src/stm32_lcd.o
                0x000000000800141c                UTIL_LCD_FillRect
 .text.DrawChar
                0x0000000008001490      0x2b4 ./Core/Src/stm32_lcd.o
 .text.HAL_MspInit
                0x0000000008001744       0x38 ./Core/Src/stm32u5xx_hal_msp.o
                0x0000000008001744                HAL_MspInit
 .text.HAL_DCMI_MspInit
                0x000000000800177c       0xe8 ./Core/Src/stm32u5xx_hal_msp.o
                0x000000000800177c                HAL_DCMI_MspInit
 .text.HAL_FMC_MspInit
                0x0000000008001864       0xe4 ./Core/Src/stm32u5xx_hal_msp.o
 .text.HAL_SRAM_MspInit
                0x0000000008001948       0x14 ./Core/Src/stm32u5xx_hal_msp.o
                0x0000000008001948                HAL_SRAM_MspInit
 .text.HAL_FMC_MspDeInit
                0x000000000800195c       0x68 ./Core/Src/stm32u5xx_hal_msp.o
 .text.HAL_SRAM_MspDeInit
                0x00000000080019c4       0x14 ./Core/Src/stm32u5xx_hal_msp.o
                0x00000000080019c4                HAL_SRAM_MspDeInit
 .text.NMI_Handler
                0x00000000080019d8        0x6 ./Core/Src/stm32u5xx_it.o
                0x00000000080019d8                NMI_Handler
 .text.HardFault_Handler
                0x00000000080019de        0x6 ./Core/Src/stm32u5xx_it.o
                0x00000000080019de                HardFault_Handler
 .text.MemManage_Handler
                0x00000000080019e4        0x6 ./Core/Src/stm32u5xx_it.o
                0x00000000080019e4                MemManage_Handler
 .text.BusFault_Handler
                0x00000000080019ea        0x6 ./Core/Src/stm32u5xx_it.o
                0x00000000080019ea                BusFault_Handler
 .text.UsageFault_Handler
                0x00000000080019f0        0x6 ./Core/Src/stm32u5xx_it.o
                0x00000000080019f0                UsageFault_Handler
 .text.SVC_Handler
                0x00000000080019f6        0xe ./Core/Src/stm32u5xx_it.o
                0x00000000080019f6                SVC_Handler
 .text.DebugMon_Handler
                0x0000000008001a04        0xe ./Core/Src/stm32u5xx_it.o
                0x0000000008001a04                DebugMon_Handler
 .text.PendSV_Handler
                0x0000000008001a12        0xe ./Core/Src/stm32u5xx_it.o
                0x0000000008001a12                PendSV_Handler
 .text.SysTick_Handler
                0x0000000008001a20        0xc ./Core/Src/stm32u5xx_it.o
                0x0000000008001a20                SysTick_Handler
 .text.EXTI13_IRQHandler
                0x0000000008001a2c       0x10 ./Core/Src/stm32u5xx_it.o
                0x0000000008001a2c                EXTI13_IRQHandler
 .text.GPDMA1_Channel12_IRQHandler
                0x0000000008001a3c       0x14 ./Core/Src/stm32u5xx_it.o
                0x0000000008001a3c                GPDMA1_Channel12_IRQHandler
 .text.DCMI_PSSI_IRQHandler
                0x0000000008001a50       0x14 ./Core/Src/stm32u5xx_it.o
                0x0000000008001a50                DCMI_PSSI_IRQHandler
 .text.SystemInit
                0x0000000008001a64       0x70 ./Core/Src/system_stm32u5xx.o
                0x0000000008001a64                SystemInit
 .text.Reset_Handler
                0x0000000008001ad4       0x50 ./Core/Startup/startup_stm32u575aiixq.o
                0x0000000008001ad4                Reset_Handler
 .text.Default_Handler
                0x0000000008001b24        0x2 ./Core/Startup/startup_stm32u575aiixq.o
                0x0000000008001b24                EXTI2_IRQHandler
                0x0000000008001b24                TIM8_TRG_COM_IRQHandler
                0x0000000008001b24                TIM8_CC_IRQHandler
                0x0000000008001b24                EXTI5_IRQHandler
                0x0000000008001b24                FLASH_S_IRQHandler
                0x0000000008001b24                TIM1_CC_IRQHandler
                0x0000000008001b24                TSC_IRQHandler
                0x0000000008001b24                TAMP_IRQHandler
                0x0000000008001b24                TIM6_IRQHandler
                0x0000000008001b24                EXTI12_IRQHandler
                0x0000000008001b24                CORDIC_IRQHandler
                0x0000000008001b24                EXTI3_IRQHandler
                0x0000000008001b24                LPTIM4_IRQHandler
                0x0000000008001b24                GPDMA1_Channel5_IRQHandler
                0x0000000008001b24                EXTI8_IRQHandler
                0x0000000008001b24                LPTIM2_IRQHandler
                0x0000000008001b24                I2C3_ER_IRQHandler
                0x0000000008001b24                PWR_S3WU_IRQHandler
                0x0000000008001b24                MDF1_FLT2_IRQHandler
                0x0000000008001b24                LPDMA1_Channel3_IRQHandler
                0x0000000008001b24                LPTIM3_IRQHandler
                0x0000000008001b24                EXTI0_IRQHandler
                0x0000000008001b24                I2C2_EV_IRQHandler
                0x0000000008001b24                FPU_IRQHandler
                0x0000000008001b24                GPDMA1_Channel3_IRQHandler
                0x0000000008001b24                GPDMA1_Channel7_IRQHandler
                0x0000000008001b24                MDF1_FLT4_IRQHandler
                0x0000000008001b24                FDCAN1_IT1_IRQHandler
                0x0000000008001b24                RAMCFG_IRQHandler
                0x0000000008001b24                GPDMA1_Channel9_IRQHandler
                0x0000000008001b24                DCACHE1_IRQHandler
                0x0000000008001b24                SPI1_IRQHandler
                0x0000000008001b24                OCTOSPI1_IRQHandler
                0x0000000008001b24                GPDMA1_Channel2_IRQHandler
                0x0000000008001b24                TIM8_UP_IRQHandler
                0x0000000008001b24                RCC_S_IRQHandler
                0x0000000008001b24                OCTOSPI2_IRQHandler
                0x0000000008001b24                SAI2_IRQHandler
                0x0000000008001b24                MDF1_FLT1_IRQHandler
                0x0000000008001b24                ADC1_IRQHandler
                0x0000000008001b24                MDF1_FLT5_IRQHandler
                0x0000000008001b24                EXTI15_IRQHandler
                0x0000000008001b24                TIM17_IRQHandler
                0x0000000008001b24                USART3_IRQHandler
                0x0000000008001b24                RTC_IRQHandler
                0x0000000008001b24                EXTI9_IRQHandler
                0x0000000008001b24                UART5_IRQHandler
                0x0000000008001b24                TIM4_IRQHandler
                0x0000000008001b24                I2C1_EV_IRQHandler
                0x0000000008001b24                GPDMA1_Channel1_IRQHandler
                0x0000000008001b24                TIM16_IRQHandler
                0x0000000008001b24                GPDMA1_Channel15_IRQHandler
                0x0000000008001b24                UART4_IRQHandler
                0x0000000008001b24                SecureFault_Handler
                0x0000000008001b24                TIM3_IRQHandler
                0x0000000008001b24                RCC_IRQHandler
                0x0000000008001b24                TIM1_TRG_COM_IRQHandler
                0x0000000008001b24                Default_Handler
                0x0000000008001b24                GPDMA1_Channel8_IRQHandler
                0x0000000008001b24                FMAC_IRQHandler
                0x0000000008001b24                GPDMA1_Channel11_IRQHandler
                0x0000000008001b24                TIM7_IRQHandler
                0x0000000008001b24                SDMMC1_IRQHandler
                0x0000000008001b24                TIM5_IRQHandler
                0x0000000008001b24                UCPD1_IRQHandler
                0x0000000008001b24                GPDMA1_Channel0_IRQHandler
                0x0000000008001b24                TIM15_IRQHandler
                0x0000000008001b24                I2C3_EV_IRQHandler
                0x0000000008001b24                LPDMA1_Channel0_IRQHandler
                0x0000000008001b24                PVD_PVM_IRQHandler
                0x0000000008001b24                SPI2_IRQHandler
                0x0000000008001b24                LPDMA1_Channel1_IRQHandler
                0x0000000008001b24                EXTI14_IRQHandler
                0x0000000008001b24                EXTI11_IRQHandler
                0x0000000008001b24                CRS_IRQHandler
                0x0000000008001b24                GPDMA1_Channel14_IRQHandler
                0x0000000008001b24                LSECSSD_IRQHandler
                0x0000000008001b24                EXTI4_IRQHandler
                0x0000000008001b24                RTC_S_IRQHandler
                0x0000000008001b24                GPDMA1_Channel13_IRQHandler
                0x0000000008001b24                RNG_IRQHandler
                0x0000000008001b24                COMP_IRQHandler
                0x0000000008001b24                TIM1_UP_IRQHandler
                0x0000000008001b24                ADC4_IRQHandler
                0x0000000008001b24                WWDG_IRQHandler
                0x0000000008001b24                I2C4_EV_IRQHandler
                0x0000000008001b24                ADF1_IRQHandler
                0x0000000008001b24                IWDG_IRQHandler
                0x0000000008001b24                LPUART1_IRQHandler
                0x0000000008001b24                MDF1_FLT0_IRQHandler
                0x0000000008001b24                FDCAN1_IT0_IRQHandler
                0x0000000008001b24                TIM2_IRQHandler
                0x0000000008001b24                GPDMA1_Channel4_IRQHandler
                0x0000000008001b24                EXTI7_IRQHandler
                0x0000000008001b24                DMA2D_IRQHandler
                0x0000000008001b24                TIM1_BRK_IRQHandler
                0x0000000008001b24                EXTI1_IRQHandler
                0x0000000008001b24                SDMMC2_IRQHandler
                0x0000000008001b24                DAC1_IRQHandler
                0x0000000008001b24                GTZC_IRQHandler
                0x0000000008001b24                MDF1_FLT3_IRQHandler
                0x0000000008001b24                USART2_IRQHandler
                0x0000000008001b24                GPDMA1_Channel6_IRQHandler
                0x0000000008001b24                I2C2_ER_IRQHandler
                0x0000000008001b24                TIM8_BRK_IRQHandler
                0x0000000008001b24                FLASH_IRQHandler
                0x0000000008001b24                USART1_IRQHandler
                0x0000000008001b24                EXTI10_IRQHandler
                0x0000000008001b24                OTG_FS_IRQHandler
                0x0000000008001b24                SPI3_IRQHandler
                0x0000000008001b24                LPDMA1_Channel2_IRQHandler
                0x0000000008001b24                I2C1_ER_IRQHandler
                0x0000000008001b24                FMC_IRQHandler
                0x0000000008001b24                EXTI6_IRQHandler
                0x0000000008001b24                LPTIM1_IRQHandler
                0x0000000008001b24                I2C4_ER_IRQHandler
                0x0000000008001b24                GPDMA1_Channel10_IRQHandler
                0x0000000008001b24                ICACHE_IRQHandler
                0x0000000008001b24                SAI1_IRQHandler
                0x0000000008001b24                HASH_IRQHandler
 *fill*         0x0000000008001b26        0x2 
 .text.HX8347I_RegisterBusIO
                0x0000000008001b28       0x84 ./Drivers/BSP/Components/hx8347i/hx8347i.o
                0x0000000008001b28                HX8347I_RegisterBusIO
 .text.HX8347I_Init
                0x0000000008001bac      0x3ac ./Drivers/BSP/Components/hx8347i/hx8347i.o
                0x0000000008001bac                HX8347I_Init
 .text.HX8347I_DeInit
                0x0000000008001f58       0xea ./Drivers/BSP/Components/hx8347i/hx8347i.o
                0x0000000008001f58                HX8347I_DeInit
 .text.HX8347I_ReadID
                0x0000000008002042       0x42 ./Drivers/BSP/Components/hx8347i/hx8347i.o
                0x0000000008002042                HX8347I_ReadID
 .text.HX8347I_DisplayOn
                0x0000000008002084       0x6a ./Drivers/BSP/Components/hx8347i/hx8347i.o
                0x0000000008002084                HX8347I_DisplayOn
 .text.HX8347I_DisplayOff
                0x00000000080020ee       0x6a ./Drivers/BSP/Components/hx8347i/hx8347i.o
                0x00000000080020ee                HX8347I_DisplayOff
 .text.HX8347I_SetBrightness
                0x0000000008002158       0x1a ./Drivers/BSP/Components/hx8347i/hx8347i.o
                0x0000000008002158                HX8347I_SetBrightness
 .text.HX8347I_GetBrightness
                0x0000000008002172       0x1a ./Drivers/BSP/Components/hx8347i/hx8347i.o
                0x0000000008002172                HX8347I_GetBrightness
 .text.HX8347I_SetOrientation
                0x000000000800218c      0x1b0 ./Drivers/BSP/Components/hx8347i/hx8347i.o
                0x000000000800218c                HX8347I_SetOrientation
 .text.HX8347I_GetOrientation
                0x000000000800233c       0x24 ./Drivers/BSP/Components/hx8347i/hx8347i.o
                0x000000000800233c                HX8347I_GetOrientation
 .text.HX8347I_SetCursor
                0x0000000008002360       0xae ./Drivers/BSP/Components/hx8347i/hx8347i.o
                0x0000000008002360                HX8347I_SetCursor
 .text.HX8347I_DrawBitmap
                0x000000000800240e      0x5a6 ./Drivers/BSP/Components/hx8347i/hx8347i.o
                0x000000000800240e                HX8347I_DrawBitmap
 .text.HX8347I_FillRGBRect
                0x00000000080029b4      0x13c ./Drivers/BSP/Components/hx8347i/hx8347i.o
                0x00000000080029b4                HX8347I_FillRGBRect
 .text.HX8347I_DrawHLine
                0x0000000008002af0      0x110 ./Drivers/BSP/Components/hx8347i/hx8347i.o
                0x0000000008002af0                HX8347I_DrawHLine
 .text.HX8347I_DrawVLine
                0x0000000008002c00      0x5cc ./Drivers/BSP/Components/hx8347i/hx8347i.o
                0x0000000008002c00                HX8347I_DrawVLine
 .text.HX8347I_FillRect
                0x00000000080031cc       0x52 ./Drivers/BSP/Components/hx8347i/hx8347i.o
                0x00000000080031cc                HX8347I_FillRect
 .text.HX8347I_GetPixel
                0x000000000800321e       0x76 ./Drivers/BSP/Components/hx8347i/hx8347i.o
                0x000000000800321e                HX8347I_GetPixel
 .text.HX8347I_SetPixel
                0x0000000008003294       0x52 ./Drivers/BSP/Components/hx8347i/hx8347i.o
                0x0000000008003294                HX8347I_SetPixel
 .text.HX8347I_GetXSize
                0x00000000080032e6       0x3c ./Drivers/BSP/Components/hx8347i/hx8347i.o
                0x00000000080032e6                HX8347I_GetXSize
 .text.HX8347I_GetYSize
                0x0000000008003322       0x3c ./Drivers/BSP/Components/hx8347i/hx8347i.o
                0x0000000008003322                HX8347I_GetYSize
 .text.HX8347I_ReadRegWrap
                0x000000000800335e       0x2e ./Drivers/BSP/Components/hx8347i/hx8347i.o
 .text.HX8347I_WriteRegWrap
                0x000000000800338c       0x2e ./Drivers/BSP/Components/hx8347i/hx8347i.o
 .text.HX8347I_Delay
                0x00000000080033ba       0x34 ./Drivers/BSP/Components/hx8347i/hx8347i.o
 .text.hx8347i_read_reg
                0x00000000080033ee       0x2a ./Drivers/BSP/Components/hx8347i/hx8347i_reg.o
                0x00000000080033ee                hx8347i_read_reg
 .text.hx8347i_write_reg
                0x0000000008003418       0x2a ./Drivers/BSP/Components/hx8347i/hx8347i_reg.o
                0x0000000008003418                hx8347i_write_reg
 .text.MFXSTM32L152_Init
                0x0000000008003442       0x5a ./Drivers/BSP/Components/mfxstm32l152/mfxstm32l152.o
                0x0000000008003442                MFXSTM32L152_Init
 .text.MFXSTM32L152_DeInit
                0x000000000800349c       0x2a ./Drivers/BSP/Components/mfxstm32l152/mfxstm32l152.o
                0x000000000800349c                MFXSTM32L152_DeInit
 .text.MFXSTM32L152_Reset
                0x00000000080034c6       0x38 ./Drivers/BSP/Components/mfxstm32l152/mfxstm32l152.o
                0x00000000080034c6                MFXSTM32L152_Reset
 .text.MFXSTM32L152_ReadID
                0x00000000080034fe       0x46 ./Drivers/BSP/Components/mfxstm32l152/mfxstm32l152.o
                0x00000000080034fe                MFXSTM32L152_ReadID
 .text.MFXSTM32L152_EnableITSource
                0x0000000008003544       0x62 ./Drivers/BSP/Components/mfxstm32l152/mfxstm32l152.o
                0x0000000008003544                MFXSTM32L152_EnableITSource
 .text.MFXSTM32L152_DisableITSource
                0x00000000080035a6       0x6c ./Drivers/BSP/Components/mfxstm32l152/mfxstm32l152.o
                0x00000000080035a6                MFXSTM32L152_DisableITSource
 .text.MFXSTM32L152_SetIrqOutPinPolarity
                0x0000000008003612       0x6c ./Drivers/BSP/Components/mfxstm32l152/mfxstm32l152.o
                0x0000000008003612                MFXSTM32L152_SetIrqOutPinPolarity
 .text.MFXSTM32L152_SetIrqOutPinType
                0x000000000800367e       0x6c ./Drivers/BSP/Components/mfxstm32l152/mfxstm32l152.o
                0x000000000800367e                MFXSTM32L152_SetIrqOutPinType
 .text.MFXSTM32L152_IO_Start
                0x00000000080036ea       0x7e ./Drivers/BSP/Components/mfxstm32l152/mfxstm32l152.o
                0x00000000080036ea                MFXSTM32L152_IO_Start
 .text.MFXSTM32L152_IO_Init
                0x0000000008003768      0x2d0 ./Drivers/BSP/Components/mfxstm32l152/mfxstm32l152.o
                0x0000000008003768                MFXSTM32L152_IO_Init
 .text.MFXSTM32L152_IO_InitPin
                0x0000000008003a38       0x34 ./Drivers/BSP/Components/mfxstm32l152/mfxstm32l152.o
                0x0000000008003a38                MFXSTM32L152_IO_InitPin
 .text.MFXSTM32L152_IO_SetIrqEvtMode
                0x0000000008003a6c       0x34 ./Drivers/BSP/Components/mfxstm32l152/mfxstm32l152.o
                0x0000000008003a6c                MFXSTM32L152_IO_SetIrqEvtMode
 .text.MFXSTM32L152_IO_SetIrqTypeMode
                0x0000000008003aa0       0x34 ./Drivers/BSP/Components/mfxstm32l152/mfxstm32l152.o
                0x0000000008003aa0                MFXSTM32L152_IO_SetIrqTypeMode
 .text.MFXSTM32L152_IO_WritePin
                0x0000000008003ad4       0x54 ./Drivers/BSP/Components/mfxstm32l152/mfxstm32l152.o
                0x0000000008003ad4                MFXSTM32L152_IO_WritePin
 .text.MFXSTM32L152_IO_ReadPin
                0x0000000008003b28       0x8c ./Drivers/BSP/Components/mfxstm32l152/mfxstm32l152.o
                0x0000000008003b28                MFXSTM32L152_IO_ReadPin
 .text.MFXSTM32L152_IO_EnableIT
                0x0000000008003bb4       0x2a ./Drivers/BSP/Components/mfxstm32l152/mfxstm32l152.o
                0x0000000008003bb4                MFXSTM32L152_IO_EnableIT
 .text.MFXSTM32L152_IO_DisableIT
                0x0000000008003bde       0x2a ./Drivers/BSP/Components/mfxstm32l152/mfxstm32l152.o
                0x0000000008003bde                MFXSTM32L152_IO_DisableIT
 .text.MFXSTM32L152_IO_EnablePinIT
                0x0000000008003c08       0x30 ./Drivers/BSP/Components/mfxstm32l152/mfxstm32l152.o
                0x0000000008003c08                MFXSTM32L152_IO_EnablePinIT
 .text.MFXSTM32L152_IO_DisablePinIT
                0x0000000008003c38       0x30 ./Drivers/BSP/Components/mfxstm32l152/mfxstm32l152.o
                0x0000000008003c38                MFXSTM32L152_IO_DisablePinIT
 .text.MFXSTM32L152_IO_ITStatus
                0x0000000008003c68       0x8c ./Drivers/BSP/Components/mfxstm32l152/mfxstm32l152.o
                0x0000000008003c68                MFXSTM32L152_IO_ITStatus
 .text.MFXSTM32L152_IO_ClearIT
                0x0000000008003cf4       0x9a ./Drivers/BSP/Components/mfxstm32l152/mfxstm32l152.o
                0x0000000008003cf4                MFXSTM32L152_IO_ClearIT
 *fill*         0x0000000008003d8e        0x2 
 .text.MFXSTM32L152_RegisterBusIO
                0x0000000008003d90       0x84 ./Drivers/BSP/Components/mfxstm32l152/mfxstm32l152.o
                0x0000000008003d90                MFXSTM32L152_RegisterBusIO
 .text.MFXSTM32L152_reg24_setPinValue
                0x0000000008003e14      0x17a ./Drivers/BSP/Components/mfxstm32l152/mfxstm32l152.o
 .text.MFXSTM32L152_ReadRegWrap
                0x0000000008003f8e       0x32 ./Drivers/BSP/Components/mfxstm32l152/mfxstm32l152.o
 .text.MFXSTM32L152_WriteRegWrap
                0x0000000008003fc0       0x32 ./Drivers/BSP/Components/mfxstm32l152/mfxstm32l152.o
 .text.mfxstm32l152_read_reg
                0x0000000008003ff2       0x2e ./Drivers/BSP/Components/mfxstm32l152/mfxstm32l152_reg.o
                0x0000000008003ff2                mfxstm32l152_read_reg
 .text.mfxstm32l152_write_reg
                0x0000000008004020       0x2e ./Drivers/BSP/Components/mfxstm32l152/mfxstm32l152_reg.o
                0x0000000008004020                mfxstm32l152_write_reg
 *fill*         0x000000000800404e        0x2 
 .text.OV5640_RegisterBusIO
                0x0000000008004050       0x84 ./Drivers/BSP/Components/ov5640/ov5640.o
                0x0000000008004050                OV5640_RegisterBusIO
 .text.OV5640_Init
                0x00000000080040d4       0xf4 ./Drivers/BSP/Components/ov5640/ov5640.o
                0x00000000080040d4                OV5640_Init
 .text.OV5640_SetPixelFormat
                0x00000000080041c8      0x328 ./Drivers/BSP/Components/ov5640/ov5640.o
                0x00000000080041c8                OV5640_SetPixelFormat
 .text.OV5640_SetResolution
                0x00000000080044f0      0x1ec ./Drivers/BSP/Components/ov5640/ov5640.o
                0x00000000080044f0                OV5640_SetResolution
 .text.OV5640_SetPolarities
                0x00000000080046dc       0x8c ./Drivers/BSP/Components/ov5640/ov5640.o
                0x00000000080046dc                OV5640_SetPolarities
 .text.OV5640_ReadID
                0x0000000008004768       0xa6 ./Drivers/BSP/Components/ov5640/ov5640.o
                0x0000000008004768                OV5640_ReadID
 .text.OV5640_MirrorFlipConfig
                0x000000000800480e      0x1d2 ./Drivers/BSP/Components/ov5640/ov5640.o
                0x000000000800480e                OV5640_MirrorFlipConfig
 .text.OV5640_EmbeddedSynchroConfig
                0x00000000080049e0      0x138 ./Drivers/BSP/Components/ov5640/ov5640.o
                0x00000000080049e0                OV5640_EmbeddedSynchroConfig
 .text.OV5640_Delay
                0x0000000008004b18       0x34 ./Drivers/BSP/Components/ov5640/ov5640.o
 .text.OV5640_ReadRegWrap
                0x0000000008004b4c       0x32 ./Drivers/BSP/Components/ov5640/ov5640.o
 .text.OV5640_WriteRegWrap
                0x0000000008004b7e       0x32 ./Drivers/BSP/Components/ov5640/ov5640.o
 .text.ov5640_read_reg
                0x0000000008004bb0       0x2e ./Drivers/BSP/Components/ov5640/ov5640_reg.o
                0x0000000008004bb0                ov5640_read_reg
 .text.ov5640_write_reg
                0x0000000008004bde       0x2e ./Drivers/BSP/Components/ov5640/ov5640_reg.o
                0x0000000008004bde                ov5640_write_reg
 .text.BSP_LED_Init
                0x0000000008004c0c      0x10c ./Drivers/BSP/STM32U575I-EV/stm32u575i_eval.o
                0x0000000008004c0c                BSP_LED_Init
 .text.BSP_LED_Off
                0x0000000008004d18       0x5c ./Drivers/BSP/STM32U575I-EV/stm32u575i_eval.o
                0x0000000008004d18                BSP_LED_Off
 .text.BSP_LED_Toggle
                0x0000000008004d74       0x5c ./Drivers/BSP/STM32U575I-EV/stm32u575i_eval.o
                0x0000000008004d74                BSP_LED_Toggle
 .text.BSP_I2C2_Init
                0x0000000008004dd0       0x74 ./Drivers/BSP/STM32U575I-EV/stm32u575i_eval_bus.o
                0x0000000008004dd0                BSP_I2C2_Init
 .text.BSP_I2C2_DeInit
                0x0000000008004e44       0x48 ./Drivers/BSP/STM32U575I-EV/stm32u575i_eval_bus.o
                0x0000000008004e44                BSP_I2C2_DeInit
 .text.MX_I2C2_Init
                0x0000000008004e8c       0x84 ./Drivers/BSP/STM32U575I-EV/stm32u575i_eval_bus.o
                0x0000000008004e8c                MX_I2C2_Init
 .text.BSP_I2C2_WriteReg
                0x0000000008004f10       0x5c ./Drivers/BSP/STM32U575I-EV/stm32u575i_eval_bus.o
                0x0000000008004f10                BSP_I2C2_WriteReg
 .text.BSP_I2C2_ReadReg
                0x0000000008004f6c       0x5c ./Drivers/BSP/STM32U575I-EV/stm32u575i_eval_bus.o
                0x0000000008004f6c                BSP_I2C2_ReadReg
 .text.BSP_I2C2_WriteReg16
                0x0000000008004fc8       0x5c ./Drivers/BSP/STM32U575I-EV/stm32u575i_eval_bus.o
                0x0000000008004fc8                BSP_I2C2_WriteReg16
 .text.BSP_I2C2_ReadReg16
                0x0000000008005024       0x5c ./Drivers/BSP/STM32U575I-EV/stm32u575i_eval_bus.o
                0x0000000008005024                BSP_I2C2_ReadReg16
 .text.BSP_GetTick
                0x0000000008005080        0xe ./Drivers/BSP/STM32U575I-EV/stm32u575i_eval_bus.o
                0x0000000008005080                BSP_GetTick
 *fill*         0x000000000800508e        0x2 
 .text.I2C_GetTiming
                0x0000000008005090      0x100 ./Drivers/BSP/STM32U575I-EV/stm32u575i_eval_bus.o
 .text.I2C_Compute_PRESC_SCLDEL_SDADEL
                0x0000000008005190      0x1dc ./Drivers/BSP/STM32U575I-EV/stm32u575i_eval_bus.o
 .text.I2C_Compute_SCLL_SCLH
                0x000000000800536c      0x210 ./Drivers/BSP/STM32U575I-EV/stm32u575i_eval_bus.o
 .text.I2C2_MspInit
                0x000000000800557c       0xd0 ./Drivers/BSP/STM32U575I-EV/stm32u575i_eval_bus.o
 .text.I2C2_MspDeInit
                0x000000000800564c       0x48 ./Drivers/BSP/STM32U575I-EV/stm32u575i_eval_bus.o
 .text.I2C2_WriteReg
                0x0000000008005694       0x4c ./Drivers/BSP/STM32U575I-EV/stm32u575i_eval_bus.o
 .text.I2C2_ReadReg
                0x00000000080056e0       0x4c ./Drivers/BSP/STM32U575I-EV/stm32u575i_eval_bus.o
 .text.BSP_IOEXPANDER_Init
                0x000000000800572c       0x74 ./Drivers/BSP/STM32U575I-EV/stm32u575i_eval_io.o
                0x000000000800572c                BSP_IOEXPANDER_Init
 .text.BSP_IO_Init
                0x00000000080057a0       0xc0 ./Drivers/BSP/STM32U575I-EV/stm32u575i_eval_io.o
                0x00000000080057a0                BSP_IO_Init
 .text.BSP_IO_WritePin
                0x0000000008005860       0x64 ./Drivers/BSP/STM32U575I-EV/stm32u575i_eval_io.o
                0x0000000008005860                BSP_IO_WritePin
 .text.BSP_IO_TogglePin
                0x00000000080058c4       0x9c ./Drivers/BSP/STM32U575I-EV/stm32u575i_eval_io.o
                0x00000000080058c4                BSP_IO_TogglePin
 .text.BSP_IOEXPANDER_ITConfig
                0x0000000008005960       0x98 ./Drivers/BSP/STM32U575I-EV/stm32u575i_eval_io.o
                0x0000000008005960                BSP_IOEXPANDER_ITConfig
 .text.MFXSTM32L152_Probe
                0x00000000080059f8       0xc8 ./Drivers/BSP/STM32U575I-EV/stm32u575i_eval_io.o
 .text.BSP_LCD_Init
                0x0000000008005ac0       0x50 ./Drivers/BSP/STM32U575I-EV/stm32u575i_eval_lcd.o
                0x0000000008005ac0                BSP_LCD_Init
 .text.BSP_LCD_DisplayOn
                0x0000000008005b10       0x60 ./Drivers/BSP/STM32U575I-EV/stm32u575i_eval_lcd.o
                0x0000000008005b10                BSP_LCD_DisplayOn
 .text.BSP_LCD_GetXSize
                0x0000000008005b70       0x58 ./Drivers/BSP/STM32U575I-EV/stm32u575i_eval_lcd.o
                0x0000000008005b70                BSP_LCD_GetXSize
 .text.BSP_LCD_GetYSize
                0x0000000008005bc8       0x58 ./Drivers/BSP/STM32U575I-EV/stm32u575i_eval_lcd.o
                0x0000000008005bc8                BSP_LCD_GetYSize
 .text.BSP_LCD_SetActiveLayer
                0x0000000008005c20       0x2c ./Drivers/BSP/STM32U575I-EV/stm32u575i_eval_lcd.o
                0x0000000008005c20                BSP_LCD_SetActiveLayer
 .text.BSP_LCD_DrawBitmap
                0x0000000008005c4c       0x58 ./Drivers/BSP/STM32U575I-EV/stm32u575i_eval_lcd.o
                0x0000000008005c4c                BSP_LCD_DrawBitmap
 .text.BSP_LCD_FillRGBRect
                0x0000000008005ca4       0x60 ./Drivers/BSP/STM32U575I-EV/stm32u575i_eval_lcd.o
                0x0000000008005ca4                BSP_LCD_FillRGBRect
 .text.BSP_LCD_DrawHLine
                0x0000000008005d04       0x5c ./Drivers/BSP/STM32U575I-EV/stm32u575i_eval_lcd.o
                0x0000000008005d04                BSP_LCD_DrawHLine
 .text.BSP_LCD_DrawVLine
                0x0000000008005d60       0x5c ./Drivers/BSP/STM32U575I-EV/stm32u575i_eval_lcd.o
                0x0000000008005d60                BSP_LCD_DrawVLine
 .text.BSP_LCD_FillRect
                0x0000000008005dbc       0x60 ./Drivers/BSP/STM32U575I-EV/stm32u575i_eval_lcd.o
                0x0000000008005dbc                BSP_LCD_FillRect
 .text.BSP_LCD_ReadPixel
                0x0000000008005e1c       0x58 ./Drivers/BSP/STM32U575I-EV/stm32u575i_eval_lcd.o
                0x0000000008005e1c                BSP_LCD_ReadPixel
 .text.BSP_LCD_WritePixel
                0x0000000008005e74       0x58 ./Drivers/BSP/STM32U575I-EV/stm32u575i_eval_lcd.o
                0x0000000008005e74                BSP_LCD_WritePixel
 .text.BSP_LCD_GetPixelFormat
                0x0000000008005ecc       0x30 ./Drivers/BSP/STM32U575I-EV/stm32u575i_eval_lcd.o
                0x0000000008005ecc                BSP_LCD_GetPixelFormat
 .text.MX_FMC_BANK4_Init
                0x0000000008005efc       0xc0 ./Drivers/BSP/STM32U575I-EV/stm32u575i_eval_lcd.o
                0x0000000008005efc                MX_FMC_BANK4_Init
 .text.HX8347I_Probe
                0x0000000008005fbc       0xe8 ./Drivers/BSP/STM32U575I-EV/stm32u575i_eval_lcd.o
 .text.HX8347I_PowerUp
                0x00000000080060a4       0xd0 ./Drivers/BSP/STM32U575I-EV/stm32u575i_eval_lcd.o
 .text.LCD_FMC_Init
                0x0000000008006174       0x58 ./Drivers/BSP/STM32U575I-EV/stm32u575i_eval_lcd.o
 .text.LCD_FMC_DeInit
                0x00000000080061cc       0x30 ./Drivers/BSP/STM32U575I-EV/stm32u575i_eval_lcd.o
 .text.LCD_FMC_WriteReg16
                0x00000000080061fc       0x80 ./Drivers/BSP/STM32U575I-EV/stm32u575i_eval_lcd.o
 .text.LCD_FMC_ReadReg16
                0x000000000800627c       0x82 ./Drivers/BSP/STM32U575I-EV/stm32u575i_eval_lcd.o
 .text.LCD_FMC_GetTick
                0x00000000080062fe       0x16 ./Drivers/BSP/STM32U575I-EV/stm32u575i_eval_lcd.o
 .text.FMC_MspInit
                0x0000000008006314      0x124 ./Drivers/BSP/STM32U575I-EV/stm32u575i_eval_lcd.o
 .text.FMC_MspDeInit
                0x0000000008006438       0x60 ./Drivers/BSP/STM32U575I-EV/stm32u575i_eval_lcd.o
 .text.HAL_Init
                0x0000000008006498       0x5c ./Drivers/STM32U5xx_HAL_Driver/Src/stm32u5xx_hal.o
                0x0000000008006498                HAL_Init
 .text.HAL_InitTick
                0x00000000080064f4       0x6c ./Drivers/STM32U5xx_HAL_Driver/Src/stm32u5xx_hal.o
                0x00000000080064f4                HAL_InitTick
 .text.HAL_IncTick
                0x0000000008006560       0x28 ./Drivers/STM32U5xx_HAL_Driver/Src/stm32u5xx_hal.o
                0x0000000008006560                HAL_IncTick
 .text.HAL_GetTick
                0x0000000008006588       0x18 ./Drivers/STM32U5xx_HAL_Driver/Src/stm32u5xx_hal.o
                0x0000000008006588                HAL_GetTick
 .text.HAL_Delay
                0x00000000080065a0       0x48 ./Drivers/STM32U5xx_HAL_Driver/Src/stm32u5xx_hal.o
                0x00000000080065a0                HAL_Delay
 .text.__NVIC_SetPriorityGrouping
                0x00000000080065e8       0x48 ./Drivers/STM32U5xx_HAL_Driver/Src/stm32u5xx_hal_cortex.o
 .text.__NVIC_GetPriorityGrouping
                0x0000000008006630       0x1c ./Drivers/STM32U5xx_HAL_Driver/Src/stm32u5xx_hal_cortex.o
 .text.__NVIC_EnableIRQ
                0x000000000800664c       0x3c ./Drivers/STM32U5xx_HAL_Driver/Src/stm32u5xx_hal_cortex.o
 .text.__NVIC_SetPriority
                0x0000000008006688       0x54 ./Drivers/STM32U5xx_HAL_Driver/Src/stm32u5xx_hal_cortex.o
 .text.NVIC_EncodePriority
                0x00000000080066dc       0x66 ./Drivers/STM32U5xx_HAL_Driver/Src/stm32u5xx_hal_cortex.o
 *fill*         0x0000000008006742        0x2 
 .text.SysTick_Config
                0x0000000008006744       0x44 ./Drivers/STM32U5xx_HAL_Driver/Src/stm32u5xx_hal_cortex.o
 .text.HAL_NVIC_SetPriorityGrouping
                0x0000000008006788       0x16 ./Drivers/STM32U5xx_HAL_Driver/Src/stm32u5xx_hal_cortex.o
                0x0000000008006788                HAL_NVIC_SetPriorityGrouping
 .text.HAL_NVIC_SetPriority
                0x000000000800679e       0x34 ./Drivers/STM32U5xx_HAL_Driver/Src/stm32u5xx_hal_cortex.o
                0x000000000800679e                HAL_NVIC_SetPriority
 .text.HAL_NVIC_EnableIRQ
                0x00000000080067d2       0x1c ./Drivers/STM32U5xx_HAL_Driver/Src/stm32u5xx_hal_cortex.o
                0x00000000080067d2                HAL_NVIC_EnableIRQ
 .text.HAL_SYSTICK_Config
                0x00000000080067ee       0x18 ./Drivers/STM32U5xx_HAL_Driver/Src/stm32u5xx_hal_cortex.o
                0x00000000080067ee                HAL_SYSTICK_Config
 *fill*         0x0000000008006806        0x2 
 .text.HAL_MPU_Enable
                0x0000000008006808       0x40 ./Drivers/STM32U5xx_HAL_Driver/Src/stm32u5xx_hal_cortex.o
                0x0000000008006808                HAL_MPU_Enable
 .text.HAL_MPU_Disable
                0x0000000008006848       0x24 ./Drivers/STM32U5xx_HAL_Driver/Src/stm32u5xx_hal_cortex.o
                0x0000000008006848                HAL_MPU_Disable
 .text.HAL_MPU_ConfigRegion
                0x000000000800686c       0x1c ./Drivers/STM32U5xx_HAL_Driver/Src/stm32u5xx_hal_cortex.o
                0x000000000800686c                HAL_MPU_ConfigRegion
 .text.HAL_MPU_ConfigMemoryAttributes
                0x0000000008006888       0x1c ./Drivers/STM32U5xx_HAL_Driver/Src/stm32u5xx_hal_cortex.o
                0x0000000008006888                HAL_MPU_ConfigMemoryAttributes
 .text.MPU_ConfigRegion
                0x00000000080068a4       0x78 ./Drivers/STM32U5xx_HAL_Driver/Src/stm32u5xx_hal_cortex.o
 .text.MPU_ConfigMemoryAttributes
                0x000000000800691c       0x6c ./Drivers/STM32U5xx_HAL_Driver/Src/stm32u5xx_hal_cortex.o
 .text.HAL_DCMI_Init
                0x0000000008006988       0xf4 ./Drivers/STM32U5xx_HAL_Driver/Src/stm32u5xx_hal_dcmi.o
                0x0000000008006988                HAL_DCMI_Init
 .text.HAL_DCMI_Start_DMA
                0x0000000008006a7c      0x344 ./Drivers/STM32U5xx_HAL_Driver/Src/stm32u5xx_hal_dcmi.o
                0x0000000008006a7c                HAL_DCMI_Start_DMA
 .text.HAL_DCMI_Suspend
                0x0000000008006dc0       0xb0 ./Drivers/STM32U5xx_HAL_Driver/Src/stm32u5xx_hal_dcmi.o
                0x0000000008006dc0                HAL_DCMI_Suspend
 .text.HAL_DCMI_Resume
                0x0000000008006e70       0x58 ./Drivers/STM32U5xx_HAL_Driver/Src/stm32u5xx_hal_dcmi.o
                0x0000000008006e70                HAL_DCMI_Resume
 .text.HAL_DCMI_IRQHandler
                0x0000000008006ec8      0x124 ./Drivers/STM32U5xx_HAL_Driver/Src/stm32u5xx_hal_dcmi.o
                0x0000000008006ec8                HAL_DCMI_IRQHandler
 .text.HAL_DCMI_ErrorCallback
                0x0000000008006fec       0x14 ./Drivers/STM32U5xx_HAL_Driver/Src/stm32u5xx_hal_dcmi.o
                0x0000000008006fec                HAL_DCMI_ErrorCallback
 .text.HAL_DCMI_LineEventCallback
                0x0000000008007000       0x14 ./Drivers/STM32U5xx_HAL_Driver/Src/stm32u5xx_hal_dcmi.o
                0x0000000008007000                HAL_DCMI_LineEventCallback
 .text.HAL_DCMI_VsyncEventCallback
                0x0000000008007014       0x14 ./Drivers/STM32U5xx_HAL_Driver/Src/stm32u5xx_hal_dcmi.o
                0x0000000008007014                HAL_DCMI_VsyncEventCallback
 .text.HAL_DCMI_ConfigSyncUnmask
                0x0000000008007028       0x6c ./Drivers/STM32U5xx_HAL_Driver/Src/stm32u5xx_hal_dcmi.o
                0x0000000008007028                HAL_DCMI_ConfigSyncUnmask
 .text.DCMI_DMAXferCplt
                0x0000000008007094      0x10c ./Drivers/STM32U5xx_HAL_Driver/Src/stm32u5xx_hal_dcmi.o
 .text.DCMI_DMAError
                0x00000000080071a0       0x3a ./Drivers/STM32U5xx_HAL_Driver/Src/stm32u5xx_hal_dcmi.o
 .text.HAL_DMA_Start_IT
                0x00000000080071da       0xc0 ./Drivers/STM32U5xx_HAL_Driver/Src/stm32u5xx_hal_dma.o
                0x00000000080071da                HAL_DMA_Start_IT
 .text.HAL_DMA_Abort_IT
                0x000000000800729a       0x52 ./Drivers/STM32U5xx_HAL_Driver/Src/stm32u5xx_hal_dma.o
                0x000000000800729a                HAL_DMA_Abort_IT
 .text.HAL_DMA_IRQHandler
                0x00000000080072ec      0x2f4 ./Drivers/STM32U5xx_HAL_Driver/Src/stm32u5xx_hal_dma.o
                0x00000000080072ec                HAL_DMA_IRQHandler
 .text.HAL_DMA_ConfigChannelAttributes
                0x00000000080075e0       0x78 ./Drivers/STM32U5xx_HAL_Driver/Src/stm32u5xx_hal_dma.o
                0x00000000080075e0                HAL_DMA_ConfigChannelAttributes
 .text.DMA_SetConfig
                0x0000000008007658       0x4a ./Drivers/STM32U5xx_HAL_Driver/Src/stm32u5xx_hal_dma.o
 *fill*         0x00000000080076a2        0x2 
 .text.HAL_DMAEx_List_Init
                0x00000000080076a4      0x25c ./Drivers/STM32U5xx_HAL_Driver/Src/stm32u5xx_hal_dma_ex.o
                0x00000000080076a4                HAL_DMAEx_List_Init
 .text.HAL_DMAEx_List_Start_IT
                0x0000000008007900      0x128 ./Drivers/STM32U5xx_HAL_Driver/Src/stm32u5xx_hal_dma_ex.o
                0x0000000008007900                HAL_DMAEx_List_Start_IT
 .text.HAL_DMAEx_List_BuildNode
                0x0000000008007a28       0x2c ./Drivers/STM32U5xx_HAL_Driver/Src/stm32u5xx_hal_dma_ex.o
                0x0000000008007a28                HAL_DMAEx_List_BuildNode
 .text.HAL_DMAEx_List_InsertNode_Tail
                0x0000000008007a54       0xf0 ./Drivers/STM32U5xx_HAL_Driver/Src/stm32u5xx_hal_dma_ex.o
                0x0000000008007a54                HAL_DMAEx_List_InsertNode_Tail
 .text.HAL_DMAEx_List_SetCircularModeConfig
                0x0000000008007b44       0xdc ./Drivers/STM32U5xx_HAL_Driver/Src/stm32u5xx_hal_dma_ex.o
                0x0000000008007b44                HAL_DMAEx_List_SetCircularModeConfig
 .text.HAL_DMAEx_List_LinkQ
                0x0000000008007c20      0x12c ./Drivers/STM32U5xx_HAL_Driver/Src/stm32u5xx_hal_dma_ex.o
                0x0000000008007c20                HAL_DMAEx_List_LinkQ
 .text.DMA_List_Init
                0x0000000008007d4c      0x2b0 ./Drivers/STM32U5xx_HAL_Driver/Src/stm32u5xx_hal_dma_ex.o
 .text.DMA_List_BuildNode
                0x0000000008007ffc      0x2a4 ./Drivers/STM32U5xx_HAL_Driver/Src/stm32u5xx_hal_dma_ex.o
 .text.DMA_List_CheckNodesBaseAddresses
                0x00000000080082a0       0x60 ./Drivers/STM32U5xx_HAL_Driver/Src/stm32u5xx_hal_dma_ex.o
 .text.DMA_List_CheckNodesTypes
                0x0000000008008300       0x78 ./Drivers/STM32U5xx_HAL_Driver/Src/stm32u5xx_hal_dma_ex.o
 .text.DMA_List_GetCLLRNodeInfo
                0x0000000008008378       0x60 ./Drivers/STM32U5xx_HAL_Driver/Src/stm32u5xx_hal_dma_ex.o
 .text.DMA_List_FindNode
                0x00000000080083d8      0x13e ./Drivers/STM32U5xx_HAL_Driver/Src/stm32u5xx_hal_dma_ex.o
 *fill*         0x0000000008008516        0x2 
 .text.HAL_GPIO_Init
                0x0000000008008518      0x3b0 ./Drivers/STM32U5xx_HAL_Driver/Src/stm32u5xx_hal_gpio.o
                0x0000000008008518                HAL_GPIO_Init
 .text.HAL_GPIO_DeInit
                0x00000000080088c8      0x1bc ./Drivers/STM32U5xx_HAL_Driver/Src/stm32u5xx_hal_gpio.o
                0x00000000080088c8                HAL_GPIO_DeInit
 .text.HAL_GPIO_ReadPin
                0x0000000008008a84       0x30 ./Drivers/STM32U5xx_HAL_Driver/Src/stm32u5xx_hal_gpio.o
                0x0000000008008a84                HAL_GPIO_ReadPin
 .text.HAL_GPIO_WritePin
                0x0000000008008ab4       0x30 ./Drivers/STM32U5xx_HAL_Driver/Src/stm32u5xx_hal_gpio.o
                0x0000000008008ab4                HAL_GPIO_WritePin
 .text.HAL_GPIO_TogglePin
                0x0000000008008ae4       0x34 ./Drivers/STM32U5xx_HAL_Driver/Src/stm32u5xx_hal_gpio.o
                0x0000000008008ae4                HAL_GPIO_TogglePin
 .text.HAL_GPIO_EXTI_IRQHandler
                0x0000000008008b18       0x4c ./Drivers/STM32U5xx_HAL_Driver/Src/stm32u5xx_hal_gpio.o
                0x0000000008008b18                HAL_GPIO_EXTI_IRQHandler
 .text.HAL_GPIO_EXTI_Falling_Callback
                0x0000000008008b64       0x16 ./Drivers/STM32U5xx_HAL_Driver/Src/stm32u5xx_hal_gpio.o
                0x0000000008008b64                HAL_GPIO_EXTI_Falling_Callback
 .text.HAL_I2C_Init
                0x0000000008008b7a      0x11e ./Drivers/STM32U5xx_HAL_Driver/Src/stm32u5xx_hal_i2c.o
                0x0000000008008b7a                HAL_I2C_Init
 .text.HAL_I2C_DeInit
                0x0000000008008c98       0x5e ./Drivers/STM32U5xx_HAL_Driver/Src/stm32u5xx_hal_i2c.o
                0x0000000008008c98                HAL_I2C_DeInit
 .text.HAL_I2C_MspInit
                0x0000000008008cf6       0x14 ./Drivers/STM32U5xx_HAL_Driver/Src/stm32u5xx_hal_i2c.o
                0x0000000008008cf6                HAL_I2C_MspInit
 .text.HAL_I2C_MspDeInit
                0x0000000008008d0a       0x14 ./Drivers/STM32U5xx_HAL_Driver/Src/stm32u5xx_hal_i2c.o
                0x0000000008008d0a                HAL_I2C_MspDeInit
 *fill*         0x0000000008008d1e        0x2 
 .text.HAL_I2C_Mem_Write
                0x0000000008008d20      0x228 ./Drivers/STM32U5xx_HAL_Driver/Src/stm32u5xx_hal_i2c.o
                0x0000000008008d20                HAL_I2C_Mem_Write
 .text.HAL_I2C_Mem_Read
                0x0000000008008f48      0x234 ./Drivers/STM32U5xx_HAL_Driver/Src/stm32u5xx_hal_i2c.o
                0x0000000008008f48                HAL_I2C_Mem_Read
 .text.HAL_I2C_GetState
                0x000000000800917c       0x1c ./Drivers/STM32U5xx_HAL_Driver/Src/stm32u5xx_hal_i2c.o
                0x000000000800917c                HAL_I2C_GetState
 .text.HAL_I2C_GetError
                0x0000000008009198       0x18 ./Drivers/STM32U5xx_HAL_Driver/Src/stm32u5xx_hal_i2c.o
                0x0000000008009198                HAL_I2C_GetError
 .text.I2C_RequestMemoryWrite
                0x00000000080091b0       0xa8 ./Drivers/STM32U5xx_HAL_Driver/Src/stm32u5xx_hal_i2c.o
 .text.I2C_RequestMemoryRead
                0x0000000008009258       0xa8 ./Drivers/STM32U5xx_HAL_Driver/Src/stm32u5xx_hal_i2c.o
 .text.I2C_Flush_TXDR
                0x0000000008009300       0x48 ./Drivers/STM32U5xx_HAL_Driver/Src/stm32u5xx_hal_i2c.o
 .text.I2C_WaitOnFlagUntilTimeout
                0x0000000008009348       0x9e ./Drivers/STM32U5xx_HAL_Driver/Src/stm32u5xx_hal_i2c.o
 .text.I2C_WaitOnTXISFlagUntilTimeout
                0x00000000080093e6       0x8e ./Drivers/STM32U5xx_HAL_Driver/Src/stm32u5xx_hal_i2c.o
 .text.I2C_WaitOnSTOPFlagUntilTimeout
                0x0000000008009474       0x86 ./Drivers/STM32U5xx_HAL_Driver/Src/stm32u5xx_hal_i2c.o
 *fill*         0x00000000080094fa        0x2 
 .text.I2C_IsErrorOccurred
                0x00000000080094fc      0x1c0 ./Drivers/STM32U5xx_HAL_Driver/Src/stm32u5xx_hal_i2c.o
 .text.I2C_TransferConfig
                0x00000000080096bc       0x64 ./Drivers/STM32U5xx_HAL_Driver/Src/stm32u5xx_hal_i2c.o
 .text.HAL_I2CEx_ConfigAnalogFilter
                0x0000000008009720       0x96 ./Drivers/STM32U5xx_HAL_Driver/Src/stm32u5xx_hal_i2c_ex.o
                0x0000000008009720                HAL_I2CEx_ConfigAnalogFilter
 .text.HAL_I2CEx_ConfigDigitalFilter
                0x00000000080097b6       0x98 ./Drivers/STM32U5xx_HAL_Driver/Src/stm32u5xx_hal_i2c_ex.o
                0x00000000080097b6                HAL_I2CEx_ConfigDigitalFilter
 *fill*         0x000000000800984e        0x2 
 .text.HAL_ICACHE_ConfigAssociativityMode
                0x0000000008009850       0x40 ./Drivers/STM32U5xx_HAL_Driver/Src/stm32u5xx_hal_icache.o
                0x0000000008009850                HAL_ICACHE_ConfigAssociativityMode
 .text.HAL_ICACHE_Enable
                0x0000000008009890       0x20 ./Drivers/STM32U5xx_HAL_Driver/Src/stm32u5xx_hal_icache.o
                0x0000000008009890                HAL_ICACHE_Enable
 .text.HAL_PWREx_ControlVoltageScaling
                0x00000000080098b0       0xfc ./Drivers/STM32U5xx_HAL_Driver/Src/stm32u5xx_hal_pwr_ex.o
                0x00000000080098b0                HAL_PWREx_ControlVoltageScaling
 .text.HAL_PWREx_GetVoltageRange
                0x00000000080099ac       0x1c ./Drivers/STM32U5xx_HAL_Driver/Src/stm32u5xx_hal_pwr_ex.o
                0x00000000080099ac                HAL_PWREx_GetVoltageRange
 .text.HAL_PWREx_ConfigSupply
                0x00000000080099c8       0xa0 ./Drivers/STM32U5xx_HAL_Driver/Src/stm32u5xx_hal_pwr_ex.o
                0x00000000080099c8                HAL_PWREx_ConfigSupply
 .text.HAL_PWREx_EnableVddIO2
                0x0000000008009a68       0x20 ./Drivers/STM32U5xx_HAL_Driver/Src/stm32u5xx_hal_pwr_ex.o
                0x0000000008009a68                HAL_PWREx_EnableVddIO2
 .text.HAL_PWREx_DisableUCPDDeadBattery
                0x0000000008009a88       0x20 ./Drivers/STM32U5xx_HAL_Driver/Src/stm32u5xx_hal_pwr_ex.o
                0x0000000008009a88                HAL_PWREx_DisableUCPDDeadBattery
 .text.HAL_RCC_OscConfig
                0x0000000008009aa8      0xdb8 ./Drivers/STM32U5xx_HAL_Driver/Src/stm32u5xx_hal_rcc.o
                0x0000000008009aa8                HAL_RCC_OscConfig
 .text.HAL_RCC_ClockConfig
                0x000000000800a860      0x3e4 ./Drivers/STM32U5xx_HAL_Driver/Src/stm32u5xx_hal_rcc.o
                0x000000000800a860                HAL_RCC_ClockConfig
 .text.HAL_RCC_GetSysClockFreq
                0x000000000800ac44      0x210 ./Drivers/STM32U5xx_HAL_Driver/Src/stm32u5xx_hal_rcc.o
                0x000000000800ac44                HAL_RCC_GetSysClockFreq
 .text.HAL_RCC_GetHCLKFreq
                0x000000000800ae54       0x34 ./Drivers/STM32U5xx_HAL_Driver/Src/stm32u5xx_hal_rcc.o
                0x000000000800ae54                HAL_RCC_GetHCLKFreq
 .text.HAL_RCC_GetPCLK1Freq
                0x000000000800ae88       0x28 ./Drivers/STM32U5xx_HAL_Driver/Src/stm32u5xx_hal_rcc.o
                0x000000000800ae88                HAL_RCC_GetPCLK1Freq
 .text.RCC_SetFlashLatencyFromMSIRange
                0x000000000800aeb0      0x10c ./Drivers/STM32U5xx_HAL_Driver/Src/stm32u5xx_hal_rcc.o
 .text.HAL_SRAM_Init
                0x000000000800afbc       0xa0 ./Drivers/STM32U5xx_HAL_Driver/Src/stm32u5xx_hal_sram.o
                0x000000000800afbc                HAL_SRAM_Init
 .text.HAL_SRAM_DeInit
                0x000000000800b05c       0x3a ./Drivers/STM32U5xx_HAL_Driver/Src/stm32u5xx_hal_sram.o
                0x000000000800b05c                HAL_SRAM_DeInit
 .text.HAL_SRAM_GetState
                0x000000000800b096       0x1c ./Drivers/STM32U5xx_HAL_Driver/Src/stm32u5xx_hal_sram.o
                0x000000000800b096                HAL_SRAM_GetState
 *fill*         0x000000000800b0b2        0x2 
 .text.FMC_NORSRAM_Init
                0x000000000800b0b4      0x1a0 ./Drivers/STM32U5xx_HAL_Driver/Src/stm32u5xx_ll_fmc.o
                0x000000000800b0b4                FMC_NORSRAM_Init
 .text.FMC_NORSRAM_DeInit
                0x000000000800b254       0xba ./Drivers/STM32U5xx_HAL_Driver/Src/stm32u5xx_ll_fmc.o
                0x000000000800b254                FMC_NORSRAM_DeInit
 .text.FMC_NORSRAM_Timing_Init
                0x000000000800b30e       0xa4 ./Drivers/STM32U5xx_HAL_Driver/Src/stm32u5xx_ll_fmc.o
                0x000000000800b30e                FMC_NORSRAM_Timing_Init
 .text.FMC_NORSRAM_Extended_Timing_Init
                0x000000000800b3b2       0x74 ./Drivers/STM32U5xx_HAL_Driver/Src/stm32u5xx_ll_fmc.o
                0x000000000800b3b2                FMC_NORSRAM_Extended_Timing_Init
 *fill*         0x000000000800b426        0x2 
 .text.__libc_init_array
                0x000000000800b428       0x48 /opt/st/stm32cubeide_1.12.1/plugins/com.st.stm32cube.ide.mcu.externaltools.gnu-tools-for-stm32.10.3-2021.10.linux64_1.0.200.202301161003/tools/bin/../lib/gcc/arm-none-eabi/10.3.1/../../../../arm-none-eabi/lib/thumb/v8-m.main+fp/hard/libc_nano.a(lib_a-init.o)
                0x000000000800b428                __libc_init_array
 .text.memset   0x000000000800b470       0x10 /opt/st/stm32cubeide_1.12.1/plugins/com.st.stm32cube.ide.mcu.externaltools.gnu-tools-for-stm32.10.3-2021.10.linux64_1.0.200.202301161003/tools/bin/../lib/gcc/arm-none-eabi/10.3.1/../../../../arm-none-eabi/lib/thumb/v8-m.main+fp/hard/libc_nano.a(lib_a-memset.o)
                0x000000000800b470                memset
 *(.glue_7)
 .glue_7        0x000000000800b480        0x0 linker stubs
 *(.glue_7t)
 .glue_7t       0x000000000800b480        0x0 linker stubs
 *(.eh_frame)
 .eh_frame      0x000000000800b480        0x0 /opt/st/stm32cubeide_1.12.1/plugins/com.st.stm32cube.ide.mcu.externaltools.gnu-tools-for-stm32.10.3-2021.10.linux64_1.0.200.202301161003/tools/bin/../lib/gcc/arm-none-eabi/10.3.1/thumb/v8-m.main+fp/hard/crtbegin.o
 *(.init)
 .init          0x000000000800b480        0x4 /opt/st/stm32cubeide_1.12.1/plugins/com.st.stm32cube.ide.mcu.externaltools.gnu-tools-for-stm32.10.3-2021.10.linux64_1.0.200.202301161003/tools/bin/../lib/gcc/arm-none-eabi/10.3.1/thumb/v8-m.main+fp/hard/crti.o
                0x000000000800b480                _init
 .init          0x000000000800b484        0x8 /opt/st/stm32cubeide_1.12.1/plugins/com.st.stm32cube.ide.mcu.externaltools.gnu-tools-for-stm32.10.3-2021.10.linux64_1.0.200.202301161003/tools/bin/../lib/gcc/arm-none-eabi/10.3.1/thumb/v8-m.main+fp/hard/crtn.o
 *(.fini)
 .fini          0x000000000800b48c        0x4 /opt/st/stm32cubeide_1.12.1/plugins/com.st.stm32cube.ide.mcu.externaltools.gnu-tools-for-stm32.10.3-2021.10.linux64_1.0.200.202301161003/tools/bin/../lib/gcc/arm-none-eabi/10.3.1/thumb/v8-m.main+fp/hard/crti.o
                0x000000000800b48c                _fini
 .fini          0x000000000800b490        0x8 /opt/st/stm32cubeide_1.12.1/plugins/com.st.stm32cube.ide.mcu.externaltools.gnu-tools-for-stm32.10.3-2021.10.linux64_1.0.200.202301161003/tools/bin/../lib/gcc/arm-none-eabi/10.3.1/thumb/v8-m.main+fp/hard/crtn.o
                0x000000000800b498                _etext = .

.vfp11_veneer   0x000000000800b498        0x0
 .vfp11_veneer  0x000000000800b498        0x0 linker stubs

.v4_bx          0x000000000800b498        0x0
 .v4_bx         0x000000000800b498        0x0 linker stubs

.iplt           0x000000000800b498        0x0
 .iplt          0x000000000800b498        0x0 /opt/st/stm32cubeide_1.12.1/plugins/com.st.stm32cube.ide.mcu.externaltools.gnu-tools-for-stm32.10.3-2021.10.linux64_1.0.200.202301161003/tools/bin/../lib/gcc/arm-none-eabi/10.3.1/thumb/v8-m.main+fp/hard/crtbegin.o

.rodata         0x000000000800b498     0x1728
 *(.rodata)
 .rodata        0x000000000800b498       0xcb ./Core/Src/main.o
 *(.rodata*)
 *fill*         0x000000000800b563        0x1 
 .rodata.Font16_Table
                0x000000000800b564      0xbe0 ./Core/Src/stm32_lcd.o
                0x000000000800b564                Font16_Table
 .rodata.Font12_Table
                0x000000000800c144      0x474 ./Core/Src/stm32_lcd.o
                0x000000000800c144                Font12_Table
 .rodata.AHBPrescTable
                0x000000000800c5b8       0x10 ./Core/Src/system_stm32u5xx.o
                0x000000000800c5b8                AHBPrescTable
 .rodata.APBPrescTable
                0x000000000800c5c8        0x8 ./Core/Src/system_stm32u5xx.o
                0x000000000800c5c8                APBPrescTable
 .rodata.MSIRangeTable
                0x000000000800c5d0       0x40 ./Core/Src/system_stm32u5xx.o
                0x000000000800c5d0                MSIRangeTable
 .rodata.OV5640_Common.15
                0x000000000800c610      0x3f8 ./Drivers/BSP/Components/ov5640/ov5640.o
 .rodata.OV5640_PF_YUV422.14
                0x000000000800ca08        0x8 ./Drivers/BSP/Components/ov5640/ov5640.o
 .rodata.OV5640_PF_RGB888.13
                0x000000000800ca10        0x8 ./Drivers/BSP/Components/ov5640/ov5640.o
 .rodata.OV5640_PF_Y8.12
                0x000000000800ca18        0x8 ./Drivers/BSP/Components/ov5640/ov5640.o
 .rodata.OV5640_PF_JPEG.11
                0x000000000800ca20        0x8 ./Drivers/BSP/Components/ov5640/ov5640.o
 .rodata.OV5640_PF_RGB565.10
                0x000000000800ca28        0x8 ./Drivers/BSP/Components/ov5640/ov5640.o
 .rodata.OV5640_QQVGA.9
                0x000000000800ca30       0x10 ./Drivers/BSP/Components/ov5640/ov5640.o
 .rodata.OV5640_QVGA.8
                0x000000000800ca40       0x10 ./Drivers/BSP/Components/ov5640/ov5640.o
 .rodata.OV5640_480x272.7
                0x000000000800ca50       0x10 ./Drivers/BSP/Components/ov5640/ov5640.o
 .rodata.OV5640_VGA.6
                0x000000000800ca60       0x10 ./Drivers/BSP/Components/ov5640/ov5640.o
 .rodata.OV5640_WVGA.5
                0x000000000800ca70       0x10 ./Drivers/BSP/Components/ov5640/ov5640.o
 .rodata.LED_PIN
                0x000000000800ca80       0x10 ./Drivers/BSP/STM32U575I-EV/stm32u575i_eval.o
 .rodata.I2C_Charac
                0x000000000800ca90       0x84 ./Drivers/BSP/STM32U575I-EV/stm32u575i_eval_bus.o
 .rodata.LCD_Driver
                0x000000000800cb14       0x2c ./Drivers/BSP/STM32U575I-EV/stm32u575i_eval_lcd.o
                0x000000000800cb14                LCD_Driver
 .rodata.LPGPIO_Map
                0x000000000800cb40       0x80 ./Drivers/STM32U5xx_HAL_Driver/Src/stm32u5xx_hal_gpio.o

.rel.dyn        0x000000000800cbc0        0x0
 .rel.iplt      0x000000000800cbc0        0x0 /opt/st/stm32cubeide_1.12.1/plugins/com.st.stm32cube.ide.mcu.externaltools.gnu-tools-for-stm32.10.3-2021.10.linux64_1.0.200.202301161003/tools/bin/../lib/gcc/arm-none-eabi/10.3.1/thumb/v8-m.main+fp/hard/crtbegin.o

.ARM.extab
 *(.ARM.extab* .gnu.linkonce.armextab.*)

.ARM            0x000000000800cbc0        0x0
                0x000000000800cbc0                __exidx_start = .
 *(.ARM.exidx*)
                0x000000000800cbc0                __exidx_end = .

.preinit_array  0x000000000800cbc0        0x0
                0x000000000800cbc0                PROVIDE (__preinit_array_start = .)
 *(.preinit_array*)
                0x000000000800cbc0                PROVIDE (__preinit_array_end = .)

.init_array     0x000000000800cbc0        0x4
                0x000000000800cbc0                PROVIDE (__init_array_start = .)
 *(SORT_BY_NAME(.init_array.*))
 *(.init_array*)
 .init_array    0x000000000800cbc0        0x4 /opt/st/stm32cubeide_1.12.1/plugins/com.st.stm32cube.ide.mcu.externaltools.gnu-tools-for-stm32.10.3-2021.10.linux64_1.0.200.202301161003/tools/bin/../lib/gcc/arm-none-eabi/10.3.1/thumb/v8-m.main+fp/hard/crtbegin.o
                0x000000000800cbc4                PROVIDE (__init_array_end = .)

.fini_array     0x000000000800cbc4        0x4
                [!provide]                        PROVIDE (__fini_array_start = .)
 *(SORT_BY_NAME(.fini_array.*))
 *(.fini_array*)
 .fini_array    0x000000000800cbc4        0x4 /opt/st/stm32cubeide_1.12.1/plugins/com.st.stm32cube.ide.mcu.externaltools.gnu-tools-for-stm32.10.3-2021.10.linux64_1.0.200.202301161003/tools/bin/../lib/gcc/arm-none-eabi/10.3.1/thumb/v8-m.main+fp/hard/crtbegin.o
                [!provide]                        PROVIDE (__fini_array_end = .)
                0x000000000800cbc8                _sidata = LOADADDR (.data)

.data           0x0000000020000000       0xa5 load address 0x000000000800cbc8
                0x0000000020000000                _sdata = .
 *(.data)
 *(.data*)
 .data.FRAME_BUFFER_SIZE
                0x0000000020000000        0x4 ./Core/Src/main.o
                0x0000000020000000                FRAME_BUFFER_SIZE
 .data.Font16   0x0000000020000004        0x8 ./Core/Src/stm32_lcd.o
                0x0000000020000004                Font16
 .data.Font12   0x000000002000000c        0x8 ./Core/Src/stm32_lcd.o
                0x000000002000000c                Font12
 .data.SystemCoreClock
                0x0000000020000014        0x4 ./Core/Src/system_stm32u5xx.o
                0x0000000020000014                SystemCoreClock
 .data.HX8347I_Driver
                0x0000000020000018       0x4c ./Drivers/BSP/Components/hx8347i/hx8347i.o
                0x0000000020000018                HX8347I_Driver
 .data.MFXSTM32L152_IO_Driver
                0x0000000020000064       0x2c ./Drivers/BSP/Components/mfxstm32l152/mfxstm32l152.o
                0x0000000020000064                MFXSTM32L152_IO_Driver
 .data.LED_PORT
                0x0000000020000090       0x10 ./Drivers/BSP/STM32U575I-EV/stm32u575i_eval.o
 .data.uwTickPrio
                0x00000000200000a0        0x4 ./Drivers/STM32U5xx_HAL_Driver/Src/stm32u5xx_hal.o
                0x00000000200000a0                uwTickPrio
 .data.uwTickFreq
                0x00000000200000a4        0x1 ./Drivers/STM32U5xx_HAL_Driver/Src/stm32u5xx_hal.o
                0x00000000200000a4                uwTickFreq
 *(.RamFunc)
 *(.RamFunc*)
                0x00000000200000a5                _edata = .

.igot.plt       0x00000000200000a8        0x0 load address 0x000000000800cc6d
 .igot.plt      0x00000000200000a8        0x0 /opt/st/stm32cubeide_1.12.1/plugins/com.st.stm32cube.ide.mcu.externaltools.gnu-tools-for-stm32.10.3-2021.10.linux64_1.0.200.202301161003/tools/bin/../lib/gcc/arm-none-eabi/10.3.1/thumb/v8-m.main+fp/hard/crtbegin.o

.bss            0x00000000200000a8    0x26590 load address 0x000000000800cc6d
                0x00000000200000a8                _sbss = .
                0x00000000200000a8                __bss_start__ = _sbss
 *(.bss)
 .bss           0x00000000200000a8       0x1c /opt/st/stm32cubeide_1.12.1/plugins/com.st.stm32cube.ide.mcu.externaltools.gnu-tools-for-stm32.10.3-2021.10.linux64_1.0.200.202301161003/tools/bin/../lib/gcc/arm-none-eabi/10.3.1/thumb/v8-m.main+fp/hard/crtbegin.o
 *(.bss*)
 .bss.DCMINode1
                0x00000000200000c4       0x24 ./Core/Src/linked_list.o
                0x00000000200000c4                DCMINode1
 .bss.DCMIQueue
                0x00000000200000e8       0x18 ./Core/Src/linked_list.o
                0x00000000200000e8                DCMIQueue
 .bss.DCMINode2
                0x0000000020000100       0x24 ./Core/Src/linked_list.o
                0x0000000020000100                DCMINode2
 .bss.hdcmi     0x0000000020000124       0x50 ./Core/Src/main.o
                0x0000000020000124                hdcmi
 .bss.handle_GPDMA1_Channel12
                0x0000000020000174       0x78 ./Core/Src/main.o
                0x0000000020000174                handle_GPDMA1_Channel12
 .bss.hsram1    0x00000000200001ec       0x58 ./Core/Src/main.o
                0x00000000200001ec                hsram1
 .bss.frame_suspended
                0x0000000020000244        0x4 ./Core/Src/main.o
                0x0000000020000244                frame_suspended
 .bss.frame_captured
                0x0000000020000248        0x4 ./Core/Src/main.o
                0x0000000020000248                frame_captured
 .bss.CAMERA_FRAME_BUFFER
                0x000000002000024c    0x25800 ./Core/Src/main.o
                0x000000002000024c                CAMERA_FRAME_BUFFER
 .bss.pSyncroCodes
                0x0000000020025a4c        0x4 ./Core/Src/main.o
                0x0000000020025a4c                pSyncroCodes
 .bss.SyncUnmask
                0x0000000020025a50        0x4 ./Core/Src/main.o
                0x0000000020025a50                SyncUnmask
 .bss.UserButtonPressed
                0x0000000020025a54        0x1 ./Core/Src/main.o
                0x0000000020025a54                UserButtonPressed
 *fill*         0x0000000020025a55        0x3 
 .bss.OV5640Obj.0
                0x0000000020025a58       0x28 ./Core/Src/main.o
 .bss.DrawProp  0x0000000020025a80       0x40 ./Core/Src/stm32_lcd.o
 .bss.FuncDriver
                0x0000000020025ac0       0x2c ./Core/Src/stm32_lcd.o
 .bss.FMC_Initialized
                0x0000000020025aec        0x4 ./Core/Src/stm32u5xx_hal_msp.o
 .bss.FMC_DeInitialized
                0x0000000020025af0        0x4 ./Core/Src/stm32u5xx_hal_msp.o
 .bss.I2c2InitCounter
                0x0000000020025af4        0x4 ./Drivers/BSP/STM32U575I-EV/stm32u575i_eval_bus.o
 .bss.I2c_valid_timing
                0x0000000020025af8      0xa00 ./Drivers/BSP/STM32U575I-EV/stm32u575i_eval_bus.o
 .bss.I2c_valid_timing_nbr
                0x00000000200264f8        0x4 ./Drivers/BSP/STM32U575I-EV/stm32u575i_eval_bus.o
 .bss.hbus_i2c2
                0x00000000200264fc       0x54 ./Drivers/BSP/STM32U575I-EV/stm32u575i_eval_bus.o
                0x00000000200264fc                hbus_i2c2
 .bss.IO_Ctx    0x0000000020026550        0x8 ./Drivers/BSP/STM32U575I-EV/stm32u575i_eval_io.o
                0x0000000020026550                IO_Ctx
 .bss.Io_CompObj
                0x0000000020026558       0x28 ./Drivers/BSP/STM32U575I-EV/stm32u575i_eval_io.o
                0x0000000020026558                Io_CompObj
 .bss.Io_Drv    0x0000000020026580        0x4 ./Drivers/BSP/STM32U575I-EV/stm32u575i_eval_io.o
 .bss.mfx_io_it_enabled.0
                0x0000000020026584        0x4 ./Drivers/BSP/STM32U575I-EV/stm32u575i_eval_io.o
 .bss.hlcd_sram
                0x0000000020026588       0x58 ./Drivers/BSP/STM32U575I-EV/stm32u575i_eval_lcd.o
                0x0000000020026588                hlcd_sram
 .bss.Lcd_CompObj
                0x00000000200265e0        0x4 ./Drivers/BSP/STM32U575I-EV/stm32u575i_eval_lcd.o
                0x00000000200265e0                Lcd_CompObj
 .bss.Lcd_Drv   0x00000000200265e4        0x4 ./Drivers/BSP/STM32U575I-EV/stm32u575i_eval_lcd.o
                0x00000000200265e4                Lcd_Drv
 .bss.SramTiming.1
                0x00000000200265e8       0x20 ./Drivers/BSP/STM32U575I-EV/stm32u575i_eval_lcd.o
 .bss.HX8347IObj.0
                0x0000000020026608       0x2c ./Drivers/BSP/STM32U575I-EV/stm32u575i_eval_lcd.o
 .bss.uwTick    0x0000000020026634        0x4 ./Drivers/STM32U5xx_HAL_Driver/Src/stm32u5xx_hal.o
                0x0000000020026634                uwTick
 *(COMMON)
                0x0000000020026638                _ebss = .
                0x0000000020026638                __bss_end__ = _ebss

._user_heap_stack
                0x0000000020026638      0x600 load address 0x000000000800cc6d
                0x0000000020026638                . = ALIGN (0x8)
                [!provide]                        PROVIDE (end = .)
                0x0000000020026638                PROVIDE (_end = .)
                0x0000000020026838                . = (. + _Min_Heap_Size)
 *fill*         0x0000000020026638      0x200 
                0x0000000020026c38                . = (. + _Min_Stack_Size)
 *fill*         0x0000000020026838      0x400 
                0x0000000020026c38                . = ALIGN (0x8)

/DISCARD/
 libc.a(*)
 libm.a(*)
 libgcc.a(*)

.ARM.attributes
                0x0000000000000000       0x36
 *(.ARM.attributes)
 .ARM.attributes
                0x0000000000000000       0x22 /opt/st/stm32cubeide_1.12.1/plugins/com.st.stm32cube.ide.mcu.externaltools.gnu-tools-for-stm32.10.3-2021.10.linux64_1.0.200.202301161003/tools/bin/../lib/gcc/arm-none-eabi/10.3.1/thumb/v8-m.main+fp/hard/crti.o
 .ARM.attributes
                0x0000000000000022       0x38 /opt/st/stm32cubeide_1.12.1/plugins/com.st.stm32cube.ide.mcu.externaltools.gnu-tools-for-stm32.10.3-2021.10.linux64_1.0.200.202301161003/tools/bin/../lib/gcc/arm-none-eabi/10.3.1/thumb/v8-m.main+fp/hard/crtbegin.o
 .ARM.attributes
                0x000000000000005a       0x3a ./Core/Src/linked_list.o
 .ARM.attributes
                0x0000000000000094       0x3a ./Core/Src/main.o
 .ARM.attributes
                0x00000000000000ce       0x3a ./Core/Src/stm32_lcd.o
 .ARM.attributes
                0x0000000000000108       0x3a ./Core/Src/stm32u5xx_hal_msp.o
 .ARM.attributes
                0x0000000000000142       0x3a ./Core/Src/stm32u5xx_it.o
 .ARM.attributes
                0x000000000000017c       0x3a ./Core/Src/system_stm32u5xx.o
 .ARM.attributes
                0x00000000000001b6       0x24 ./Core/Startup/startup_stm32u575aiixq.o
 .ARM.attributes
                0x00000000000001da       0x3a ./Drivers/BSP/Components/hx8347i/hx8347i.o
 .ARM.attributes
                0x0000000000000214       0x3a ./Drivers/BSP/Components/hx8347i/hx8347i_reg.o
 .ARM.attributes
                0x000000000000024e       0x3a ./Drivers/BSP/Components/mfxstm32l152/mfxstm32l152.o
 .ARM.attributes
                0x0000000000000288       0x3a ./Drivers/BSP/Components/mfxstm32l152/mfxstm32l152_reg.o
 .ARM.attributes
                0x00000000000002c2       0x3a ./Drivers/BSP/Components/ov5640/ov5640.o
 .ARM.attributes
                0x00000000000002fc       0x3a ./Drivers/BSP/Components/ov5640/ov5640_reg.o
 .ARM.attributes
                0x0000000000000336       0x3a ./Drivers/BSP/STM32U575I-EV/stm32u575i_eval.o
 .ARM.attributes
                0x0000000000000370       0x3a ./Drivers/BSP/STM32U575I-EV/stm32u575i_eval_bus.o
 .ARM.attributes
                0x00000000000003aa       0x3a ./Drivers/BSP/STM32U575I-EV/stm32u575i_eval_io.o
 .ARM.attributes
                0x00000000000003e4       0x3a ./Drivers/BSP/STM32U575I-EV/stm32u575i_eval_lcd.o
 .ARM.attributes
                0x000000000000041e       0x3a ./Drivers/STM32U5xx_HAL_Driver/Src/stm32u5xx_hal.o
 .ARM.attributes
                0x0000000000000458       0x3a ./Drivers/STM32U5xx_HAL_Driver/Src/stm32u5xx_hal_cortex.o
 .ARM.attributes
                0x0000000000000492       0x3a ./Drivers/STM32U5xx_HAL_Driver/Src/stm32u5xx_hal_dcmi.o
 .ARM.attributes
                0x00000000000004cc       0x3a ./Drivers/STM32U5xx_HAL_Driver/Src/stm32u5xx_hal_dma.o
 .ARM.attributes
                0x0000000000000506       0x3a ./Drivers/STM32U5xx_HAL_Driver/Src/stm32u5xx_hal_dma_ex.o
 .ARM.attributes
                0x0000000000000540       0x3a ./Drivers/STM32U5xx_HAL_Driver/Src/stm32u5xx_hal_gpio.o
 .ARM.attributes
                0x000000000000057a       0x3a ./Drivers/STM32U5xx_HAL_Driver/Src/stm32u5xx_hal_i2c.o
 .ARM.attributes
                0x00000000000005b4       0x3a ./Drivers/STM32U5xx_HAL_Driver/Src/stm32u5xx_hal_i2c_ex.o
 .ARM.attributes
                0x00000000000005ee       0x3a ./Drivers/STM32U5xx_HAL_Driver/Src/stm32u5xx_hal_icache.o
 .ARM.attributes
                0x0000000000000628       0x3a ./Drivers/STM32U5xx_HAL_Driver/Src/stm32u5xx_hal_pwr_ex.o
 .ARM.attributes
                0x0000000000000662       0x3a ./Drivers/STM32U5xx_HAL_Driver/Src/stm32u5xx_hal_rcc.o
 .ARM.attributes
                0x000000000000069c       0x3a ./Drivers/STM32U5xx_HAL_Driver/Src/stm32u5xx_hal_sram.o
 .ARM.attributes
                0x00000000000006d6       0x3a ./Drivers/STM32U5xx_HAL_Driver/Src/stm32u5xx_ll_fmc.o
 .ARM.attributes
                0x0000000000000710       0x38 /opt/st/stm32cubeide_1.12.1/plugins/com.st.stm32cube.ide.mcu.externaltools.gnu-tools-for-stm32.10.3-2021.10.linux64_1.0.200.202301161003/tools/bin/../lib/gcc/arm-none-eabi/10.3.1/../../../../arm-none-eabi/lib/thumb/v8-m.main+fp/hard/libc_nano.a(lib_a-init.o)
 .ARM.attributes
                0x0000000000000748       0x38 /opt/st/stm32cubeide_1.12.1/plugins/com.st.stm32cube.ide.mcu.externaltools.gnu-tools-for-stm32.10.3-2021.10.linux64_1.0.200.202301161003/tools/bin/../lib/gcc/arm-none-eabi/10.3.1/../../../../arm-none-eabi/lib/thumb/v8-m.main+fp/hard/libc_nano.a(lib_a-memset.o)
 .ARM.attributes
                0x0000000000000780       0x22 /opt/st/stm32cubeide_1.12.1/plugins/com.st.stm32cube.ide.mcu.externaltools.gnu-tools-for-stm32.10.3-2021.10.linux64_1.0.200.202301161003/tools/bin/../lib/gcc/arm-none-eabi/10.3.1/thumb/v8-m.main+fp/hard/crtn.o
OUTPUT(DCMI_test_v2.elf elf32-littlearm)
LOAD linker stubs
LOAD /opt/st/stm32cubeide_1.12.1/plugins/com.st.stm32cube.ide.mcu.externaltools.gnu-tools-for-stm32.10.3-2021.10.linux64_1.0.200.202301161003/tools/bin/../lib/gcc/arm-none-eabi/10.3.1/../../../../arm-none-eabi/lib/thumb/v8-m.main+fp/hard/libc.a
LOAD /opt/st/stm32cubeide_1.12.1/plugins/com.st.stm32cube.ide.mcu.externaltools.gnu-tools-for-stm32.10.3-2021.10.linux64_1.0.200.202301161003/tools/bin/../lib/gcc/arm-none-eabi/10.3.1/../../../../arm-none-eabi/lib/thumb/v8-m.main+fp/hard/libm.a
LOAD /opt/st/stm32cubeide_1.12.1/plugins/com.st.stm32cube.ide.mcu.externaltools.gnu-tools-for-stm32.10.3-2021.10.linux64_1.0.200.202301161003/tools/bin/../lib/gcc/arm-none-eabi/10.3.1/thumb/v8-m.main+fp/hard/libgcc.a

.debug_info     0x0000000000000000    0x1e280
 .debug_info    0x0000000000000000      0x4b5 ./Core/Src/linked_list.o
 .debug_info    0x00000000000004b5     0x2438 ./Core/Src/main.o
 .debug_info    0x00000000000028ed     0x132f ./Core/Src/stm32_lcd.o
 .debug_info    0x0000000000003c1c     0x1470 ./Core/Src/stm32u5xx_hal_msp.o
 .debug_info    0x000000000000508c      0x8fd ./Core/Src/stm32u5xx_it.o
 .debug_info    0x0000000000005989      0x8f2 ./Core/Src/system_stm32u5xx.o
 .debug_info    0x000000000000627b       0x22 ./Core/Startup/startup_stm32u575aiixq.o
 .debug_info    0x000000000000629d      0xf1d ./Drivers/BSP/Components/hx8347i/hx8347i.o
 .debug_info    0x00000000000071ba      0x201 ./Drivers/BSP/Components/hx8347i/hx8347i_reg.o
 .debug_info    0x00000000000073bb     0x1bd9 ./Drivers/BSP/Components/mfxstm32l152/mfxstm32l152.o
 .debug_info    0x0000000000008f94      0x1f0 ./Drivers/BSP/Components/mfxstm32l152/mfxstm32l152_reg.o
 .debug_info    0x0000000000009184     0x1161 ./Drivers/BSP/Components/ov5640/ov5640.o
 .debug_info    0x000000000000a2e5      0x1f0 ./Drivers/BSP/Components/ov5640/ov5640_reg.o
 .debug_info    0x000000000000a4d5     0x14a6 ./Drivers/BSP/STM32U575I-EV/stm32u575i_eval.o
 .debug_info    0x000000000000b97b     0x1f68 ./Drivers/BSP/STM32U575I-EV/stm32u575i_eval_bus.o
 .debug_info    0x000000000000d8e3     0x1301 ./Drivers/BSP/STM32U575I-EV/stm32u575i_eval_io.o
 .debug_info    0x000000000000ebe4     0x21f3 ./Drivers/BSP/STM32U575I-EV/stm32u575i_eval_lcd.o
 .debug_info    0x0000000000010dd7     0x1200 ./Drivers/STM32U5xx_HAL_Driver/Src/stm32u5xx_hal.o
 .debug_info    0x0000000000011fd7     0x15bf ./Drivers/STM32U5xx_HAL_Driver/Src/stm32u5xx_hal_cortex.o
 .debug_info    0x0000000000013596      0xdd8 ./Drivers/STM32U5xx_HAL_Driver/Src/stm32u5xx_hal_dcmi.o
 .debug_info    0x000000000001436e      0xb6c ./Drivers/STM32U5xx_HAL_Driver/Src/stm32u5xx_hal_dma.o
 .debug_info    0x0000000000014eda     0x1a58 ./Drivers/STM32U5xx_HAL_Driver/Src/stm32u5xx_hal_dma_ex.o
 .debug_info    0x0000000000016932      0x8e3 ./Drivers/STM32U5xx_HAL_Driver/Src/stm32u5xx_hal_gpio.o
 .debug_info    0x0000000000017215     0x251c ./Drivers/STM32U5xx_HAL_Driver/Src/stm32u5xx_hal_i2c.o
 .debug_info    0x0000000000019731      0xa8c ./Drivers/STM32U5xx_HAL_Driver/Src/stm32u5xx_hal_i2c_ex.o
 .debug_info    0x000000000001a1bd      0x592 ./Drivers/STM32U5xx_HAL_Driver/Src/stm32u5xx_hal_icache.o
 .debug_info    0x000000000001a74f      0xe83 ./Drivers/STM32U5xx_HAL_Driver/Src/stm32u5xx_hal_pwr_ex.o
 .debug_info    0x000000000001b5d2     0x13cd ./Drivers/STM32U5xx_HAL_Driver/Src/stm32u5xx_hal_rcc.o
 .debug_info    0x000000000001c99f     0x1077 ./Drivers/STM32U5xx_HAL_Driver/Src/stm32u5xx_hal_sram.o
 .debug_info    0x000000000001da16      0x86a ./Drivers/STM32U5xx_HAL_Driver/Src/stm32u5xx_ll_fmc.o

.debug_abbrev   0x0000000000000000     0x3d55
 .debug_abbrev  0x0000000000000000      0x121 ./Core/Src/linked_list.o
 .debug_abbrev  0x0000000000000121      0x35c ./Core/Src/main.o
 .debug_abbrev  0x000000000000047d      0x218 ./Core/Src/stm32_lcd.o
 .debug_abbrev  0x0000000000000695      0x249 ./Core/Src/stm32u5xx_hal_msp.o
 .debug_abbrev  0x00000000000008de      0x178 ./Core/Src/stm32u5xx_it.o
 .debug_abbrev  0x0000000000000a56      0x127 ./Core/Src/system_stm32u5xx.o
 .debug_abbrev  0x0000000000000b7d       0x12 ./Core/Startup/startup_stm32u575aiixq.o
 .debug_abbrev  0x0000000000000b8f      0x204 ./Drivers/BSP/Components/hx8347i/hx8347i.o
 .debug_abbrev  0x0000000000000d93       0xda ./Drivers/BSP/Components/hx8347i/hx8347i_reg.o
 .debug_abbrev  0x0000000000000e6d      0x24a ./Drivers/BSP/Components/mfxstm32l152/mfxstm32l152.o
 .debug_abbrev  0x00000000000010b7       0xe9 ./Drivers/BSP/Components/mfxstm32l152/mfxstm32l152_reg.o
 .debug_abbrev  0x00000000000011a0      0x217 ./Drivers/BSP/Components/ov5640/ov5640.o
 .debug_abbrev  0x00000000000013b7       0xe9 ./Drivers/BSP/Components/ov5640/ov5640_reg.o
 .debug_abbrev  0x00000000000014a0      0x2f7 ./Drivers/BSP/STM32U575I-EV/stm32u575i_eval.o
 .debug_abbrev  0x0000000000001797      0x333 ./Drivers/BSP/STM32U575I-EV/stm32u575i_eval_bus.o
 .debug_abbrev  0x0000000000001aca      0x2e9 ./Drivers/BSP/STM32U575I-EV/stm32u575i_eval_io.o
 .debug_abbrev  0x0000000000001db3      0x306 ./Drivers/BSP/STM32U575I-EV/stm32u575i_eval_lcd.o
 .debug_abbrev  0x00000000000020b9      0x285 ./Drivers/STM32U5xx_HAL_Driver/Src/stm32u5xx_hal.o
 .debug_abbrev  0x000000000000233e      0x303 ./Drivers/STM32U5xx_HAL_Driver/Src/stm32u5xx_hal_cortex.o
 .debug_abbrev  0x0000000000002641      0x23b ./Drivers/STM32U5xx_HAL_Driver/Src/stm32u5xx_hal_dcmi.o
 .debug_abbrev  0x000000000000287c      0x1f0 ./Drivers/STM32U5xx_HAL_Driver/Src/stm32u5xx_hal_dma.o
 .debug_abbrev  0x0000000000002a6c      0x20d ./Drivers/STM32U5xx_HAL_Driver/Src/stm32u5xx_hal_dma_ex.o
 .debug_abbrev  0x0000000000002c79      0x246 ./Drivers/STM32U5xx_HAL_Driver/Src/stm32u5xx_hal_gpio.o
 .debug_abbrev  0x0000000000002ebf      0x25c ./Drivers/STM32U5xx_HAL_Driver/Src/stm32u5xx_hal_i2c.o
 .debug_abbrev  0x000000000000311b      0x1b0 ./Drivers/STM32U5xx_HAL_Driver/Src/stm32u5xx_hal_i2c_ex.o
 .debug_abbrev  0x00000000000032cb      0x22f ./Drivers/STM32U5xx_HAL_Driver/Src/stm32u5xx_hal_icache.o
 .debug_abbrev  0x00000000000034fa      0x20d ./Drivers/STM32U5xx_HAL_Driver/Src/stm32u5xx_hal_pwr_ex.o
 .debug_abbrev  0x0000000000003707      0x2b9 ./Drivers/STM32U5xx_HAL_Driver/Src/stm32u5xx_hal_rcc.o
 .debug_abbrev  0x00000000000039c0      0x1ff ./Drivers/STM32U5xx_HAL_Driver/Src/stm32u5xx_hal_sram.o
 .debug_abbrev  0x0000000000003bbf      0x196 ./Drivers/STM32U5xx_HAL_Driver/Src/stm32u5xx_ll_fmc.o

.debug_aranges  0x0000000000000000     0x17c0
 .debug_aranges
                0x0000000000000000       0x20 ./Core/Src/linked_list.o
 .debug_aranges
                0x0000000000000020       0x88 ./Core/Src/main.o
 .debug_aranges
                0x00000000000000a8      0x110 ./Core/Src/stm32_lcd.o
 .debug_aranges
                0x00000000000001b8       0x50 ./Core/Src/stm32u5xx_hal_msp.o
 .debug_aranges
                0x0000000000000208       0x78 ./Core/Src/stm32u5xx_it.o
 .debug_aranges
                0x0000000000000280       0x28 ./Core/Src/system_stm32u5xx.o
 .debug_aranges
                0x00000000000002a8       0x28 ./Core/Startup/startup_stm32u575aiixq.o
 .debug_aranges
                0x00000000000002d0       0xd0 ./Drivers/BSP/Components/hx8347i/hx8347i.o
 .debug_aranges
                0x00000000000003a0       0x28 ./Drivers/BSP/Components/hx8347i/hx8347i_reg.o
 .debug_aranges
                0x00000000000003c8      0x1f8 ./Drivers/BSP/Components/mfxstm32l152/mfxstm32l152.o
 .debug_aranges
                0x00000000000005c0       0x28 ./Drivers/BSP/Components/mfxstm32l152/mfxstm32l152_reg.o
 .debug_aranges
                0x00000000000005e8       0xe8 ./Drivers/BSP/Components/ov5640/ov5640.o
 .debug_aranges
                0x00000000000006d0       0x28 ./Drivers/BSP/Components/ov5640/ov5640_reg.o
 .debug_aranges
                0x00000000000006f8       0xc8 ./Drivers/BSP/STM32U575I-EV/stm32u575i_eval.o
 .debug_aranges
                0x00000000000007c0      0x138 ./Drivers/BSP/STM32U575I-EV/stm32u575i_eval_bus.o
 .debug_aranges
                0x00000000000008f8       0x70 ./Drivers/BSP/STM32U575I-EV/stm32u575i_eval_io.o
 .debug_aranges
                0x0000000000000968       0xf8 ./Drivers/BSP/STM32U575I-EV/stm32u575i_eval_lcd.o
 .debug_aranges
                0x0000000000000a60      0x138 ./Drivers/STM32U5xx_HAL_Driver/Src/stm32u5xx_hal.o
 .debug_aranges
                0x0000000000000b98      0x130 ./Drivers/STM32U5xx_HAL_Driver/Src/stm32u5xx_hal_cortex.o
 .debug_aranges
                0x0000000000000cc8       0xc0 ./Drivers/STM32U5xx_HAL_Driver/Src/stm32u5xx_hal_dcmi.o
 .debug_aranges
                0x0000000000000d88       0xa0 ./Drivers/STM32U5xx_HAL_Driver/Src/stm32u5xx_hal_dma.o
 .debug_aranges
                0x0000000000000e28      0x1a0 ./Drivers/STM32U5xx_HAL_Driver/Src/stm32u5xx_hal_dma_ex.o
 .debug_aranges
                0x0000000000000fc8       0x78 ./Drivers/STM32U5xx_HAL_Driver/Src/stm32u5xx_hal_gpio.o
 .debug_aranges
                0x0000000000001040      0x2a0 ./Drivers/STM32U5xx_HAL_Driver/Src/stm32u5xx_hal_i2c.o
 .debug_aranges
                0x00000000000012e0       0x58 ./Drivers/STM32U5xx_HAL_Driver/Src/stm32u5xx_hal_i2c_ex.o
 .debug_aranges
                0x0000000000001338       0xa8 ./Drivers/STM32U5xx_HAL_Driver/Src/stm32u5xx_hal_icache.o
 .debug_aranges
                0x00000000000013e0      0x200 ./Drivers/STM32U5xx_HAL_Driver/Src/stm32u5xx_hal_pwr_ex.o
 .debug_aranges
                0x00000000000015e0       0xa8 ./Drivers/STM32U5xx_HAL_Driver/Src/stm32u5xx_hal_rcc.o
 .debug_aranges
                0x0000000000001688       0xb8 ./Drivers/STM32U5xx_HAL_Driver/Src/stm32u5xx_hal_sram.o
 .debug_aranges
                0x0000000000001740       0x80 ./Drivers/STM32U5xx_HAL_Driver/Src/stm32u5xx_ll_fmc.o

.debug_ranges   0x0000000000000000     0x1618
 .debug_ranges  0x0000000000000000       0x10 ./Core/Src/linked_list.o
 .debug_ranges  0x0000000000000010       0x78 ./Core/Src/main.o
 .debug_ranges  0x0000000000000088      0x100 ./Core/Src/stm32_lcd.o
 .debug_ranges  0x0000000000000188       0x40 ./Core/Src/stm32u5xx_hal_msp.o
 .debug_ranges  0x00000000000001c8       0x68 ./Core/Src/stm32u5xx_it.o
 .debug_ranges  0x0000000000000230       0x18 ./Core/Src/system_stm32u5xx.o
 .debug_ranges  0x0000000000000248       0x20 ./Core/Startup/startup_stm32u575aiixq.o
 .debug_ranges  0x0000000000000268       0xc0 ./Drivers/BSP/Components/hx8347i/hx8347i.o
 .debug_ranges  0x0000000000000328       0x18 ./Drivers/BSP/Components/hx8347i/hx8347i_reg.o
 .debug_ranges  0x0000000000000340      0x1e8 ./Drivers/BSP/Components/mfxstm32l152/mfxstm32l152.o
 .debug_ranges  0x0000000000000528       0x18 ./Drivers/BSP/Components/mfxstm32l152/mfxstm32l152_reg.o
 .debug_ranges  0x0000000000000540       0xd8 ./Drivers/BSP/Components/ov5640/ov5640.o
 .debug_ranges  0x0000000000000618       0x18 ./Drivers/BSP/Components/ov5640/ov5640_reg.o
 .debug_ranges  0x0000000000000630       0xb8 ./Drivers/BSP/STM32U575I-EV/stm32u575i_eval.o
 .debug_ranges  0x00000000000006e8      0x158 ./Drivers/BSP/STM32U575I-EV/stm32u575i_eval_bus.o
 .debug_ranges  0x0000000000000840       0x60 ./Drivers/BSP/STM32U575I-EV/stm32u575i_eval_io.o
 .debug_ranges  0x00000000000008a0       0xe8 ./Drivers/BSP/STM32U575I-EV/stm32u575i_eval_lcd.o
 .debug_ranges  0x0000000000000988      0x128 ./Drivers/STM32U5xx_HAL_Driver/Src/stm32u5xx_hal.o
 .debug_ranges  0x0000000000000ab0      0x120 ./Drivers/STM32U5xx_HAL_Driver/Src/stm32u5xx_hal_cortex.o
 .debug_ranges  0x0000000000000bd0       0xb0 ./Drivers/STM32U5xx_HAL_Driver/Src/stm32u5xx_hal_dcmi.o
 .debug_ranges  0x0000000000000c80       0x90 ./Drivers/STM32U5xx_HAL_Driver/Src/stm32u5xx_hal_dma.o
 .debug_ranges  0x0000000000000d10      0x190 ./Drivers/STM32U5xx_HAL_Driver/Src/stm32u5xx_hal_dma_ex.o
 .debug_ranges  0x0000000000000ea0       0x68 ./Drivers/STM32U5xx_HAL_Driver/Src/stm32u5xx_hal_gpio.o
 .debug_ranges  0x0000000000000f08      0x290 ./Drivers/STM32U5xx_HAL_Driver/Src/stm32u5xx_hal_i2c.o
 .debug_ranges  0x0000000000001198       0x48 ./Drivers/STM32U5xx_HAL_Driver/Src/stm32u5xx_hal_i2c_ex.o
 .debug_ranges  0x00000000000011e0       0x98 ./Drivers/STM32U5xx_HAL_Driver/Src/stm32u5xx_hal_icache.o
 .debug_ranges  0x0000000000001278      0x1f0 ./Drivers/STM32U5xx_HAL_Driver/Src/stm32u5xx_hal_pwr_ex.o
 .debug_ranges  0x0000000000001468       0x98 ./Drivers/STM32U5xx_HAL_Driver/Src/stm32u5xx_hal_rcc.o
 .debug_ranges  0x0000000000001500       0xa8 ./Drivers/STM32U5xx_HAL_Driver/Src/stm32u5xx_hal_sram.o
 .debug_ranges  0x00000000000015a8       0x70 ./Drivers/STM32U5xx_HAL_Driver/Src/stm32u5xx_ll_fmc.o

.debug_macro    0x0000000000000000    0x34ff2
 .debug_macro   0x0000000000000000      0x383 ./Core/Src/linked_list.o
 .debug_macro   0x0000000000000383      0xa7e ./Core/Src/linked_list.o
 .debug_macro   0x0000000000000e01      0x1ec ./Core/Src/linked_list.o
 .debug_macro   0x0000000000000fed       0x2e ./Core/Src/linked_list.o
 .debug_macro   0x000000000000101b       0x42 ./Core/Src/linked_list.o
 .debug_macro   0x000000000000105d       0x22 ./Core/Src/linked_list.o
 .debug_macro   0x000000000000107f       0x8e ./Core/Src/linked_list.o
 .debug_macro   0x000000000000110d       0x51 ./Core/Src/linked_list.o
 .debug_macro   0x000000000000115e      0x103 ./Core/Src/linked_list.o
 .debug_macro   0x0000000000001261       0x6a ./Core/Src/linked_list.o
 .debug_macro   0x00000000000012cb      0x1df ./Core/Src/linked_list.o
 .debug_macro   0x00000000000014aa       0x1c ./Core/Src/linked_list.o
 .debug_macro   0x00000000000014c6       0x29 ./Core/Src/linked_list.o
 .debug_macro   0x00000000000014ef       0xfb ./Core/Src/linked_list.o
 .debug_macro   0x00000000000015ea     0x1336 ./Core/Src/linked_list.o
 .debug_macro   0x0000000000002920       0x5e ./Core/Src/linked_list.o
 .debug_macro   0x000000000000297e    0x226de ./Core/Src/linked_list.o
 .debug_macro   0x000000000002505c       0x6d ./Core/Src/linked_list.o
 .debug_macro   0x00000000000250c9     0x3882 ./Core/Src/linked_list.o
 .debug_macro   0x000000000002894b      0x174 ./Core/Src/linked_list.o
 .debug_macro   0x0000000000028abf       0x52 ./Core/Src/linked_list.o
 .debug_macro   0x0000000000028b11       0x1e ./Core/Src/linked_list.o
 .debug_macro   0x0000000000028b2f       0x3c ./Core/Src/linked_list.o
 .debug_macro   0x0000000000028b6b       0x34 ./Core/Src/linked_list.o
 .debug_macro   0x0000000000028b9f       0x16 ./Core/Src/linked_list.o
 .debug_macro   0x0000000000028bb5       0x43 ./Core/Src/linked_list.o
 .debug_macro   0x0000000000028bf8       0x34 ./Core/Src/linked_list.o
 .debug_macro   0x0000000000028c2c       0x10 ./Core/Src/linked_list.o
 .debug_macro   0x0000000000028c3c       0x58 ./Core/Src/linked_list.o
 .debug_macro   0x0000000000028c94       0x71 ./Core/Src/linked_list.o
 .debug_macro   0x0000000000028d05       0x1c ./Core/Src/linked_list.o
 .debug_macro   0x0000000000028d21      0x12a ./Core/Src/linked_list.o
 .debug_macro   0x0000000000028e4b      0x341 ./Core/Src/linked_list.o
 .debug_macro   0x000000000002918c      0x19b ./Core/Src/linked_list.o
 .debug_macro   0x0000000000029327       0x5d ./Core/Src/linked_list.o
 .debug_macro   0x0000000000029384     0x1b55 ./Core/Src/linked_list.o
 .debug_macro   0x000000000002aed9      0x7ff ./Core/Src/linked_list.o
 .debug_macro   0x000000000002b6d8      0x15f ./Core/Src/linked_list.o
 .debug_macro   0x000000000002b837      0x29c ./Core/Src/linked_list.o
 .debug_macro   0x000000000002bad3       0xc8 ./Core/Src/linked_list.o
 .debug_macro   0x000000000002bb9b      0x5a5 ./Core/Src/linked_list.o
 .debug_macro   0x000000000002c140      0x432 ./Core/Src/linked_list.o