../Drivers/BSP/STM32U575I-EV/stm32u575i_eval_bus.c:203:9:BSP_I2C2_Init	16	static
../Drivers/BSP/STM32U575I-EV/stm32u575i_eval_bus.c:253:9:BSP_I2C2_DeInit	16	static
../Drivers/BSP/STM32U575I-EV/stm32u575i_eval_bus.c:281:26:MX_I2C2_Init	24	static
../Drivers/BSP/STM32U575I-EV/stm32u575i_eval_bus.c:327:9:BSP_I2C2_WriteReg	40	static
../Drivers/BSP/STM32U575I-EV/stm32u575i_eval_bus.c:366:9:BSP_I2C2_ReadReg	40	static
../Drivers/BSP/STM32U575I-EV/stm32u575i_eval_bus.c:405:9:BSP_I2C2_WriteReg16	40	static
../Drivers/BSP/STM32U575I-EV/stm32u575i_eval_bus.c:444:9:BSP_I2C2_ReadReg16	40	static
../Drivers/BSP/STM32U575I-EV/stm32u575i_eval_bus.c:482:9:BSP_I2C2_Recv	24	static
../Drivers/BSP/STM32U575I-EV/stm32u575i_eval_bus.c:520:9:BSP_I2C2_Send	24	static
../Drivers/BSP/STM32U575I-EV/stm32u575i_eval_bus.c:558:9:BSP_I2C2_IsReady	24	static
../Drivers/BSP/STM32U575I-EV/stm32u575i_eval_bus.c:582:9:BSP_I2C3_Init	16	static
../Drivers/BSP/STM32U575I-EV/stm32u575i_eval_bus.c:632:9:BSP_I2C3_DeInit	16	static
../Drivers/BSP/STM32U575I-EV/stm32u575i_eval_bus.c:660:26:MX_I2C3_Init	24	static
../Drivers/BSP/STM32U575I-EV/stm32u575i_eval_bus.c:706:9:BSP_I2C3_WriteReg	40	static
../Drivers/BSP/STM32U575I-EV/stm32u575i_eval_bus.c:745:9:BSP_I2C3_ReadReg	40	static
../Drivers/BSP/STM32U575I-EV/stm32u575i_eval_bus.c:784:9:BSP_I2C3_WriteReg16	40	static
../Drivers/BSP/STM32U575I-EV/stm32u575i_eval_bus.c:823:9:BSP_I2C3_ReadReg16	40	static
../Drivers/BSP/STM32U575I-EV/stm32u575i_eval_bus.c:861:9:BSP_I2C3_Recv	24	static
../Drivers/BSP/STM32U575I-EV/stm32u575i_eval_bus.c:899:9:BSP_I2C3_Send	24	static
../Drivers/BSP/STM32U575I-EV/stm32u575i_eval_bus.c:937:9:BSP_I2C3_IsReady	24	static
../Drivers/BSP/STM32U575I-EV/stm32u575i_eval_bus.c:960:9:BSP_GetTick	8	static
../Drivers/BSP/STM32U575I-EV/stm32u575i_eval_bus.c:1125:17:I2C_GetTiming	32	static
../Drivers/BSP/STM32U575I-EV/stm32u575i_eval_bus.c:1163:13:I2C_Compute_PRESC_SCLDEL_SDADEL	64	static
../Drivers/BSP/STM32U575I-EV/stm32u575i_eval_bus.c:1248:17:I2C_Compute_SCLL_SCLH	80	static
../Drivers/BSP/STM32U575I-EV/stm32u575i_eval_bus.c:1329:13:I2C2_MspInit	48	static
../Drivers/BSP/STM32U575I-EV/stm32u575i_eval_bus.c:1374:13:I2C2_MspDeInit	40	static
../Drivers/BSP/STM32U575I-EV/stm32u575i_eval_bus.c:1400:16:I2C2_WriteReg	40	static
../Drivers/BSP/STM32U575I-EV/stm32u575i_eval_bus.c:1419:16:I2C2_ReadReg	40	static
../Drivers/BSP/STM32U575I-EV/stm32u575i_eval_bus.c:1436:16:I2C2_Recv	24	static
../Drivers/BSP/STM32U575I-EV/stm32u575i_eval_bus.c:1453:16:I2C2_Send	24	static
../Drivers/BSP/STM32U575I-EV/stm32u575i_eval_bus.c:1468:13:I2C3_MspInit	56	static
../Drivers/BSP/STM32U575I-EV/stm32u575i_eval_bus.c:1518:13:I2C3_MspDeInit	40	static
../Drivers/BSP/STM32U575I-EV/stm32u575i_eval_bus.c:1544:16:I2C3_WriteReg	40	static
../Drivers/BSP/STM32U575I-EV/stm32u575i_eval_bus.c:1563:16:I2C3_ReadReg	40	static
../Drivers/BSP/STM32U575I-EV/stm32u575i_eval_bus.c:1580:16:I2C3_Recv	24	static
../Drivers/BSP/STM32U575I-EV/stm32u575i_eval_bus.c:1597:16:I2C3_Send	24	static
