../Drivers/BSP/STM32U575I-EV/stm32u575i_eval.c:179:9:BSP_GetVersion	4	static
../Drivers/BSP/STM32U575I-EV/stm32u575i_eval.c:188:16:BSP_GetBoardName	4	static
../Drivers/BSP/STM32U575I-EV/stm32u575i_eval.c:197:16:BSP_GetBoardID	4	static
../Drivers/BSP/STM32U575I-EV/stm32u575i_eval.c:212:9:BSP_LED_Init	64	static
../Drivers/BSP/STM32U575I-EV/stm32u575i_eval.c:277:9:BSP_LED_DeInit	56	static
../Drivers/BSP/STM32U575I-EV/stm32u575i_eval.c:326:9:BSP_LED_On	24	static
../Drivers/BSP/STM32U575I-EV/stm32u575i_eval.c:355:9:BSP_LED_Off	24	static
../Drivers/BSP/STM32U575I-EV/stm32u575i_eval.c:384:9:BSP_LED_Toggle	24	static
../Drivers/BSP/STM32U575I-EV/stm32u575i_eval.c:413:9:BSP_LED_GetState	24	static
../Drivers/BSP/STM32U575I-EV/stm32u575i_eval.c:446:9:BSP_PB_Init	48	static
../Drivers/BSP/STM32U575I-EV/stm32u575i_eval.c:509:9:BSP_PB_DeInit	40	static
../Drivers/BSP/STM32U575I-EV/stm32u575i_eval.c:528:9:BSP_PB_GetState	16	static
../Drivers/BSP/STM32U575I-EV/stm32u575i_eval.c:538:6:BSP_PB_IRQHandler	16	static
../Drivers/BSP/STM32U575I-EV/stm32u575i_eval.c:548:13:BSP_PB_Callback	16	static
../Drivers/BSP/STM32U575I-EV/stm32u575i_eval.c:1011:9:BSP_JOY_Init	32	static
../Drivers/BSP/STM32U575I-EV/stm32u575i_eval.c:1081:9:BSP_JOY_DeInit	32	static
../Drivers/BSP/STM32U575I-EV/stm32u575i_eval.c:1132:6:BSP_JOY_IRQHandler	16	static
../Drivers/BSP/STM32U575I-EV/stm32u575i_eval.c:1146:13:BSP_JOY_Callback	16	static
../Drivers/BSP/STM32U575I-EV/stm32u575i_eval.c:1167:9:BSP_JOY_GetState	24	static
../Drivers/BSP/STM32U575I-EV/stm32u575i_eval.c:1251:13:JOY1_EXTI_Callback	16	static
../Drivers/BSP/STM32U575I-EV/stm32u575i_eval.c:1337:13:BUTTON_TAMPER_EXTI_Callback	8	static
../Drivers/BSP/STM32U575I-EV/stm32u575i_eval.c:1346:13:BUTTON_USER_EXTI_Callback	8	static
